08-10 14:38:18.741 D/MtkOmxVenc(  493): [0xb0b7f000] ret 0, wait fence 111 took 10783 us
08-10 14:38:18.745 D/MtkOmxVenc(  493): [0xb0b7f000] AVC EncTime=15145 (us), RGB_2_YUV=0, FrameCount= 17826, buf timestamp=11919059 (11919059492) IsKey(0), Size(812)  Slotbitcount(112008) : in VA=0xB0B485E0, offset=0x00000000, len=12, flags=0x00000010 : out VA=0xAB142000, offset=0x00000000sec:0x0, 0x0, pending=1
08-10 14:38:18.757 D/MtkOmxVenc(  493): [0xb0b7f000] ret 0, wait fence 111 took 12193 us
08-10 14:38:18.762 D/MtkOmxVenc(  493): [0xb0b7f000] AVC EncTime=16895 (us), RGB_2_YUV=0, FrameCount= 17827, buf timestamp=11919075 (11919075260) IsKey(0), Size(798)  Slotbitcount(118392) : in VA=0xB0B48620, offset=0x00000000, len=12, flags=0x00000010 : out VA=0xAACC1000, offset=0x00000000sec:0x0, 0x0, pending=1
08-10 14:38:18.775 D/MtkOmxVenc(  493): [0xb0b7f000] ret 0, wait fence 111 took 12392 us
08-10 14:38:18.779 D/MtkOmxVenc(  493): [0xb0b7f000] AVC EncTime=16927 (us), RGB_2_YUV=0, FrameCount= 17828, buf timestamp=11919092 (11919092475) IsKey(0), Size(786)  Slotbitcount(124680) : in VA=0xB0B48660, offset=0x00000000, len=12, flags=0x00000010 : out VA=0xAA9C1000, offset=0x00000000sec:0x0, 0x0, pending=2
08-10 14:38:18.787 D/WificondControl(  784): Scan result ready event
08-10 14:38:18.788 I/EthernetTracker(  784): interfaceLinkStateChanged, iface: wlan0, up: true
08-10 14:38:18.788 D/EPDG -- [NETMGMT]( 1196): Interface wlan0 link up
08-10 14:38:18.789 D/EPDG -- SIM0 [EpdgSubScription]( 1196): Interface wlan0 link up
08-10 14:38:18.789 D/EPDG -- SIM0 [EpdgSubScription]( 1196): mobileIntfPrefix is rmnet
08-10 14:38:18.789 D/Tethering(  784): interfaceStatusChanged wlan0, true
08-10 14:38:18.789 D/EPDG -- SIM0 [EpdgSubScription]( 1196): Not Mobile Interface. Ignoring Interface State Change Event
08-10 14:38:18.789 D/EPDG -- [NETMGMT]( 1196): Interface wlan0 link up
08-10 14:38:18.790 D/EPDG -- SIM1 [EpdgSubScription]( 1196): Interface wlan0 link up
08-10 14:38:18.790 D/EPDG -- SIM1 [EpdgSubScription]( 1196): mobileIntfPrefix is rmnet
08-10 14:38:18.790 D/EPDG -- SIM1 [EpdgSubScription]( 1196): Not Mobile Interface. Ignoring Interface State Change Event
08-10 14:38:18.790 D/EPDG -- [NETMGMT]( 1196): Interface wlan0 link up
08-10 14:38:18.791 D/EPDG -- SIM1 [EpdgSubScription]( 1196): Interface wlan0 link up
08-10 14:38:18.791 D/EPDG -- SIM1 [EpdgSubScription]( 1196): mobileIntfPrefix is rmnet
08-10 14:38:18.791 D/EPDG -- SIM1 [EpdgSubScription]( 1196): Not Mobile Interface. Ignoring Interface State Change Event
08-10 14:38:18.791 I/netd    (  423): interfaceGetCfg("wlan0") <0.57ms>
08-10 14:38:18.793 D/MtkOmxVenc(  493): [0xb0b7f000] ret 0, wait fence 111 took 13389 us
08-10 14:38:18.795 D/WifiScanningService(  784): singleScanResults: ClientInfo[uid=1000,android.os.Messenger@b38726],Id=162,results=4
08-10 14:38:18.796 D/WifiScanningService(  784): singleScanResults: ClientInfo[uid=1000,android.os.Messenger@b38726],Id=2,results=4
08-10 14:38:18.796 D/WifiScanningService(  784): singleScanResults: ClientInfo[uid=1000,android.os.Messenger@b38726],Id=3,results=4
08-10 14:38:18.798 D/MtkOmxVenc(  493): [0xb0b7f000] AVC EncTime=18594 (us), RGB_2_YUV=0, FrameCount= 17829, buf timestamp=11919109 (11919109159) IsKey(0), Size(803)  Slotbitcount(131104) : in VA=0xB0B486A0, offset=0x00000000, len=12, flags=0x00000010 : out VA=0xAA6C1000, offset=0x00000000sec:0x0, 0x0, pending=2
08-10 14:38:18.800 D/WifiConnectivityManager(  784): AllSingleScanListener onResults: start network selection
08-10 14:38:18.802 D/WifiNetworkSelector(  784): Current connected network: "enemy" , ID: 1
08-10 14:38:18.804 D/WifiNetworkSelector(  784): Current connected network already sufficient. Skip network selection.
08-10 14:38:18.809 D/MtkOmxVenc(  493): [0xb0b7f000] ret 0, wait fence 111 took 10566 us
08-10 14:38:18.813 D/MtkOmxVenc(  493): [0xb0b7f000] AVC EncTime=14963 (us), RGB_2_YUV=0, FrameCount= 17830, buf timestamp=11919126 (11919126836) IsKey(0), Size(806)  Slotbitcount(137552) : in VA=0xB0B486E0, offset=0x00000000, len=12, flags=0x00000010 : out VA=0xAA3C1000, offset=0x00000000sec:0x0, 0x0, pending=2
08-10 14:38:18.824 D/MtkOmxVenc(  493): [0xb0b7f000] ret 0, wait fence 111 took 10696 us
08-10 14:38:18.829 D/MtkOmxVenc(  493): [0xb0b7f000] AVC EncTime=15279 (us), RGB_2_YUV=0, FrameCount= 17831, buf timestamp=11919141 (11919141687) IsKey(0), Size(792)  Slotbitcount(143888) : in VA=0xB0B48720, offset=0x00000000, len=12, flags=0x00000010 : out VA=0xABD18000, offset=0x00000000sec:0x0, 0x0, pending=2
08-10 14:38:18.841 D/MtkOmxVenc(  493): [0xb0b7f000] ret 0, wait fence 111 took 11788 us
08-10 14:38:18.845 D/MtkOmxVenc(  493): [0xb0b7f000] AVC EncTime=16202 (us), RGB_2_YUV=0, FrameCount= 17832, buf timestamp=11919158 (11919158724) IsKey(0), Size(819)  Slotbitcount(150440) : in VA=0xB0B48460, offset=0x00000000, len=12, flags=0x00000010 : out VA=0xABA18000, offset=0x00000000sec:0x0, 0x0, pending=2
08-10 14:38:18.858 D/MtkOmxVenc(  493): [0xb0b7f000] ret 0, wait fence 111 took 12575 us
08-10 14:38:18.863 D/MtkOmxVenc(  493): [0xb0b7f000] AVC EncTime=16882 (us), RGB_2_YUV=0, FrameCount= 17833, buf timestamp=11919175 (11919175164) IsKey(0), Size(830)  Slotbitcount(157080) : in VA=0xB0B484A0, offset=0x00000000, len=12, flags=0x00000010 : out VA=0xAB718000, offset=0x00000000sec:0x0, 0x0, pending=2
08-10 14:38:18.875 D/MtkOmxVenc(  493): [0xb0b7f000] ret 0, wait fence 111 took 10680 us
08-10 14:38:18.880 D/MtkOmxVenc(  493): [0xb0b7f000] AVC EncTime=15352 (us), RGB_2_YUV=0, FrameCount= 17834, buf timestamp=11919191 (11919191944) IsKey(0), Size(851)  Slotbitcount(163888) : in VA=0xB0B484E0, offset=0x00000000, len=12, flags=0x00000010 : out VA=0xAB142000, offset=0x00000000sec:0x0, 0x0, pending=2
08-10 14:38:18.892 D/MtkOmxVenc(  493): [0xb0b7f000] ret 0, wait fence 111 took 11370 us
08-10 14:38:18.896 D/MtkOmxVenc(  493): [0xb0b7f000] AVC EncTime=15724 (us), RGB_2_YUV=0, FrameCount= 17835, buf timestamp=11919209 (11919209089) IsKey(0), Size(783)  Slotbitcount(170152) : in VA=0xB0B48520, offset=0x00000000, len=12, flags=0x00000010 : out VA=0xAACC1000, offset=0x00000000sec:0x0, 0x0, pending=2
08-10 14:38:18.908 D/MtkOmxVenc(  493): [0xb0b7f000] ret 0, wait fence 111 took 11240 us
08-10 14:38:18.912 D/MtkOmxVenc(  493): [0xb0b7f000] AVC EncTime=15905 (us), RGB_2_YUV=0, FrameCount= 17836, buf timestamp=11919225 (11919225359) IsKey(0), Size(869)  Slotbitcount(177104) : in VA=0xB0B48560, offset=0x00000000, len=12, flags=0x00000010 : out VA=0xAA9C1000, offset=0x00000000sec:0x0, 0x0, pending=1
08-10 14:38:18.924 D/MtkOmxVenc(  493): [0xb0b7f000] ret 0, wait fence 111 took 11638 us
08-10 14:38:18.929 D/MtkOmxVenc(  493): [0xb0b7f000] AVC EncTime=16125 (us), RGB_2_YUV=0, FrameCount= 17837, buf timestamp=11919242 (11919242404) IsKey(0), Size(786)  Slotbitcount(183392) : in VA=0xB0B485A0, offset=0x00000000, len=12, flags=0x00000010 : out VA=0xAA6C1000, offset=0x00000000sec:0x0, 0x0, pending=1
08-10 14:38:18.941 D/MtkOmxVenc(  493): [0xb0b7f000] ret 0, wait fence 111 took 11942 us
08-10 14:38:18.949 D/MtkOmxVenc(  493): [0xb0b7f000] AVC EncTime=19672 (us), RGB_2_YUV=0, FrameCount= 17838, buf timestamp=11919259 (11919259050) IsKey(0), Size(864)  Slotbitcount(190304) : in VA=0xB0B485E0, offset=0x00000000, len=12, flags=0x00000010 : out VA=0xAA3C1000, offset=0x00000000sec:0x0, 0x0, pending=2
08-10 14:38:18.963 D/MtkOmxVenc(  493): [0xb0b7f000] AVC EncTime=13581 (us), RGB_2_YUV=0, FrameCount= 17839, buf timestamp=11919275 (11919275344) IsKey(0), Size(795)  Slotbitcount(196664) : in VA=0xB0B48620, offset=0x00000000, len=12, flags=0x00000010 : out VA=0xABD18000, offset=0x00000000sec:0x0, 0x0, pending=2
08-10 14:38:18.974 D/MtkOmxVenc(  493): [0xb0b7f000] ret 0, wait fence 111 took 11334 us
08-10 14:38:18.980 D/MtkOmxVenc(  493): [0xb0b7f000] AVC EncTime=16734 (us), RGB_2_YUV=0, FrameCount= 17840, buf timestamp=11919292 (11919292316) IsKey(0), Size(857)  Slotbitcount(203520) : in VA=0xB0B48660, offset=0x00000000, len=12, flags=0x00000010 : out VA=0xABA18000, offset=0x00000000sec:0x0, 0x0, pending=2
08-10 14:38:18.991 D/MtkOmxVenc(  493): [0xb0b7f000] ret 0, wait fence 111 took 11014 us
08-10 14:38:18.995 D/MtkOmxVenc(  493): [0xb0b7f000] AVC EncTime=15541 (us), RGB_2_YUV=0, FrameCount= 17841, buf timestamp=11919309 (11919309394) IsKey(0), Size(722)  Slotbitcount(209296) : in VA=0xB0B486A0, offset=0x00000000, len=12, flags=0x00000010 : out VA=0xAB718000, offset=0x00000000sec:0x0, 0x0, pending=1
08-10 14:38:19.008 D/MtkOmxVenc(  493): [0xb0b7f000] ret 0, wait fence 111 took 10689 us
08-10 14:38:19.012 D/MtkOmxVenc(  493): [0xb0b7f000] AVC EncTime=15407 (us), RGB_2_YUV=0, FrameCount= 17842, buf timestamp=11919325 (11919325541) IsKey(0), Size(853)  Slotbitcount(216120) : in VA=0xB0B486E0, offset=0x00000000, len=12, flags=0x00000010 : out VA=0xAB142000, offset=0x00000000sec:0x0, 0x0, pending=2
08-10 14:38:19.024 D/MtkOmxVenc(  493): [0xb0b7f000] ret 0, wait fence 111 took 11413 us
08-10 14:38:19.029 D/MtkOmxVenc(  493): [0xb0b7f000] AVC EncTime=16073 (us), RGB_2_YUV=0, FrameCount= 17843, buf timestamp=11919342 (11919342599) IsKey(0), Size(838)  Slotbitcount(222824) : in VA=0xB0B48720, offset=0x00000000, len=12, flags=0x00000010 : out VA=0xAACC1000, offset=0x00000000sec:0x0, 0x0, pending=1
08-10 14:38:19.041 D/MtkOmxVenc(  493): [0xb0b7f000] ret 0, wait fence 111 took 11708 us
08-10 14:38:19.046 D/MtkOmxVenc(  493): [0xb0b7f000] AVC EncTime=16277 (us), RGB_2_YUV=0, FrameCount= 17844, buf timestamp=11919359 (11919359450) IsKey(0), Size(841)  Slotbitcount(229552) : in VA=0xB0B48460, offset=0x00000000, len=12, flags=0x00000010 : out VA=0xAA9C1000, offset=0x00000000sec:0x0, 0x0, pending=2
08-10 14:38:19.058 D/MtkOmxVenc(  493): [0xb0b7f000] ret 0, wait fence 111 took 11831 us
08-10 14:38:19.063 D/MtkOmxVenc(  493): [0xb0b7f000] AVC EncTime=16572 (us), RGB_2_YUV=0, FrameCount= 17845, buf timestamp=11919375 (11919375878) IsKey(0), Size(769)  Slotbitcount(235704) : in VA=0xB0B484A0, offset=0x00000000, len=12, flags=0x00000010 : out VA=0xAA6C1000, offset=0x00000000sec:0x0, 0x0, pending=2
08-10 14:38:19.075 D/MtkOmxVenc(  493): [0xb0b7f000] ret 0, wait fence 111 took 11615 us
08-10 14:38:19.079 D/MtkOmxVenc(  493): [0xb0b7f000] AVC EncTime=16218 (us), RGB_2_YUV=0, FrameCount= 17846, buf timestamp=11919392 (11919392579) IsKey(0), Size(844)  Slotbitcount(242456) : in VA=0xB0B484E0, offset=0x00000000, len=12, flags=0x00000010 : out VA=0xAA3C1000, offset=0x00000000sec:0x0, 0x0, pending=1
08-10 14:38:19.096 D/MtkOmxVenc(  493): [0xb0b7f000] AVC EncTime=14297 (us), RGB_2_YUV=0, FrameCount= 17847, buf timestamp=11919409 (11919409303) IsKey(0), Size(777)  Slotbitcount(248672) : in VA=0xB0B48520, offset=0x00000000, len=12, flags=0x00000010 : out VA=0xABD18000, offset=0x00000000sec:0x0, 0x0, pending=2
08-10 14:38:19.108 D/MtkOmxVenc(  493): [0xb0b7f000] ret 0, wait fence 111 took 11162 us
08-10 14:38:19.112 D/MtkOmxVenc(  493): [0xb0b7f000] AVC EncTime=15717 (us), RGB_2_YUV=0, FrameCount= 17848, buf timestamp=11919425 (11919425435) IsKey(0), Size(819)  Slotbitcount(255224) : in VA=0xB0B48560, offset=0x00000000, len=12, flags=0x00000010 : out VA=0xABA18000, offset=0x00000000sec:0x0, 0x0, pending=2
08-10 14:38:19.125 D/MtkOmxVenc(  493): [0xb0b7f000] ret 0, wait fence 111 took 12040 us
08-10 14:38:19.129 D/MtkOmxVenc(  493): [0xb0b7f000] AVC EncTime=16488 (us), RGB_2_YUV=0, FrameCount= 17849, buf timestamp=11919442 (11919442431) IsKey(0), Size(794)  Slotbitcount(261576) : in VA=0xB0B485A0, offset=0x00000000, len=12, flags=0x00000010 : out VA=0xAB718000, offset=0x00000000sec:0x0, 0x0, pending=2
08-10 14:38:19.141 D/MtkOmxVenc(  493): [0xb0b7f000] ret 0, wait fence 111 took 11538 us
08-10 14:38:19.149 D/MtkOmxVenc(  493): [0xb0b7f000] AVC EncTime=19542 (us), RGB_2_YUV=0, FrameCount= 17850, buf timestamp=11919458 (11919458987) IsKey(0), Size(804)  Slotbitcount(268008) : in VA=0xB0B485E0, offset=0x00000000, len=12, flags=0x00000010 : out VA=0xAB142000, offset=0x00000000sec:0x0, 0x0, pending=2
08-10 14:38:19.162 D/MtkOmxVenc(  493): [0xb0b7f000] AVC EncTime=12654 (us), RGB_2_YUV=0, FrameCount= 17851, buf timestamp=11919476 (11919476003) IsKey(0), Size(816)  Slotbitcount(274536) : in VA=0xB0B48620, offset=0x00000000, len=12, flags=0x00000010 : out VA=0xAACC1000, offset=0x00000000sec:0x0, 0x0, pending=2
08-10 14:38:19.175 D/MtkOmxVenc(  493): [0xb0b7f000] ret 0, wait fence 111 took 11340 us
08-10 14:38:19.183 D/MtkOmxVenc(  493): [0xb0b7f000] AVC EncTime=19331 (us), RGB_2_YUV=0, FrameCount= 17852, buf timestamp=11919492 (11919492054) IsKey(0), Size(799)  Slotbitcount(280928) : in VA=0xB0B48660, offset=0x00000000, len=12, flags=0x00000010 : out VA=0xAA9C1000, offset=0x00000000sec:0x0, 0x0, pending=2
08-10 14:38:19.200 D/MtkOmxVenc(  493): [0xb0b7f000] AVC EncTime=16795 (us), RGB_2_YUV=0, FrameCount= 17853, buf timestamp=11919509 (11919509005) IsKey(0), Size(791)  Slotbitcount(287256) : in VA=0xB0B486A0, offset=0x00000000, len=12, flags=0x00000010 : out VA=0xAA6C1000, offset=0x00000000sec:0x0, 0x0, pending=2
08-10 14:38:19.212 D/MtkOmxVenc(  493): [0xb0b7f000] AVC EncTime=12256 (us), RGB_2_YUV=0, FrameCount= 17854, buf timestamp=11919525 (11919525716) IsKey(0), Size(580)  Slotbitcount(291896) : in VA=0xB0B486E0, offset=0x00000000, len=12, flags=0x00000010 : out VA=0xAA3C1000, offset=0x00000000sec:0x0, 0x0, pending=2
08-10 14:38:19.224 D/MtkOmxVenc(  493): [0xb0b7f000] ret 0, wait fence 111 took 11841 us
08-10 14:38:19.229 D/MtkOmxVenc(  493): [0xb0b7f000] AVC EncTime=16514 (us), RGB_2_YUV=0, FrameCount= 17855, buf timestamp=11919541 (11919541773) IsKey(0), Size(866)  Slotbitcount(298824) : in VA=0xB0B48720, offset=0x00000000, len=12, flags=0x00000010 : out VA=0xABD18000, offset=0x00000000sec:0x0, 0x0, pending=1
08-10 14:38:19.242 D/MtkOmxVenc(  493): [0xb0b7f000] ret 0, wait fence 111 took 10851 us
08-10 14:38:19.245 D/NetworkController.MobileSignalController(3)(  992): getMobileIconGroup(): 13
08-10 14:38:19.248 D/MtkOmxVenc(  493): [0xb0b7f000] AVC EncTime=16963 (us), RGB_2_YUV=0, FrameCount= 17856, buf timestamp=11919559 (11919559379) IsKey(0), Size(621)  Slotbitcount(303792) : in VA=0xB0B48460, offset=0x00000000, len=12, flags=0x00000010 : out VA=0xABA18000, offset=0x00000000sec:0x0, 0x0, pending=2
08-10 14:38:19.262 D/MtkOmxVenc(  493): [0xb0b7f000] AVC EncTime=13764 (us), RGB_2_YUV=0, FrameCount= 17857, buf timestamp=11919575 (11919575726) IsKey(0), Size(744)  Slotbitcount(309744) : in VA=0xB0B484A0, offset=0x00000000, len=12, flags=0x00000010 : out VA=0xAB718000, offset=0x00000000sec:0x0, 0x0, pending=1
08-10 14:38:19.274 D/MtkOmxVenc(  493): [0xb0b7f000] ret 0, wait fence 111 took 12332 us
08-10 14:38:19.282 D/MtkOmxVenc(  493): [0xb0b7f000] AVC EncTime=20371 (us), RGB_2_YUV=0, FrameCount= 17858, buf timestamp=11919592 (11919592023) IsKey(0), Size(662)  Slotbitcount(315040) : in VA=0xB0B484E0, offset=0x00000000, len=12, flags=0x00000010 : out VA=0xAB142000, offset=0x00000000sec:0x0, 0x0, pending=2
08-10 14:38:19.296 D/MtkOmxVenc(  493): [0xb0b7f000] AVC EncTime=13257 (us), RGB_2_YUV=0, FrameCount= 17859, buf timestamp=11919608 (11919608908) IsKey(0), Size(856)  Slotbitcount(321888) : in VA=0xB0B48520, offset=0x00000000, len=12, flags=0x00000010 : out VA=0xAACC1000, offset=0x00000000sec:0x0, 0x0, pending=2
08-10 14:38:19.308 D/MtkOmxVenc(  493): [0xb0b7f000] ret 0, wait fence 111 took 11117 us
08-10 14:38:19.313 D/MtkOmxVenc(  493): [0xb0b7f000] AVC EncTime=16384 (us), RGB_2_YUV=0, FrameCount= 17860, buf timestamp=11919625 (11919625584) IsKey(0), Size(583)  Slotbitcount(326552) : in VA=0xB0B48560, offset=0x00000000, len=12, flags=0x00000010 : out VA=0xAA9C1000, offset=0x00000000sec:0x0, 0x0, pending=2
08-10 14:38:19.325 D/MtkOmxVenc(  493): [0xb0b7f000] ret 0, wait fence 111 took 11373 us
08-10 14:38:19.329 D/MtkOmxVenc(  493): [0xb0b7f000] AVC EncTime=15702 (us), RGB_2_YUV=0, FrameCount= 17861, buf timestamp=11919642 (11919642126) IsKey(0), Size(622)  Slotbitcount(331528) : in VA=0xB0B485A0, offset=0x00000000, len=12, flags=0x00000010 : out VA=0xAA6C1000, offset=0x00000000sec:0x0, 0x0, pending=2
08-10 14:38:19.341 D/MtkOmxVenc(  493): [0xb0b7f000] ret 0, wait fence 111 took 11724 us
08-10 14:38:19.349 D/MtkOmxVenc(  493): [0xb0b7f000] AVC EncTime=20010 (us), RGB_2_YUV=0, FrameCount= 17862, buf timestamp=11919658 (11919658352) IsKey(0), Size(773)  Slotbitcount(337712) : in VA=0xB0B485E0, offset=0x00000000, len=12, flags=0x00000010 : out VA=0xAA3C1000, offset=0x00000000sec:0x0, 0x0, pending=2
08-10 14:38:19.365 D/MtkOmxVenc(  493): [0xb0b7f000] AVC EncTime=15933 (us), RGB_2_YUV=0, FrameCount= 17863, buf timestamp=11919675 (11919675868) IsKey(0), Size(639)  Slotbitcount(342824) : in VA=0xB0B48620, offset=0x00000000, len=12, flags=0x00000010 : out VA=0xABD18000, offset=0x00000000sec:0x0, 0x0, pending=2
08-10 14:38:19.379 D/MtkOmxVenc(  493): [0xb0b7f000] AVC EncTime=13712 (us), RGB_2_YUV=0, FrameCount= 17864, buf timestamp=11919692 (11919692225) IsKey(0), Size(583)  Slotbitcount(347488) : in VA=0xB0B48660, offset=0x00000000, len=12, flags=0x00000010 : out VA=0xABA18000, offset=0x00000000sec:0x0, 0x0, pending=2
08-10 14:38:19.391 D/MtkOmxVenc(  493): [0xb0b7f000] ret 0, wait fence 111 took 10409 us
08-10 14:38:19.396 D/MtkOmxVenc(  493): [0xb0b7f000] AVC EncTime=15566 (us), RGB_2_YUV=0, FrameCount= 17865, buf timestamp=11919708 (11919708156) IsKey(0), Size(582)  Slotbitcount(352144) : in VA=0xB0B486A0, offset=0x00000000, len=12, flags=0x00000010 : out VA=0xAB718000, offset=0x00000000sec:0x0, 0x0, pending=2
08-10 14:38:19.407 D/MtkOmxVenc(  493): [0xb0b7f000] ret 0, wait fence 111 took 11306 us
08-10 14:38:19.412 D/MtkOmxVenc(  493): [0xb0b7f000] AVC EncTime=15922 (us), RGB_2_YUV=0, FrameCount= 17866, buf timestamp=11919724 (11919724932) IsKey(0), Size(762)  Slotbitcount(358240) : in VA=0xB0B486E0, offset=0x00000000, len=12, flags=0x00000010 : out VA=0xAB142000, offset=0x00000000sec:0x0, 0x0, pending=1
08-10 14:38:19.424 D/MtkOmxVenc(  493): [0xb0b7f000] ret 0, wait fence 111 took 11860 us
08-10 14:38:19.432 D/MtkOmxVenc(  493): [0xb0b7f000] AVC EncTime=19282 (us), RGB_2_YUV=0, FrameCount= 17867, buf timestamp=11919742 (11919742376) IsKey(0), Size(582)  Slotbitcount(362896) : in VA=0xB0B48720, offset=0x00000000, len=12, flags=0x00000010 : out VA=0xAACC1000, offset=0x00000000sec:0x0, 0x0, pending=2
08-10 14:38:19.444 I/hwcomposer(  435): [HWCDisplay] [Display_2 (type:2)] fps:60.044102,dur:1015.92,max:17.98,min:15.02  
08-10 14:38:19.446 D/MtkOmxVenc(  493): [0xb0b7f000] AVC EncTime=13845 (us), RGB_2_YUV=0, FrameCount= 17868, buf timestamp=11919758 (11919758353) IsKey(0), Size(583)  Slotbitcount(367560) : in VA=0xB0B48460, offset=0x00000000, len=12, flags=0x00000010 : out VA=0xAA9C1000, offset=0x00000000sec:0x0, 0x0, pending=1
08-10 14:38:19.447 I/hwcomposer(  435): [HWCDisplay] [Display_0 (type:1)] fps:60.037510,dur:1016.03,max:18.10,min:14.36  
08-10 14:38:19.457 D/MtkOmxVenc(  493): [0xb0b7f000] ret 0, wait fence 111 took 10386 us
08-10 14:38:19.462 D/MtkOmxVenc(  493): [0xb0b7f000] AVC EncTime=14800 (us), RGB_2_YUV=0, FrameCount= 17869, buf timestamp=11919775 (11919775817) IsKey(0), Size(582)  Slotbitcount(4656) : in VA=0xB0B484A0, offset=0x00000000, len=12, flags=0x00000010 : out VA=0xAA6C1000, offset=0x00000000sec:0x0, 0x0, pending=2
08-10 14:38:19.473 D/MtkOmxVenc(  493): [0xb0b7f000] ret 0, wait fence 111 took 11560 us
08-10 14:38:19.478 D/MtkOmxVenc(  493): [0xb0b7f000] AVC EncTime=15742 (us), RGB_2_YUV=0, FrameCount= 17870, buf timestamp=11919791 (11919791425) IsKey(0), Size(583)  Slotbitcount(9320) : in VA=0xB0B484E0, offset=0x00000000, len=12, flags=0x00000010 : out VA=0xAA3C1000, offset=0x00000000sec:0x0, 0x0, pending=1
08-10 14:38:19.500 D/MtkOmxVenc(  493): [0xb0b7f000] AVC EncTime=4280 (us), RGB_2_YUV=0, FrameCount= 17871, buf timestamp=11919824 (11919824425) IsKey(0), Size(582)  Slotbitcount(13976) : in VA=0xB0B48520, offset=0x00000000, len=12, flags=0x00000010 : out VA=0xABD18000, offset=0x00000000sec:0x0, 0x0, pending=1
08-10 14:38:19.533 D/MtkOmxVenc(  493): [0xb0b7f000] AVC EncTime=4257 (us), RGB_2_YUV=0, FrameCount= 17872, buf timestamp=11919857 (11919857425) IsKey(0), Size(583)  Slotbitcount(18640) : in VA=0xB0B48560, offset=0x00000000, len=12, flags=0x00000010 : out VA=0xABA18000, offset=0x00000000sec:0x0, 0x0, pending=1
08-10 14:38:19.567 D/MtkOmxVenc(  493): [0xb0b7f000] AVC EncTime=4266 (us), RGB_2_YUV=0, FrameCount= 17873, buf timestamp=11919890 (11919890425) IsKey(0), Size(582)  Slotbitcount(23296) : in VA=0xB0B485A0, offset=0x00000000, len=12, flags=0x00000010 : out VA=0xAB718000, offset=0x00000000sec:0x0, 0x0, pending=1
08-10 14:38:19.600 D/MtkOmxVenc(  493): [0xb0b7f000] AVC EncTime=4283 (us), RGB_2_YUV=0, FrameCount= 17874, buf timestamp=11919923 (11919923425) IsKey(0), Size(588)  Slotbitcount(28000) : in VA=0xB0B485E0, offset=0x00000000, len=12, flags=0x00000010 : out VA=0xAB142000, offset=0x00000000sec:0x0, 0x0, pending=1
08-10 14:38:19.633 D/MtkOmxVenc(  493): [0xb0b7f000] AVC EncTime=4284 (us), RGB_2_YUV=0, FrameCount= 17875, buf timestamp=11919956 (11919956425) IsKey(0), Size(587)  Slotbitcount(32696) : in VA=0xB0B48620, offset=0x00000000, len=12, flags=0x00000010 : out VA=0xAACC1000, offset=0x00000000sec:0x0, 0x0, pending=1
08-10 14:38:19.667 D/MtkOmxVenc(  493): [0xb0b7f000] AVC EncTime=4295 (us), RGB_2_YUV=0, FrameCount= 17876, buf timestamp=11919989 (11919989425) IsKey(0), Size(588)  Slotbitcount(37400) : in VA=0xB0B48660, offset=0x00000000, len=12, flags=0x00000010 : out VA=0xAA9C1000, offset=0x00000000sec:0x0, 0x0, pending=1
08-10 14:38:19.700 D/MtkOmxVenc(  493): [0xb0b7f000] AVC EncTime=4280 (us), RGB_2_YUV=0, FrameCount= 17877, buf timestamp=11920022 (11920022425) IsKey(0), Size(587)  Slotbitcount(42096) : in VA=0xB0B486A0, offset=0x00000000, len=12, flags=0x00000010 : out VA=0xAA6C1000, offset=0x00000000sec:0x0, 0x0, pending=1
08-10 14:38:19.734 D/MtkOmxVenc(  493): [0xb0b7f000] AVC EncTime=4309 (us), RGB_2_YUV=0, FrameCount= 17878, buf timestamp=11920055 (11920055425) IsKey(0), Size(588)  Slotbitcount(46800) : in VA=0xB0B486E0, offset=0x00000000, len=12, flags=0x00000010 : out VA=0xAA3C1000, offset=0x00000000sec:0x0, 0x0, pending=1
08-10 14:38:19.767 D/MtkOmxVenc(  493): [0xb0b7f000] AVC EncTime=4310 (us), RGB_2_YUV=0, FrameCount= 17879, buf timestamp=11920088 (11920088425) IsKey(0), Size(587)  Slotbitcount(51496) : in VA=0xB0B48720, offset=0x00000000, len=12, flags=0x00000010 : out VA=0xABD18000, offset=0x00000000sec:0x0, 0x0, pending=1
08-10 14:38:19.801 D/MtkOmxVenc(  493): [0xb0b7f000] AVC EncTime=4301 (us), RGB_2_YUV=0, FrameCount= 17880, buf timestamp=11920121 (11920121425) IsKey(0), Size(588)  Slotbitcount(56200) : in VA=0xB0B48460, offset=0x00000000, len=12, flags=0x00000010 : out VA=0xABA18000, offset=0x00000000sec:0x0, 0x0, pending=1
08-10 14:38:20.283 D/io_stats(  360): !@ 179,0 r 512229 11198179 w 155583 3698676 d 51101 2481992 f 139764 179398 iot 369553 326945 th 51200 0 0 pt 0 inp 0 0 11920.613
08-10 14:38:20.480 D/osal_utils(  493): ## CPU OPP MASK OFF (Video)
08-10 14:38:20.523 D/NetworkController.MobileSignalController(3)(  992): getMobileIconGroup(): 13
08-10 14:38:20.884 E/WifiVendorHal(  784): getWifiLinkLayerStats_1_3_Internal(l.930) failed {.code = ERROR_NOT_SUPPORTED, .description = }
08-10 14:38:21.802 D/NetworkController.MobileSignalController(3)(  992): getMobileIconGroup(): 13
08-10 14:38:21.903 D/NetworkController.MobileSignalController(4)(  992): getMobileIconGroup(): 13
08-10 14:38:23.154 D/EPDG -- [NETMGMT]( 1196): Interface Data activity changed : label: 1 : active: true
08-10 14:38:23.155 D/EPDG -- [NETMGMT]( 1196): Interface Data activity changed : label: 1 : active: true
08-10 14:38:23.155 D/EPDG -- [NETMGMT]( 1196): Interface Data activity changed : label: 1 : active: true
08-10 14:38:23.182 D/NetworkController.MobileSignalController(4)(  992): getMobileIconGroup(): 13
08-10 14:38:23.426 I/hwcomposer(  435): [HWCDisplay] [Display_2 (type:2)] fps:0.502333,dur:3981.42,max:3965.45,min:15.98  
08-10 14:38:23.429 I/hwcomposer(  435): [HWCDisplay] [Display_0 (type:1)] fps:0.502263,dur:3981.98,max:3966.45,min:15.53  
08-10 14:38:23.450 D/MtkOmxVenc(  493): [0xb0b7f000] ret 0, wait fence 111 took 22662 us
08-10 14:38:23.455 E/VDO_LOG (  493): [tid: 10903][ERROR] H264_EncodeFrame Is Key check fail!!
08-10 14:38:23.455 D/MtkOmxVenc(  493): [0xb0b7f000] AVC EncTime=27932 (us), RGB_2_YUV=0, FrameCount= 17881, buf timestamp=11923757 (11923757220) IsKey(1), Size(582)  Slotbitcount(4656) : in VA=0xB0B484A0, offset=0x00000000, len=12, flags=0x00000010 : out VA=0xAB718000, offset=0x00000000sec:0x0, 0x0, pending=2
08-10 14:38:23.462 E/VDO_LOG (  493): adjustFrameRate: last frameInterval =3635795.00
08-10 14:38:23.467 D/MtkOmxVenc(  493): [0xb0b7f000] AVC EncTime=11382 (us), RGB_2_YUV=0, FrameCount= 17882, buf timestamp=11923773 (11923773556) IsKey(0), Size(583)  Slotbitcount(9320) : in VA=0xB0B484E0, offset=0x00000000, len=12, flags=0x00000010 : out VA=0xAB142000, offset=0x00000000sec:0x0, 0x0, pending=2
08-10 14:38:23.480 D/MtkOmxVenc(  493): [0xb0b7f000] AVC EncTime=12355 (us), RGB_2_YUV=0, FrameCount= 17883, buf timestamp=11923791 (11923791624) IsKey(0), Size(582)  Slotbitcount(13976) : in VA=0xB0B48520, offset=0x00000000, len=12, flags=0x00000010 : out VA=0xAACC1000, offset=0x00000000sec:0x0, 0x0, pending=2
08-10 14:38:23.481 D/osal_utils(  493): ## CPU OPP MASK ON (Video)
08-10 14:38:23.493 D/MtkOmxVenc(  493): [0xb0b7f000] AVC EncTime=13097 (us), RGB_2_YUV=0, FrameCount= 17884, buf timestamp=11923806 (11923806855) IsKey(0), Size(583)  Slotbitcount(18640) : in VA=0xB0B48560, offset=0x00000000, len=12, flags=0x00000010 : out VA=0xAA9C1000, offset=0x00000000sec:0x0, 0x0, pending=2
08-10 14:38:23.508 D/MtkOmxVenc(  493): [0xb0b7f000] ret 0, wait fence 111 took 14326 us
08-10 14:38:23.512 D/MtkOmxVenc(  493): [0xb0b7f000] AVC EncTime=18699 (us), RGB_2_YUV=0, FrameCount= 17885, buf timestamp=11923823 (11923823119) IsKey(0), Size(582)  Slotbitcount(23296) : in VA=0xB0B485A0, offset=0x00000000, len=12, flags=0x00000010 : out VA=0xAA6C1000, offset=0x00000000sec:0x0, 0x0, pending=2
08-10 14:38:23.527 D/MtkOmxVenc(  493): [0xb0b7f000] AVC EncTime=14824 (us), RGB_2_YUV=0, FrameCount= 17886, buf timestamp=11923839 (11923839527) IsKey(0), Size(635)  Slotbitcount(28376) : in VA=0xB0B485E0, offset=0x00000000, len=12, flags=0x00000010 : out VA=0xAA3C1000, offset=0x00000000sec:0x0, 0x0, pending=2
08-10 14:38:23.538 D/MtkOmxVenc(  493): [0xb0b7f000] ret 0, wait fence 111 took 11039 us
08-10 14:38:23.543 D/MtkOmxVenc(  493): [0xb0b7f000] AVC EncTime=15923 (us), RGB_2_YUV=0, FrameCount= 17887, buf timestamp=11923857 (11923857034) IsKey(0), Size(582)  Slotbitcount(33032) : in VA=0xB0B48620, offset=0x00000000, len=12, flags=0x00000010 : out VA=0xABD18000, offset=0x00000000sec:0x0, 0x0, pending=2
08-10 14:38:23.555 D/MtkOmxVenc(  493): [0xb0b7f000] ret 0, wait fence 111 took 11923 us
08-10 14:38:23.560 D/MtkOmxVenc(  493): [0xb0b7f000] AVC EncTime=16246 (us), RGB_2_YUV=0, FrameCount= 17888, buf timestamp=11923873 (11923873243) IsKey(0), Size(745)  Slotbitcount(38992) : in VA=0xB0B48660, offset=0x00000000, len=12, flags=0x00000010 : out VA=0xABA18000, offset=0x00000000sec:0x0, 0x0, pending=2
08-10 14:38:23.572 D/MtkOmxVenc(  493): [0xb0b7f000] ret 0, wait fence 111 took 11826 us
08-10 14:38:23.576 D/MtkOmxVenc(  493): [0xb0b7f000] AVC EncTime=16249 (us), RGB_2_YUV=0, FrameCount= 17889, buf timestamp=11923889 (11923889507) IsKey(0), Size(719)  Slotbitcount(44744) : in VA=0xB0B486A0, offset=0x00000000, len=12, flags=0x00000010 : out VA=0xAB718000, offset=0x00000000sec:0x0, 0x0, pending=1
08-10 14:38:23.593 D/MtkOmxVenc(  493): [0xb0b7f000] AVC EncTime=14261 (us), RGB_2_YUV=0, FrameCount= 17890, buf timestamp=11923906 (11923906547) IsKey(0), Size(583)  Slotbitcount(49408) : in VA=0xB0B486E0, offset=0x00000000, len=12, flags=0x00000010 : out VA=0xAB142000, offset=0x00000000sec:0x0, 0x0, pending=2
08-10 14:38:23.606 D/MtkOmxVenc(  493): [0xb0b7f000] ret 0, wait fence 111 took 11991 us
08-10 14:38:23.610 D/MtkOmxVenc(  493): [0xb0b7f000] AVC EncTime=16624 (us), RGB_2_YUV=0, FrameCount= 17891, buf timestamp=11923923 (11923923189) IsKey(0), Size(683)  Slotbitcount(54872) : in VA=0xB0B48720, offset=0x00000000, len=12, flags=0x00000010 : out VA=0xAACC1000, offset=0x00000000sec:0x0, 0x0, pending=2
08-10 14:38:23.622 D/MtkOmxVenc(  493): [0xb0b7f000] ret 0, wait fence 111 took 11238 us
08-10 14:38:23.627 D/MtkOmxVenc(  493): [0xb0b7f000] AVC EncTime=16689 (us), RGB_2_YUV=0, FrameCount= 17892, buf timestamp=11923939 (11923939929) IsKey(0), Size(733)  Slotbitcount(60736) : in VA=0xB0B48460, offset=0x00000000, len=12, flags=0x00000010 : out VA=0xAA9C1000, offset=0x00000000sec:0x0, 0x0, pending=2
08-10 14:38:23.638 D/MtkOmxVenc(  493): [0xb0b7f000] ret 0, wait fence 111 took 11051 us
08-10 14:38:23.643 D/MtkOmxVenc(  493): [0xb0b7f000] AVC EncTime=15550 (us), RGB_2_YUV=0, FrameCount= 17893, buf timestamp=11923956 (11923956787) IsKey(0), Size(825)  Slotbitcount(67336) : in VA=0xB0B484A0, offset=0x00000000, len=12, flags=0x00000010 : out VA=0xAA6C1000, offset=0x00000000sec:0x0, 0x0, pending=1
08-10 14:38:23.656 D/MtkOmxVenc(  493): [0xb0b7f000] ret 0, wait fence 111 took 12107 us
08-10 14:38:23.660 D/MtkOmxVenc(  493): [0xb0b7f000] AVC EncTime=16732 (us), RGB_2_YUV=0, FrameCount= 17894, buf timestamp=11923973 (11923973578) IsKey(0), Size(639)  Slotbitcount(72448) : in VA=0xB0B484E0, offset=0x00000000, len=12, flags=0x00000010 : out VA=0xAA3C1000, offset=0x00000000sec:0x0, 0x0, pending=2
08-10 14:38:23.672 D/MtkOmxVenc(  493): [0xb0b7f000] ret 0, wait fence 111 took 10962 us
08-10 14:38:23.680 D/MtkOmxVenc(  493): [0xb0b7f000] AVC EncTime=18896 (us), RGB_2_YUV=0, FrameCount= 17895, buf timestamp=11923989 (11923989798) IsKey(0), Size(746)  Slotbitcount(78416) : in VA=0xB0B48520, offset=0x00000000, len=12, flags=0x00000010 : out VA=0xABD18000, offset=0x00000000sec:0x0, 0x0, pending=2
08-10 14:38:23.693 D/MtkOmxVenc(  493): [0xb0b7f000] AVC EncTime=13052 (us), RGB_2_YUV=0, FrameCount= 17896, buf timestamp=11924006 (11924006752) IsKey(0), Size(793)  Slotbitcount(84760) : in VA=0xB0B48560, offset=0x00000000, len=12, flags=0x00000010 : out VA=0xABA18000, offset=0x00000000sec:0x0, 0x0, pending=2
08-10 14:38:23.705 D/MtkOmxVenc(  493): [0xb0b7f000] ret 0, wait fence 111 took 11792 us
08-10 14:38:23.710 D/MtkOmxVenc(  493): [0xb0b7f000] AVC EncTime=16357 (us), RGB_2_YUV=0, FrameCount= 17897, buf timestamp=11924023 (11924023214) IsKey(0), Size(651)  Slotbitcount(89968) : in VA=0xB0B485A0, offset=0x00000000, len=12, flags=0x00000010 : out VA=0xAB718000, offset=0x00000000sec:0x0, 0x0, pending=1
08-10 14:38:23.722 D/MtkOmxVenc(  493): [0xb0b7f000] ret 0, wait fence 111 took 12011 us
08-10 14:38:23.727 D/MtkOmxVenc(  493): [0xb0b7f000] AVC EncTime=16533 (us), RGB_2_YUV=0, FrameCount= 17898, buf timestamp=11924040 (11924040015) IsKey(0), Size(833)  Slotbitcount(96632) : in VA=0xB0B485E0, offset=0x00000000, len=12, flags=0x00000010 : out VA=0xAB142000, offset=0x00000000sec:0x0, 0x0, pending=2
08-10 14:38:23.738 D/MtkOmxVenc(  493): [0xb0b7f000] ret 0, wait fence 111 took 11731 us
08-10 14:38:23.744 D/MtkOmxVenc(  493): [0xb0b7f000] AVC EncTime=16934 (us), RGB_2_YUV=0, FrameCount= 17899, buf timestamp=11924056 (11924056286) IsKey(0), Size(813)  Slotbitcount(103136) : in VA=0xB0B48620, offset=0x00000000, len=12, flags=0x00000010 : out VA=0xAACC1000, offset=0x00000000sec:0x0, 0x0, pending=2
08-10 14:38:23.755 D/MtkOmxVenc(  493): [0xb0b7f000] ret 0, wait fence 111 took 11470 us
08-10 14:38:23.760 D/MtkOmxVenc(  493): [0xb0b7f000] AVC EncTime=16021 (us), RGB_2_YUV=0, FrameCount= 17900, buf timestamp=11924073 (11924073512) IsKey(0), Size(590)  Slotbitcount(107856) : in VA=0xB0B48660, offset=0x00000000, len=12, flags=0x00000010 : out VA=0xAA9C1000, offset=0x00000000sec:0x0, 0x0, pending=1
08-10 14:38:23.772 D/MtkOmxVenc(  493): [0xb0b7f000] ret 0, wait fence 111 took 11658 us
08-10 14:38:23.776 D/MtkOmxVenc(  493): [0xb0b7f000] AVC EncTime=15948 (us), RGB_2_YUV=0, FrameCount= 17901, buf timestamp=11924090 (11924090200) IsKey(0), Size(848)  Slotbitcount(114640) : in VA=0xB0B486A0, offset=0x00000000, len=12, flags=0x00000010 : out VA=0xAA6C1000, offset=0x00000000sec:0x0, 0x0, pending=2
08-10 14:38:23.788 D/MtkOmxVenc(  493): [0xb0b7f000] ret 0, wait fence 111 took 11835 us
08-10 14:38:23.793 D/MtkOmxVenc(  493): [0xb0b7f000] AVC EncTime=16846 (us), RGB_2_YUV=0, FrameCount= 17902, buf timestamp=11924105 (11924105959) IsKey(0), Size(820)  Slotbitcount(121200) : in VA=0xB0B486E0, offset=0x00000000, len=12, flags=0x00000010 : out VA=0xAA3C1000, offset=0x00000000sec:0x0, 0x0, pending=2
08-10 14:38:23.805 D/MtkOmxVenc(  493): [0xb0b7f000] ret 0, wait fence 111 took 12035 us
08-10 14:38:23.810 D/MtkOmxVenc(  493): [0xb0b7f000] AVC EncTime=16374 (us), RGB_2_YUV=0, FrameCount= 17903, buf timestamp=11924123 (11924123196) IsKey(0), Size(812)  Slotbitcount(127696) : in VA=0xB0B48720, offset=0x00000000, len=12, flags=0x00000010 : out VA=0xABD18000, offset=0x00000000sec:0x0, 0x0, pending=2
08-10 14:38:23.822 D/MtkOmxVenc(  493): [0xb0b7f000] ret 0, wait fence 111 took 11519 us
08-10 14:38:23.826 D/MtkOmxVenc(  493): [0xb0b7f000] AVC EncTime=15993 (us), RGB_2_YUV=0, FrameCount= 17904, buf timestamp=11924139 (11924139731) IsKey(0), Size(777)  Slotbitcount(133912) : in VA=0xB0B48460, offset=0x00000000, len=12, flags=0x00000010 : out VA=0xABA18000, offset=0x00000000sec:0x0, 0x0, pending=1
08-10 14:38:23.839 D/MtkOmxVenc(  493): [0xb0b7f000] ret 0, wait fence 111 took 12331 us
08-10 14:38:23.843 D/MtkOmxVenc(  493): [0xb0b7f000] AVC EncTime=16795 (us), RGB_2_YUV=0, FrameCount= 17905, buf timestamp=11924156 (11924156311) IsKey(0), Size(853)  Slotbitcount(140736) : in VA=0xB0B484A0, offset=0x00000000, len=12, flags=0x00000010 : out VA=0xAB718000, offset=0x00000000sec:0x0, 0x0, pending=1
08-10 14:38:23.860 D/MtkOmxVenc(  493): [0xb0b7f000] AVC EncTime=14470 (us), RGB_2_YUV=0, FrameCount= 17906, buf timestamp=11924173 (11924173508) IsKey(0), Size(767)  Slotbitcount(146872) : in VA=0xB0B484E0, offset=0x00000000, len=12, flags=0x00000010 : out VA=0xAB142000, offset=0x00000000sec:0x0, 0x0, pending=2
08-10 14:38:23.872 D/MtkOmxVenc(  493): [0xb0b7f000] ret 0, wait fence 111 took 12722 us
08-10 14:38:23.877 D/MtkOmxVenc(  493): [0xb0b7f000] AVC EncTime=17145 (us), RGB_2_YUV=0, FrameCount= 17907, buf timestamp=11924189 (11924189551) IsKey(0), Size(826)  Slotbitcount(153480) : in VA=0xB0B48520, offset=0x00000000, len=12, flags=0x00000010 : out VA=0xAACC1000, offset=0x00000000sec:0x0, 0x0, pending=2
08-10 14:38:23.888 D/MtkOmxVenc(  493): [0xb0b7f000] ret 0, wait fence 111 took 11348 us
08-10 14:38:23.893 D/MtkOmxVenc(  493): [0xb0b7f000] AVC EncTime=15846 (us), RGB_2_YUV=0, FrameCount= 17908, buf timestamp=11924206 (11924206289) IsKey(0), Size(765)  Slotbitcount(159600) : in VA=0xB0B48560, offset=0x00000000, len=12, flags=0x00000010 : out VA=0xAA9C1000, offset=0x00000000sec:0x0, 0x0, pending=1
08-10 14:38:23.899 E/WifiVendorHal(  784): getWifiLinkLayerStats_1_3_Internal(l.930) failed {.code = ERROR_NOT_SUPPORTED, .description = }
08-10 14:38:23.905 D/MtkOmxVenc(  493): [0xb0b7f000] ret 0, wait fence 111 took 11629 us
08-10 14:38:23.913 D/MtkOmxVenc(  493): [0xb0b7f000] AVC EncTime=19732 (us), RGB_2_YUV=0, FrameCount= 17909, buf timestamp=11924223 (11924223457) IsKey(0), Size(839)  Slotbitcount(166312) : in VA=0xB0B485A0, offset=0x00000000, len=12, flags=0x00000010 : out VA=0xAA6C1000, offset=0x00000000sec:0x0, 0x0, pending=2
08-10 14:38:23.914 D/Tile.WifiTile(  992): handleUpdateState isTransient=false transientEnabling =false cb.isTransient=false state.state = 2 mStateBeforeClick.value =false enabled =true
08-10 14:38:23.927 D/MtkOmxVenc(  493): [0xb0b7f000] AVC EncTime=13529 (us), RGB_2_YUV=0, FrameCount= 17910, buf timestamp=11924239 (11924239062) IsKey(0), Size(803)  Slotbitcount(172736) : in VA=0xB0B485E0, offset=0x00000000, len=12, flags=0x00000010 : out VA=0xAA3C1000, offset=0x00000000sec:0x0, 0x0, pending=2
08-10 14:38:23.939 D/MtkOmxVenc(  493): [0xb0b7f000] ret 0, wait fence 111 took 11297 us
08-10 14:38:23.943 D/MtkOmxVenc(  493): [0xb0b7f000] AVC EncTime=15870 (us), RGB_2_YUV=0, FrameCount= 17911, buf timestamp=11924256 (11924256755) IsKey(0), Size(850)  Slotbitcount(179536) : in VA=0xB0B48620, offset=0x00000000, len=12, flags=0x00000010 : out VA=0xABD18000, offset=0x00000000sec:0x0, 0x0, pending=1
08-10 14:38:23.955 D/MtkOmxVenc(  493): [0xb0b7f000] ret 0, wait fence 111 took 10346 us
08-10 14:38:23.960 D/MtkOmxVenc(  493): [0xb0b7f000] AVC EncTime=14837 (us), RGB_2_YUV=0, FrameCount= 17912, buf timestamp=11924273 (11924273710) IsKey(0), Size(876)  Slotbitcount(186544) : in VA=0xB0B48660, offset=0x00000000, len=12, flags=0x00000010 : out VA=0xABA18000, offset=0x00000000sec:0x0, 0x0, pending=2
08-10 14:38:23.976 D/MtkOmxVenc(  493): [0xb0b7f000] AVC EncTime=14170 (us), RGB_2_YUV=0, FrameCount= 17913, buf timestamp=11924289 (11924289562) IsKey(0), Size(834)  Slotbitcount(193216) : in VA=0xB0B486A0, offset=0x00000000, len=12, flags=0x00000010 : out VA=0xAB718000, offset=0x00000000sec:0x0, 0x0, pending=2
08-10 14:38:23.988 D/MtkOmxVenc(  493): [0xb0b7f000] ret 0, wait fence 111 took 11578 us
08-10 14:38:23.992 D/MtkOmxVenc(  493): [0xb0b7f000] AVC EncTime=15992 (us), RGB_2_YUV=0, FrameCount= 17914, buf timestamp=11924305 (11924305995) IsKey(0), Size(772)  Slotbitcount(199392) : in VA=0xB0B486E0, offset=0x00000000, len=12, flags=0x00000010 : out VA=0xAB142000, offset=0x00000000sec:0x0, 0x0, pending=1
08-10 14:38:24.005 D/MtkOmxVenc(  493): [0xb0b7f000] ret 0, wait fence 111 took 12681 us
08-10 14:38:24.010 D/MtkOmxVenc(  493): [0xb0b7f000] AVC EncTime=17089 (us), RGB_2_YUV=0, FrameCount= 17915, buf timestamp=11924322 (11924322527) IsKey(0), Size(828)  Slotbitcount(206016) : in VA=0xB0B48720, offset=0x00000000, len=12, flags=0x00000010 : out VA=0xAACC1000, offset=0x00000000sec:0x0, 0x0, pending=2
08-10 14:38:24.021 D/MtkOmxVenc(  493): [0xb0b7f000] ret 0, wait fence 111 took 11624 us
08-10 14:38:24.026 D/MtkOmxVenc(  493): [0xb0b7f000] AVC EncTime=16157 (us), RGB_2_YUV=0, FrameCount= 17916, buf timestamp=11924338 (11924338958) IsKey(0), Size(778)  Slotbitcount(212240) : in VA=0xB0B48460, offset=0x00000000, len=12, flags=0x00000010 : out VA=0xAA9C1000, offset=0x00000000sec:0x0, 0x0, pending=1
08-10 14:38:24.038 D/MtkOmxVenc(  493): [0xb0b7f000] ret 0, wait fence 111 took 12256 us
08-10 14:38:24.043 D/MtkOmxVenc(  493): [0xb0b7f000] AVC EncTime=16786 (us), RGB_2_YUV=0, FrameCount= 17917, buf timestamp=11924356 (11924356316) IsKey(0), Size(825)  Slotbitcount(218840) : in VA=0xB0B484A0, offset=0x00000000, len=12, flags=0x00000010 : out VA=0xAA6C1000, offset=0x00000000sec:0x0, 0x0, pending=1
08-10 14:38:24.055 D/MtkOmxVenc(  493): [0xb0b7f000] ret 0, wait fence 111 took 10847 us
08-10 14:38:24.060 D/MtkOmxVenc(  493): [0xb0b7f000] AVC EncTime=15263 (us), RGB_2_YUV=0, FrameCount= 17918, buf timestamp=11924373 (11924373365) IsKey(0), Size(798)  Slotbitcount(225224) : in VA=0xB0B484E0, offset=0x00000000, len=12, flags=0x00000010 : out VA=0xAA3C1000, offset=0x00000000sec:0x0, 0x0, pending=2
08-10 14:38:24.072 D/MtkOmxVenc(  493): [0xb0b7f000] ret 0, wait fence 111 took 11165 us
08-10 14:38:24.076 D/MtkOmxVenc(  493): [0xb0b7f000] AVC EncTime=15811 (us), RGB_2_YUV=0, FrameCount= 17919, buf timestamp=11924389 (11924389747) IsKey(0), Size(794)  Slotbitcount(231576) : in VA=0xB0B48520, offset=0x00000000, len=12, flags=0x00000010 : out VA=0xABD18000, offset=0x00000000sec:0x0, 0x0, pending=2
08-10 14:38:24.093 D/MtkOmxVenc(  493): [0xb0b7f000] AVC EncTime=14282 (us), RGB_2_YUV=0, FrameCount= 17920, buf timestamp=11924406 (11924406434) IsKey(0), Size(807)  Slotbitcount(238032) : in VA=0xB0B48560, offset=0x00000000, len=12, flags=0x00000010 : out VA=0xABA18000, offset=0x00000000sec:0x0, 0x0, pending=1
08-10 14:38:24.105 D/MtkOmxVenc(  493): [0xb0b7f000] ret 0, wait fence 111 took 12000 us
08-10 14:38:24.110 D/MtkOmxVenc(  493): [0xb0b7f000] AVC EncTime=16577 (us), RGB_2_YUV=0, FrameCount= 17921, buf timestamp=11924423 (11924423185) IsKey(0), Size(814)  Slotbitcount(244544) : in VA=0xB0B485A0, offset=0x00000000, len=12, flags=0x00000010 : out VA=0xAB718000, offset=0x00000000sec:0x0, 0x0, pending=1
08-10 14:38:24.122 D/MtkOmxVenc(  493): [0xb0b7f000] ret 0, wait fence 111 took 11852 us
08-10 14:38:24.127 D/MtkOmxVenc(  493): [0xb0b7f000] AVC EncTime=16918 (us), RGB_2_YUV=0, FrameCount= 17922, buf timestamp=11924440 (11924440077) IsKey(0), Size(774)  Slotbitcount(250736) : in VA=0xB0B485E0, offset=0x00000000, len=12, flags=0x00000010 : out VA=0xAB142000, offset=0x00000000sec:0x0, 0x0, pending=2
08-10 14:38:24.138 D/MtkOmxVenc(  493): [0xb0b7f000] ret 0, wait fence 111 took 10833 us
08-10 14:38:24.146 D/MtkOmxVenc(  493): [0xb0b7f000] AVC EncTime=18885 (us), RGB_2_YUV=0, FrameCount= 17923, buf timestamp=11924456 (11924456115) IsKey(0), Size(785)  Slotbitcount(257016) : in VA=0xB0B48620, offset=0x00000000, len=12, flags=0x00000010 : out VA=0xAACC1000, offset=0x00000000sec:0x0, 0x0, pending=2
08-10 14:38:24.159 D/MtkOmxVenc(  493): [0xb0b7f000] AVC EncTime=12637 (us), RGB_2_YUV=0, FrameCount= 17924, buf timestamp=11924473 (11924473215) IsKey(0), Size(781)  Slotbitcount(263264) : in VA=0xB0B48660, offset=0x00000000, len=12, flags=0x00000010 : out VA=0xAA9C1000, offset=0x00000000sec:0x0, 0x0, pending=2
08-10 14:38:24.175 D/MtkOmxVenc(  493): [0xb0b7f000] ret 0, wait fence 111 took 14569 us
08-10 14:38:24.179 D/MtkOmxVenc(  493): [0xb0b7f000] AVC EncTime=19029 (us), RGB_2_YUV=0, FrameCount= 17925, buf timestamp=11924489 (11924489256) IsKey(0), Size(766)  Slotbitcount(269392) : in VA=0xB0B486A0, offset=0x00000000, len=12, flags=0x00000010 : out VA=0xAA6C1000, offset=0x00000000sec:0x0, 0x0, pending=2
08-10 14:38:24.193 D/MtkOmxVenc(  493): [0xb0b7f000] AVC EncTime=13981 (us), RGB_2_YUV=0, FrameCount= 17926, buf timestamp=11924506 (11924506326) IsKey(0), Size(745)  Slotbitcount(275352) : in VA=0xB0B486E0, offset=0x00000000, len=12, flags=0x00000010 : out VA=0xAA3C1000, offset=0x00000000sec:0x0, 0x0, pending=2
08-10 14:38:24.205 D/MtkOmxVenc(  493): [0xb0b7f000] ret 0, wait fence 111 took 11300 us
08-10 14:38:24.209 D/MtkOmxVenc(  493): [0xb0b7f000] AVC EncTime=15753 (us), RGB_2_YUV=0, FrameCount= 17927, buf timestamp=11924522 (11924522930) IsKey(0), Size(771)  Slotbitcount(281520) : in VA=0xB0B48720, offset=0x00000000, len=12, flags=0x00000010 : out VA=0xABD18000, offset=0x00000000sec:0x0, 0x0, pending=1
08-10 14:38:24.221 D/MtkOmxVenc(  493): [0xb0b7f000] ret 0, wait fence 111 took 11545 us
08-10 14:38:24.226 D/MtkOmxVenc(  493): [0xb0b7f000] AVC EncTime=16269 (us), RGB_2_YUV=0, FrameCount= 17928, buf timestamp=11924539 (11924539826) IsKey(0), Size(744)  Slotbitcount(287472) : in VA=0xB0B48460, offset=0x00000000, len=12, flags=0x00000010 : out VA=0xABA18000, offset=0x00000000sec:0x0, 0x0, pending=1
08-10 14:38:24.238 D/MtkOmxVenc(  493): [0xb0b7f000] ret 0, wait fence 111 took 10730 us
08-10 14:38:24.246 D/MtkOmxVenc(  493): [0xb0b7f000] AVC EncTime=18460 (us), RGB_2_YUV=0, FrameCount= 17929, buf timestamp=11924556 (11924556578) IsKey(0), Size(739)  Slotbitcount(293384) : in VA=0xB0B484A0, offset=0x00000000, len=12, flags=0x00000010 : out VA=0xAB718000, offset=0x00000000sec:0x0, 0x0, pending=2
08-10 14:38:24.260 D/MtkOmxVenc(  493): [0xb0b7f000] AVC EncTime=13665 (us), RGB_2_YUV=0, FrameCount= 17930, buf timestamp=11924572 (11924572949) IsKey(0), Size(750)  Slotbitcount(299384) : in VA=0xB0B484E0, offset=0x00000000, len=12, flags=0x00000010 : out VA=0xAB142000, offset=0x00000000sec:0x0, 0x0, pending=2
08-10 14:38:24.271 D/MtkOmxVenc(  493): [0xb0b7f000] ret 0, wait fence 111 took 11096 us
08-10 14:38:24.276 D/MtkOmxVenc(  493): [0xb0b7f000] AVC EncTime=15559 (us), RGB_2_YUV=0, FrameCount= 17931, buf timestamp=11924589 (11924589893) IsKey(0), Size(787)  Slotbitcount(305680) : in VA=0xB0B48520, offset=0x00000000, len=12, flags=0x00000010 : out VA=0xAACC1000, offset=0x00000000sec:0x0, 0x0, pending=2
08-10 14:38:24.288 D/MtkOmxVenc(  493): [0xb0b7f000] ret 0, wait fence 111 took 12094 us
08-10 14:38:24.293 D/MtkOmxVenc(  493): [0xb0b7f000] AVC EncTime=16538 (us), RGB_2_YUV=0, FrameCount= 17932, buf timestamp=11924605 (11924605352) IsKey(0), Size(681)  Slotbitcount(311128) : in VA=0xB0B48560, offset=0x00000000, len=12, flags=0x00000010 : out VA=0xAA9C1000, offset=0x00000000sec:0x0, 0x0, pending=1
08-10 14:38:24.305 D/MtkOmxVenc(  493): [0xb0b7f000] ret 0, wait fence 111 took 10932 us
08-10 14:38:24.310 D/MtkOmxVenc(  493): [0xb0b7f000] AVC EncTime=16071 (us), RGB_2_YUV=0, FrameCount= 17933, buf timestamp=11924623 (11924623098) IsKey(0), Size(735)  Slotbitcount(317008) : in VA=0xB0B485A0, offset=0x00000000, len=12, flags=0x00000010 : out VA=0xAA6C1000, offset=0x00000000sec:0x0, 0x0, pending=2
08-10 14:38:24.322 D/MtkOmxVenc(  493): [0xb0b7f000] ret 0, wait fence 111 took 11173 us
08-10 14:38:24.326 D/MtkOmxVenc(  493): [0xb0b7f000] AVC EncTime=15822 (us), RGB_2_YUV=0, FrameCount= 17934, buf timestamp=11924639 (11924639956) IsKey(0), Size(695)  Slotbitcount(322568) : in VA=0xB0B485E0, offset=0x00000000, len=12, flags=0x00000010 : out VA=0xAA3C1000, offset=0x00000000sec:0x0, 0x0, pending=1
08-10 14:38:24.339 D/MtkOmxVenc(  493): [0xb0b7f000] ret 0, wait fence 111 took 11094 us
08-10 14:38:24.343 D/MtkOmxVenc(  493): [0xb0b7f000] AVC EncTime=15657 (us), RGB_2_YUV=0, FrameCount= 17935, buf timestamp=11924656 (11924656825) IsKey(0), Size(727)  Slotbitcount(328384) : in VA=0xB0B48620, offset=0x00000000, len=12, flags=0x00000010 : out VA=0xABD18000, offset=0x00000000sec:0x0, 0x0, pending=2
08-10 14:38:24.355 D/MtkOmxVenc(  493): [0xb0b7f000] ret 0, wait fence 111 took 11650 us
08-10 14:38:24.361 D/MtkOmxVenc(  493): [0xb0b7f000] AVC EncTime=17782 (us), RGB_2_YUV=0, FrameCount= 17936, buf timestamp=11924672 (11924672968) IsKey(0), Size(704)  Slotbitcount(334016) : in VA=0xB0B48660, offset=0x00000000, len=12, flags=0x00000010 : out VA=0xABA18000, offset=0x00000000sec:0x0, 0x0, pending=2
08-10 14:38:24.373 D/MtkOmxVenc(  493): [0xb0b7f000] ret 0, wait fence 111 took 11045 us
08-10 14:38:24.378 D/MtkOmxVenc(  493): [0xb0b7f000] AVC EncTime=16689 (us), RGB_2_YUV=0, FrameCount= 17937, buf timestamp=11924690 (11924690379) IsKey(0), Size(699)  Slotbitcount(339608) : in VA=0xB0B486A0, offset=0x00000000, len=12, flags=0x00000010 : out VA=0xAB718000, offset=0x00000000sec:0x0, 0x0, pending=2
08-10 14:38:24.388 D/MtkOmxVenc(  493): [0xb0b7f000] ret 0, wait fence 111 took 10071 us
08-10 14:38:24.393 D/MtkOmxVenc(  493): [0xb0b7f000] AVC EncTime=14502 (us), RGB_2_YUV=0, FrameCount= 17938, buf timestamp=11924706 (11924706543) IsKey(0), Size(699)  Slotbitcount(345200) : in VA=0xB0B486E0, offset=0x00000000, len=12, flags=0x00000010 : out VA=0xAB142000, offset=0x00000000sec:0x0, 0x0, pending=2
08-10 14:38:24.405 D/MtkOmxVenc(  493): [0xb0b7f000] ret 0, wait fence 111 took 11764 us
08-10 14:38:24.409 D/MtkOmxVenc(  493): [0xb0b7f000] AVC EncTime=16082 (us), RGB_2_YUV=0, FrameCount= 17939, buf timestamp=11924722 (11924722868) IsKey(0), Size(687)  Slotbitcount(350696) : in VA=0xB0B48720, offset=0x00000000, len=12, flags=0x00000010 : out VA=0xAACC1000, offset=0x00000000sec:0x0, 0x0, pending=2
08-10 14:38:24.421 D/MtkOmxVenc(  493): [0xb0b7f000] ret 0, wait fence 111 took 11318 us
08-10 14:38:24.426 D/MtkOmxVenc(  493): [0xb0b7f000] AVC EncTime=15864 (us), RGB_2_YUV=0, FrameCount= 17940, buf timestamp=11924739 (11924739384) IsKey(0), Size(679)  Slotbitcount(356128) : in VA=0xB0B48460, offset=0x00000000, len=12, flags=0x00000010 : out VA=0xAA9C1000, offset=0x00000000sec:0x0, 0x0, pending=2
08-10 14:38:24.438 D/MtkOmxVenc(  493): [0xb0b7f000] ret 0, wait fence 111 took 12090 us
08-10 14:38:24.442 I/hwcomposer(  435): [HWCDisplay] [Display_2 (type:2)] fps:60.015244,dur:1016.41,max:17.97,min:15.31  
08-10 14:38:24.443 D/MtkOmxVenc(  493): [0xb0b7f000] AVC EncTime=16603 (us), RGB_2_YUV=0, FrameCount= 17941, buf timestamp=11924755 (11924755781) IsKey(0), Size(652)  Slotbitcount(361344) : in VA=0xB0B484A0, offset=0x00000000, len=12, flags=0x00000010 : out VA=0xAA6C1000, offset=0x00000000sec:0x0, 0x0, pending=1
08-10 14:38:24.445 I/hwcomposer(  435): [HWCDisplay] [Display_0 (type:1)] fps:60.037189,dur:1016.04,max:22.49,min:12.05  
08-10 14:38:24.456 D/MtkOmxVenc(  493): [0xb0b7f000] ret 0, wait fence 111 took 10996 us
08-10 14:38:24.461 D/MtkOmxVenc(  493): [0xb0b7f000] AVC EncTime=16344 (us), RGB_2_YUV=0, FrameCount= 17942, buf timestamp=11924773 (11924773554) IsKey(0), Size(614)  Slotbitcount(4912) : in VA=0xB0B484E0, offset=0x00000000, len=12, flags=0x00000010 : out VA=0xAA3C1000, offset=0x00000000sec:0x0, 0x0, pending=2
08-10 14:38:24.472 D/MtkOmxVenc(  493): [0xb0b7f000] ret 0, wait fence 111 took 10783 us
08-10 14:38:24.477 D/MtkOmxVenc(  493): [0xb0b7f000] AVC EncTime=15457 (us), RGB_2_YUV=0, FrameCount= 17943, buf timestamp=11924789 (11924789897) IsKey(0), Size(578)  Slotbitcount(9536) : in VA=0xB0B48520, offset=0x00000000, len=12, flags=0x00000010 : out VA=0xABD18000, offset=0x00000000sec:0x0, 0x0, pending=2
08-10 14:38:24.488 D/MtkOmxVenc(  493): [0xb0b7f000] ret 0, wait fence 111 took 11095 us
08-10 14:38:24.492 D/MtkOmxVenc(  493): [0xb0b7f000] AVC EncTime=15494 (us), RGB_2_YUV=0, FrameCount= 17944, buf timestamp=11924805 (11924805748) IsKey(0), Size(578)  Slotbitcount(14160) : in VA=0xB0B48560, offset=0x00000000, len=12, flags=0x00000010 : out VA=0xABA18000, offset=0x00000000sec:0x0, 0x0, pending=1
08-10 14:38:24.505 D/MtkOmxVenc(  493): [0xb0b7f000] ret 0, wait fence 111 took 11777 us
08-10 14:38:24.509 D/MtkOmxVenc(  493): [0xb0b7f000] AVC EncTime=16427 (us), RGB_2_YUV=0, FrameCount= 17945, buf timestamp=11924822 (11924822725) IsKey(0), Size(578)  Slotbitcount(18784) : in VA=0xB0B485A0, offset=0x00000000, len=12, flags=0x00000010 : out VA=0xAB718000, offset=0x00000000sec:0x0, 0x0, pending=2
