08-10 14:36:26.013 D/BatteryService(  784): online:4, current avg:460, charge type:1, POGO powered:false, power sharing:false, high voltage charger:false, charger_type:0, capacity:280000, misc_event:65536, current_event:0, current_now:465
08-10 14:36:26.015 D/UsbDeviceManager(  784): received ACTION_BATTERY_CHANGED
08-10 14:36:26.016 D/UsbDeviceManager(  784): handleMessage -> MSG_UPDATE_CHARGING_STATE: mUsbCharging=true
08-10 14:36:28.214 I/PowerManagerService(  784): [PWL] Off : 455s ago 
08-10 14:36:30.153 D/io_stats(  360): !@ 179,0 r 512211 11197999 w 155505 3697896 d 51004 2478680 f 139731 179354 iot 369490 326875 th 51200 0 0 pt 0 inp 0 0 11810.482
08-10 14:36:31.678 D/PowerManagerService(  784): [api] setDeviceIdleTempWhitelist: appids: [0]10160  (uid: 1000 pid: 784)
08-10 14:36:35.158 D/io_stats(  360): !@ 179,0 r 512211 11197999 w 155509 3697940 d 51004 2478680 f 139733 179358 iot 369493 326877 th 51200 0 0 pt 0 inp 0 0 11815.487
08-10 14:36:35.257 D/SSRM:ja (  784): SIOP:: AP = 350, PST = 351 (W:30), BAT = 327, USB = 0, CHG = 0, CP = 352
08-10 14:36:36.092 D/BatteryService(  784): mHealthInfo.batteryLevel: 62
08-10 14:36:36.092 D/BatteryService(  784): Sending ACTION_BATTERY_CHANGED. scale:100, info:{.chargerAcOnline = false, .chargerUsbOnline = true, .chargerWirelessOnline = false, .maxChargingCurrent = 0, .maxChargingVoltage = 0, .batteryStatus = CHARGING, .batteryHealth = GOOD, .batteryPresent = true, .batteryLevel = 62, .batteryVoltage = 4015, .batteryTemperature = 327, .batteryCurrent = 0, .batteryCycleCount = 0, .batteryFullCharge = 3000000, .batteryChargeCounter = 1860000, .batteryTechnology = Li-ion}
08-10 14:36:36.092 D/BatteryService(  784): online:4, current avg:446, charge type:1, POGO powered:false, power sharing:false, high voltage charger:false, charger_type:0, capacity:280000, misc_event:65536, current_event:0, current_now:455
08-10 14:36:36.094 D/UsbDeviceManager(  784): received ACTION_BATTERY_CHANGED
08-10 14:36:36.095 D/UsbDeviceManager(  784): handleMessage -> MSG_UPDATE_CHARGING_STATE: mUsbCharging=true
08-10 14:36:37.016 E/Watchdog(  784): !@Sync 393 [2021-08-10 14:36:37.016] FD count : 350, wdog_way : softdog
08-10 14:36:40.163 D/io_stats(  360): !@ 179,0 r 512211 11197999 w 155515 3697964 d 51004 2478680 f 139733 179358 iot 369493 326878 th 51200 0 0 pt 0 inp 0 0 11820.493
08-10 14:36:45.168 D/io_stats(  360): !@ 179,0 r 512213 11198047 w 155516 3698008 d 51004 2478680 f 139733 179358 iot 369493 326879 th 51200 0 0 pt 0 inp 0 0 11825.498
08-10 14:36:45.276 D/SSRM:ja (  784): SIOP:: AP = 350, PST = 351 (W:30), BAT = 327, USB = 0, CHG = 0, CP = 352
08-10 14:36:46.172 D/BatteryService(  784): mHealthInfo.batteryLevel: 62
08-10 14:36:46.172 D/BatteryService(  784): Sending ACTION_BATTERY_CHANGED. scale:100, info:{.chargerAcOnline = false, .chargerUsbOnline = true, .chargerWirelessOnline = false, .maxChargingCurrent = 0, .maxChargingVoltage = 0, .batteryStatus = CHARGING, .batteryHealth = GOOD, .batteryPresent = true, .batteryLevel = 62, .batteryVoltage = 4015, .batteryTemperature = 327, .batteryCurrent = 0, .batteryCycleCount = 0, .batteryFullCharge = 3000000, .batteryChargeCounter = 1863000, .batteryTechnology = Li-ion}
08-10 14:36:46.172 D/BatteryService(  784): online:4, current avg:450, charge type:1, POGO powered:false, power sharing:false, high voltage charger:false, charger_type:0, capacity:280000, misc_event:65536, current_event:0, current_now:422
08-10 14:36:46.174 D/UsbDeviceManager(  784): received ACTION_BATTERY_CHANGED
08-10 14:36:46.175 D/UsbDeviceManager(  784): handleMessage -> MSG_UPDATE_CHARGING_STATE: mUsbCharging=true
08-10 14:36:51.779 D/PowerManagerService(  784): [api] setDeviceIdleTempWhitelist: appids:  (uid: 1000 pid: 784)
08-10 14:36:55.296 D/SSRM:ja (  784): SIOP:: AP = 350, PST = 350 (W:30), BAT = 327, USB = 0, CHG = 0, CP = 351
08-10 14:36:56.249 D/BatteryService(  784): mHealthInfo.batteryLevel: 62
08-10 14:36:56.249 D/BatteryService(  784): Sending ACTION_BATTERY_CHANGED. scale:100, info:{.chargerAcOnline = false, .chargerUsbOnline = true, .chargerWirelessOnline = false, .maxChargingCurrent = 0, .maxChargingVoltage = 0, .batteryStatus = CHARGING, .batteryHealth = GOOD, .batteryPresent = true, .batteryLevel = 62, .batteryVoltage = 4004, .batteryTemperature = 327, .batteryCurrent = 0, .batteryCycleCount = 0, .batteryFullCharge = 3000000, .batteryChargeCounter = 1863000, .batteryTechnology = Li-ion}
08-10 14:36:56.250 D/BatteryService(  784): online:4, current avg:442, charge type:1, POGO powered:false, power sharing:false, high voltage charger:false, charger_type:0, capacity:280000, misc_event:65536, current_event:0, current_now:456
08-10 14:36:56.252 D/UsbDeviceManager(  784): received ACTION_BATTERY_CHANGED
08-10 14:36:56.252 D/UsbDeviceManager(  784): handleMessage -> MSG_UPDATE_CHARGING_STATE: mUsbCharging=true
08-10 14:37:00.184 D/io_stats(  360): !@ 179,0 r 512213 11198047 w 155522 3698032 d 51004 2478680 f 139733 179358 iot 369493 326880 th 51200 0 0 pt 0 inp 0 0 11840.513
08-10 14:37:05.189 D/io_stats(  360): !@ 179,0 r 512213 11198047 w 155522 3698032 d 51050 2479636 f 139733 179358 iot 369506 326899 th 51200 0 0 pt 0 inp 0 0 11845.518
08-10 14:37:05.352 D/SSRM:ja (  784): SIOP:: AP = 350, PST = 350 (W:30), BAT = 327, USB = 0, CHG = 0, CP = 351
08-10 14:37:06.333 D/BatteryService(  784): mHealthInfo.batteryLevel: 62
08-10 14:37:06.333 D/BatteryService(  784): Sending ACTION_BATTERY_CHANGED. scale:100, info:{.chargerAcOnline = false, .chargerUsbOnline = true, .chargerWirelessOnline = false, .maxChargingCurrent = 0, .maxChargingVoltage = 0, .batteryStatus = CHARGING, .batteryHealth = GOOD, .batteryPresent = true, .batteryLevel = 62, .batteryVoltage = 4016, .batteryTemperature = 326, .batteryCurrent = 0, .batteryCycleCount = 0, .batteryFullCharge = 3000000, .batteryChargeCounter = 1866000, .batteryTechnology = Li-ion}
08-10 14:37:06.333 D/BatteryService(  784): online:4, current avg:454, charge type:1, POGO powered:false, power sharing:false, high voltage charger:false, charger_type:0, capacity:280000, misc_event:65536, current_event:0, current_now:469
08-10 14:37:06.335 D/UsbDeviceManager(  784): received ACTION_BATTERY_CHANGED
08-10 14:37:06.340 D/UsbDeviceManager(  784): handleMessage -> MSG_UPDATE_CHARGING_STATE: mUsbCharging=true
08-10 14:37:07.021 E/Watchdog(  784): !@Sync 394 [2021-08-10 14:37:07.021] FD count : 350, wdog_way : softdog
08-10 14:37:09.462 D/PowerManagerService(  784): [api] setDeviceIdleTempWhitelist: appids: [0]10160  (uid: 1000 pid: 784)
08-10 14:37:10.194 D/io_stats(  360): !@ 179,0 r 512213 11198047 w 155528 3698072 d 51050 2479636 f 139735 179362 iot 369513 326901 th 51200 0 0 pt 0 inp 0 0 11850.523
08-10 14:37:15.199 D/io_stats(  360): !@ 179,0 r 512213 11198047 w 155533 3698092 d 51050 2479636 f 139735 179362 iot 369513 326902 th 51200 0 0 pt 0 inp 0 0 11855.528
08-10 14:37:15.404 D/SSRM:ja (  784): SIOP:: AP = 350, PST = 350 (W:30), BAT = 326, USB = 0, CHG = 0, CP = 351
08-10 14:37:16.410 D/BatteryService(  784): mHealthInfo.batteryLevel: 62
08-10 14:37:16.411 D/BatteryService(  784): Sending ACTION_BATTERY_CHANGED. scale:100, info:{.chargerAcOnline = false, .chargerUsbOnline = true, .chargerWirelessOnline = false, .maxChargingCurrent = 0, .maxChargingVoltage = 0, .batteryStatus = CHARGING, .batteryHealth = GOOD, .batteryPresent = true, .batteryLevel = 62, .batteryVoltage = 4018, .batteryTemperature = 327, .batteryCurrent = 0, .batteryCycleCount = 0, .batteryFullCharge = 3000000, .batteryChargeCounter = 1866000, .batteryTechnology = Li-ion}
08-10 14:37:16.411 D/BatteryService(  784): online:4, current avg:456, charge type:1, POGO powered:false, power sharing:false, high voltage charger:false, charger_type:0, capacity:280000, misc_event:65536, current_event:0, current_now:471
08-10 14:37:16.413 D/UsbDeviceManager(  784): received ACTION_BATTERY_CHANGED
08-10 14:37:16.414 D/UsbDeviceManager(  784): handleMessage -> MSG_UPDATE_CHARGING_STATE: mUsbCharging=true
08-10 14:37:17.380 D/PowerManagerService(  784): Zero mode zeroModeEnabled: false
08-10 14:37:17.381 D/PowerManagerService(  784): [api] [s] wakeUp (uid: 1000 pid: 784) eventTime = 11857706
08-10 14:37:17.381 D/PowerManagerService(  784): wakeUpNoUpdateLocked zeroModeEnabled: false
08-10 14:37:17.382 I/PowerManagerService(  784): !@[ps] Screen__On  - 89 :  wakeUp:  (uid: 1000 pid: 784) (1)
08-10 14:37:17.382 I/PowerManagerService(  784): Waking up from Asleep (uid=1000, reason=WAKE_REASON_POWER_BUTTON, details=android.policy:POWER)...
08-10 14:37:17.383 W/UsageStatsService(  784): Event reported without a package name, eventType:15
08-10 14:37:17.383 D/PowerManagerService(  784): [PWL] sb acquire: PowerManagerService.Broadcasts
08-10 14:37:17.385 D/PowerManagerService(  784): UserActivityState : 0 -> 1
08-10 14:37:17.386 D/PowerManagerService(  784): mDisplayReady: false
08-10 14:37:17.386 D/PowerManagerService(  784): [PWL] sb acquire: PowerManagerService.Display
08-10 14:37:17.386 D/DisplayPowerController(  784): animateScreenStateChange: target2
08-10 14:37:17.387 D/PowerManagerService(  784): Setting HAL interactive mode to true
08-10 14:37:17.388 D/DisplayPowerController(  784): [M OS] REPORTED_TO_POLICY_SCREEN_OFF -> REPORTED_TO_POLICY_SCREEN_TURNING_ON.
08-10 14:37:17.388 I/DisplayPowerController(  784): Blocking screen on until initial contents have been drawn.
08-10 14:37:17.389 D/DisplayPowerController(  784): mWindowManagerPolicy.screenTurningOn() +
08-10 14:37:17.389 I/WindowManager(  784): Screen turning on...
08-10 14:37:17.389 I/WindowManager(  784): screenTurningOn(+), before calling onScreenTurningOn to KeyguardDelegate
08-10 14:37:17.389 I/WindowManager(  784): screenTurningOn(-), after calling onScreenTurningOn to KeyguardDelegate
08-10 14:37:17.390 D/DisplayPowerController(  784): mWindowManagerPolicy.screenTurningOn() -
08-10 14:37:17.390 D/DisplayPowerController(  784): animateScreenStateChange: return as screen on blocked
08-10 14:37:17.391 D/DisplayPowerController(  784): getFinalBrightness : Summary is 255 -> 255
08-10 14:37:17.391 D/DisplayPowerController(  784): Animating brightness: target=255, rate=0 (PSM:false)
08-10 14:37:17.397 D/WindowManager(  784): mKeyguardDelegate.ShowListener.onDrawn.
08-10 14:37:17.410 D/KernelCpuUidUserSysTimeReader(  784): Removing uids 90000-90000
08-10 14:37:17.411 I/WindowManager(  784): Started waking up... (why=ON_BECAUSE_OF_USER)
08-10 14:37:17.412 V/DisplayPowerController(  784): Brightness [255] reason changing to: 'manual', previous reason: 'screen_off'.
08-10 14:37:17.413 D/DisplayPowerController(  784): animateScreenStateChange: target2
08-10 14:37:17.413 W/WindowManager(  784): Setting mKeyguardDrawComplete
08-10 14:37:17.413 D/DisplayPowerController(  784): animateScreenStateChange: return as screen on blocked
08-10 14:37:17.414 I/WindowManager(  784): All windows ready for display!
08-10 14:37:17.414 D/DisplayPowerController(  784): getFinalBrightness : Summary is 255 -> 255
08-10 14:37:17.414 W/WindowManager(  784): Setting mWindowManagerDrawComplete
08-10 14:37:17.414 D/WindowManager(  784): finishScreenTurningOn: mAwake=true, mScreenOnEarly=true, mScreenOnFully=false, mKeyguardDrawComplete=true, mWindowManagerDrawComplete=true
08-10 14:37:17.414 I/WindowManager(  784): Finished screen turning on...
08-10 14:37:17.414 D/DisplayPowerController(  784): Animating brightness: target=255, rate=0 (PSM:false)
08-10 14:37:17.415 D/DisplayPowerController(  784): [api] WindowManagerPolicy.ScreenOnListener : called onScreenOn()
08-10 14:37:17.416 I/DisplayPowerController(  784): Unblocked screen on after 27 ms
08-10 14:37:17.416 D/DisplayPowerController(  784): animateScreenStateChange: target2
08-10 14:37:17.417 D/DisplayPowerState(  784): !@ ColorFade exit
08-10 14:37:17.417 D/DisplayPowerController(  784): getFinalBrightness : Summary is 255 -> 255
08-10 14:37:17.418 D/DisplayManagerService(  784): !@display_state internal: OFF -> ON brightness: 0 -> 0
08-10 14:37:17.418 D/DisplayPowerController(  784): Animating brightness: target=255, rate=0 (PSM:false)
08-10 14:37:17.418 D/LocalDisplayAdapter(  784): notifyDisplayStateListener : onChanged, stateLogical: 2 statePhyical: 2 displayId: 0
08-10 14:37:17.419 D/LocalDisplayAdapter(  784): !@ display_state: OFF -> ON (id:0)
08-10 14:37:17.419 I/DisplayManagerService(  784): Display device changed state: "Built-in Screen", ON
08-10 14:37:17.464 D/PowerManagerService(  784): [api] setMasterBrightnessLimit : lowerLimit : -1  upperLimit : -1  mMasterBrightnessLimitPeriod : 0 (uid: 1000 pid: 784)
08-10 14:37:17.485 D/CustomFrequencyManagerService(  784): acquireDVFSLockLocked : type : DVFS_MIN_LIMIT  frequency : 1495000  uid : 1000  pid : 784  pkgName : WakeUpBooster
08-10 14:37:17.506 D/SSRM:ja (  784): SIOP:: AP = 350, PST = 350 (W:30), BAT = 327, USB = 0, CHG = 0, CP = 350
08-10 14:37:17.510 D/LightsService(  784): [api] [SvcLED] turnOff:: id = 4 (uid: 1000 pid: 784) 
08-10 14:37:17.510 D/LightsService(  784): [api] [SvcLED] LED indicator : Not supported.
08-10 14:37:17.542 D/ConnectivityService(  784): updateCapabilities: oldCap = [ Transports: WIFI Capabilities: NOT_METERED&INTERNET&NOT_RESTRICTED&TRUSTED&NOT_VPN&VALIDATED&NOT_ROAMING&FOREGROUND&NOT_CONGESTED&NOT_SUSPENDED LinkUpBandwidth>=1048576Kbps LinkDnBandwidth>=1048576Kbps Specifier: <WifiNetworkAgentSpecifier [WifiConfiguration=, SSID="enemy", BSSID=98:de:d0:e5:a1:3c, mOriginalRequestorUid=-1, mOriginalRequestorPackageName=]> SignalStrength: -58 SSID: "enemy"], newCap = [ Transports: WIFI Capabilities: NOT_METERED&INTERNET&NOT_RESTRICTED&TRUSTED&NOT_VPN&NOT_ROAMING&NOT_CONGESTED LinkUpBandwidth>=1048576Kbps LinkDnBandwidth>=1048576Kbps Specifier: <WifiNetworkAgentSpecifier [WifiConfiguration=, SSID="enemy", BSSID=98:de:d0:e5:a1:3c, mOriginalRequestorUid=-1, mOriginalRequestorPackageName=]> SignalStrength: -58 SSID: "enemy"]
08-10 14:37:17.726 I/Telecom:SamsungTelecomServiceImpl(  784): isRinging - callingPackage : android
08-10 14:37:17.727 I/Telecom:SamsungTelecomServiceImpl(  784): isInCall - callingPackage : android
08-10 14:37:17.728 D/WindowManager(  784): powerPress: eventTime=11857706 interactive=true count=1 beganFromNonInteractive=true mShortPressOnPowerBehavior=1 systemKeyRequested=false
08-10 14:37:17.910 D/PowerManagerUtil(  784): !@ Excessive delay in display_state: ON: 492ms
08-10 14:37:17.911 D/LocalDisplayAdapter(  784): notifyDisplayStateListener : onChanged, stateLogical: 2 statePhyical: 2 displayId: 0
08-10 14:37:17.912 D/DisplayPowerController(  784): animateScreenStateChange: target2
08-10 14:37:17.912 D/DisplayPowerController(  784): getFinalBrightness : Summary is 255 -> 255
08-10 14:37:17.912 D/DisplayPowerController(  784): Animating brightness: target=255, rate=0 (PSM:false)
08-10 14:37:17.913 D/DisplayPowerController(  784): mWindowManagerPolicy.screenTurnedOn()
08-10 14:37:17.914 D/PowerManagerService(  784): DisplayPowerCallbacks : onStateChanged()
08-10 14:37:17.914 D/PowerManagerService(  784): mDisplayReady: true
08-10 14:37:17.914 W/PowerManagerService(  784): Screen on took 538 ms
08-10 14:37:17.915 I/WindowManager(  784): Finished waking up... (why=ON_BECAUSE_OF_USER)
08-10 14:37:18.035 E/ActivityThread( 4191): Failed to find provider info for com.sec.knox.provider
08-10 14:37:18.082 D/PowerManagerService(  784): [PWL] sb release: PowerManagerService.Broadcasts
08-10 14:37:19.845 D/PowerManagerService(  784): [api] [s] userActivity : event: 0 flags: 0 (uid: 10074 pid: 992) eventTime = 11860174
08-10 14:37:19.846 D/PowerManagerService(  784): [api] userActivityInternal PowerManager.USER_ACTIVITY_FLAG_INDIRECT : 2 (event: 0 flags: 0) eventTime = 11860174
08-10 14:37:19.996 D/PowerManagerService(  784): [api] [s] userActivity : event: 0 flags: 0 (uid: 10074 pid: 992) eventTime = 11860326
08-10 14:37:19.997 D/PowerManagerService(  784): [api] userActivityInternal PowerManager.USER_ACTIVITY_FLAG_INDIRECT : 2 (event: 0 flags: 0) eventTime = 11860326
08-10 14:37:20.021 D/ActivityTaskManager(  784): Top Process State changed to PROCESS_STATE_TOP
08-10 14:37:20.024 V/WindowManager(  784): rotationForOrientation(orient=5, last=0); user=0 USER_ROTATION_LOCKED
08-10 14:37:20.024 V/WindowManager(  784): Computed rotation=0 for display id=0 based on lastOrientation=5 and oldRotation=0, caller=com.android.server.wm.DisplayContent.updateOrientationFromAppTokens:1355 com.android.server.wm.DisplayContent.updateOrientationFromAppTokens:1315 com.android.server.wm.RootActivityContainer.ensureVisibilityAndConfig:654 com.android.server.wm.ActivityStack.resumeTopActivityInnerLocked:3050 com.android.server.wm.ActivityStack.resumeTopActivityUncheckedLocked:2675 com.android.server.wm.ActivityRecord.makeActiveIfNeeded:2116 
08-10 14:37:20.032 I/WindowManager(  784): Reparenting to leash, surface=Surface(name=AppWindowToken{93e1084 token=Token{2815697 ActivityRecord{91a6d16 u0 com.sec.android.app.launcher/com.android.launcher3.infra.activity.Launcher t9140}}})/@0xa3accd5
08-10 14:37:20.034 D/WindowManager(  784): PWM.startKeyguardExitAnimation
08-10 14:37:20.209 D/PowerManagerService(  784): [api] [s] userActivity : event: 2 flags: 0 (uid: 10074 pid: 992) eventTime = 11860539
08-10 14:37:20.210 D/PowerManagerService(  784): [api] userActivityInternal PowerManager.USER_ACTIVITY_FLAG_INDIRECT : 2 (event: 2 flags: 0) eventTime = 11860539
08-10 14:37:20.212 D/io_stats(  360): !@ 179,0 r 512225 11198115 w 155544 3698168 d 51050 2479636 f 139739 179370 iot 369523 326910 th 51200 0 0 pt 0 inp 0 0 11860.542
08-10 14:37:20.249 D/StatusBarManagerService(  784): notifyRequestedSystemKey recent=false home=false
08-10 14:37:20.252 D/ActivityTaskManager(  784): setLockScreenShown(false,false) is called from 992
08-10 14:37:20.256 D/PowerManagerService(  784): [api] setUserActivityTimeoutOverrideFromWindowManagerInternal: timeoutMillis: -1
08-10 14:37:20.257 D/PowerManagerService(  784): [s] getScreenOffTimeoutLocked: 5000 -> 120000
08-10 14:37:20.260 W/UsageStatsService(  784): Event reported without a package name, eventType:18
08-10 14:37:20.267 V/UsbDeviceManager(  784): onKeyguardStateChanged: isShowing=false secure=false user=0
08-10 14:37:20.270 D/StorageManagerService(  784): onKeyguardStateChanged = false
08-10 14:37:20.271 I/StorageManagerService(  784): handleMessage :{ when=0 what=15 target=com.android.server.StorageManagerService$StorageManagerServiceHandler }
08-10 14:37:20.271 D/UsbDeviceManager(  784): handleMessage -> MSG_UPDATE_SCREEN_LOCK: mScreenLocked=false
08-10 14:37:20.272 D/StorageManagerService(  784): handleMessage :: H_KEYGUARD_CHANGED = 0
08-10 14:37:20.325 D/LightsService(  784): [api] [SvcLED] turnOff:: id = 4 (uid: 1000 pid: 784) 
08-10 14:37:20.325 D/LightsService(  784): [api] [SvcLED] LED indicator : Not supported.
08-10 14:37:20.334 W/BroadcastQueue(  784): Background execution not allowed: receiving Intent { act=android.intent.action.USER_PRESENT flg=0x24200010 } to com.android.chrome/org.chromium.chrome.browser.sharing.click_to_call.ClickToCallMessageHandler$PhoneUnlockedReceiver
08-10 14:37:20.336 W/BroadcastQueue(  784): Background execution not allowed: receiving Intent { act=android.intent.action.USER_PRESENT flg=0x24200010 } to com.facebook.services/com.facebook.oxygen.services.fbns.RegisteredMqttSystemBroadcastReceiver
08-10 14:37:20.349 I/WindowManager(  784): Reparenting to original parent: Surface(name=Task=9140)/@0x3d44b53, destroyLeash=true, surface=Surface(name=AppWindowToken{93e1084 token=Token{2815697 ActivityRecord{91a6d16 u0 com.sec.android.app.launcher/com.android.launcher3.infra.activity.Launcher t9140}}})/@0xa3accd5
08-10 14:37:20.395 W/BroadcastQueue(  784): Background execution not allowed: receiving Intent { act=android.intent.action.USER_PRESENT flg=0x24200010 } to com.google.android.gms/.auth.setup.devicesignals.LockScreenReceiver
08-10 14:37:20.396 W/BroadcastQueue(  784): Background execution not allowed: receiving Intent { act=android.intent.action.USER_PRESENT flg=0x24200010 } to com.google.android.gms/.chimera.GmsIntentOperationService$PersistentTrustedReceiver
08-10 14:37:20.396 W/BroadcastQueue(  784): Background execution not allowed: receiving Intent { act=android.intent.action.USER_PRESENT flg=0x24200010 } to com.truecaller/.util.ScreenUnlockedBroadcastReceiver
08-10 14:37:20.398 E/ActivityThread( 4191): Failed to find provider info for com.sec.knox.provider
08-10 14:37:20.440 D/WindowManager(  784): finishDrawingWindow: Window{a91138 u0 NavigationBar0} mDrawState=DRAW_PENDING
08-10 14:37:20.443 I/WindowManager(  784): Reparenting to leash, surface=Surface(name=a91138 NavigationBar0)/@0x61d1f82
08-10 14:37:20.710 I/WindowManager(  784): Reparenting to original parent: Surface(name=WindowToken{371d99b android.os.BinderProxy@cbe4495})/@0xbd4708a, destroyLeash=true, surface=Surface(name=a91138 NavigationBar0)/@0x61d1f82
08-10 14:37:25.216 D/io_stats(  360): !@ 179,0 r 512226 11198119 w 155556 3698244 d 51050 2479636 f 139739 179370 iot 369526 326913 th 51200 0 0 pt 0 inp 0 0 11865.546
08-10 14:37:26.484 D/BatteryService(  784): mHealthInfo.batteryLevel: 62
08-10 14:37:26.484 D/BatteryService(  784): Sending ACTION_BATTERY_CHANGED. scale:100, info:{.chargerAcOnline = false, .chargerUsbOnline = true, .chargerWirelessOnline = false, .maxChargingCurrent = 0, .maxChargingVoltage = 0, .batteryStatus = CHARGING, .batteryHealth = GOOD, .batteryPresent = true, .batteryLevel = 62, .batteryVoltage = 3962, .batteryTemperature = 326, .batteryCurrent = 0, .batteryCycleCount = 0, .batteryFullCharge = 3000000, .batteryChargeCounter = 1869000, .batteryTechnology = Li-ion}
08-10 14:37:26.485 D/BatteryService(  784): online:4, current avg:151, charge type:1, POGO powered:false, power sharing:false, high voltage charger:false, charger_type:0, capacity:280000, misc_event:65536, current_event:0, current_now:188
08-10 14:37:26.486 D/UsbDeviceManager(  784): received ACTION_BATTERY_CHANGED
08-10 14:37:26.487 D/UsbDeviceManager(  784): handleMessage -> MSG_UPDATE_CHARGING_STATE: mUsbCharging=true
08-10 14:37:27.488 D/CustomFrequencyManagerService(  784): releaseDVFSLockLocked : Getting Lock type frm List : DVFS_MIN_LIMIT  frequency : 1495000  uid : 1000  pid : 784  tag : WakeUpBooster
08-10 14:37:27.533 D/SSRM:ja (  784): SIOP:: AP = 360, PST = 350 (W:30), BAT = 326, USB = 0, CHG = 0, CP = 355
08-10 14:37:29.468 D/PowerManagerService(  784): [api] setDeviceIdleTempWhitelist: appids:  (uid: 1000 pid: 784)
08-10 14:37:35.229 D/io_stats(  360): !@ 179,0 r 512226 11198119 w 155565 3698552 d 51050 2479636 f 139764 179398 iot 369540 326926 th 51200 0 0 pt 0 inp 0 0 11875.558
08-10 14:37:36.579 D/BatteryService(  784): mHealthInfo.batteryLevel: 62
08-10 14:37:36.580 D/BatteryService(  784): Sending ACTION_BATTERY_CHANGED. scale:100, info:{.chargerAcOnline = false, .chargerUsbOnline = true, .chargerWirelessOnline = false, .maxChargingCurrent = 0, .maxChargingVoltage = 0, .batteryStatus = CHARGING, .batteryHealth = GOOD, .batteryPresent = true, .batteryLevel = 62, .batteryVoltage = 3941, .batteryTemperature = 328, .batteryCurrent = 0, .batteryCycleCount = 0, .batteryFullCharge = 3000000, .batteryChargeCounter = 1869000, .batteryTechnology = Li-ion}
08-10 14:37:36.580 D/BatteryService(  784): online:4, current avg:67, charge type:1, POGO powered:false, power sharing:false, high voltage charger:false, charger_type:0, capacity:280000, misc_event:65536, current_event:0, current_now:-37
08-10 14:37:36.584 D/UsbDeviceManager(  784): received ACTION_BATTERY_CHANGED
08-10 14:37:36.586 D/UsbDeviceManager(  784): handleMessage -> MSG_UPDATE_CHARGING_STATE: mUsbCharging=true
08-10 14:37:37.026 E/Watchdog(  784): !@Sync 395 [2021-08-10 14:37:37.026] FD count : 351, wdog_way : softdog
08-10 14:37:37.515 I/EngineeringModeService(  784): Broadcast received:com.android.server.em.EM_SYNC_TOKEN_STATE_TIMER
08-10 14:37:37.516 W/ContextImpl(  784): Calling a method in the system process without a qualified user: android.app.ContextImpl.sendBroadcast:1049 com.android.server.EngineeringModeService.notifyTokenStatus:890 com.android.server.EngineeringModeService.access$1000:93 com.android.server.EngineeringModeService$2.onReceive:605 android.app.LoadedApk$ReceiverDispatcher$Args.lambda$getRunnable$0$LoadedApk$ReceiverDispatcher$Args:1573 
08-10 14:37:37.518 I/PACMService(  784): Broadcast received:com.android.server.em.EM_SYNC_TOKEN_STATE
08-10 14:37:37.519 I/PACMService(  784): ts : EM
08-10 14:37:37.547 D/SSRM:ja (  784): SIOP:: AP = 380, PST = 351 (W:26), BAT = 328, USB = 0, CHG = 0, CP = 356
08-10 14:37:40.235 D/io_stats(  360): !@ 179,0 r 512226 11198119 w 155567 3698560 d 51050 2479636 f 139764 179398 iot 369540 326927 th 51200 0 0 pt 0 inp 0 0 11880.564
08-10 14:37:46.648 D/BatteryService(  784): mHealthInfo.batteryLevel: 62
08-10 14:37:46.648 D/BatteryService(  784): Sending ACTION_BATTERY_CHANGED. scale:100, info:{.chargerAcOnline = false, .chargerUsbOnline = true, .chargerWirelessOnline = false, .maxChargingCurrent = 0, .maxChargingVoltage = 0, .batteryStatus = CHARGING, .batteryHealth = GOOD, .batteryPresent = true, .batteryLevel = 62, .batteryVoltage = 3936, .batteryTemperature = 329, .batteryCurrent = 0, .batteryCycleCount = 0, .batteryFullCharge = 3000000, .batteryChargeCounter = 1869000, .batteryTechnology = Li-ion}
08-10 14:37:46.648 D/BatteryService(  784): online:4, current avg:98, charge type:1, POGO powered:false, power sharing:false, high voltage charger:false, charger_type:0, capacity:280000, misc_event:65536, current_event:0, current_now:199
08-10 14:37:46.650 D/UsbDeviceManager(  784): received ACTION_BATTERY_CHANGED
08-10 14:37:46.651 D/UsbDeviceManager(  784): handleMessage -> MSG_UPDATE_CHARGING_STATE: mUsbCharging=true
08-10 14:37:47.556 D/SSRM:ja (  784): SIOP:: AP = 370, PST = 352 (W:26), BAT = 329, USB = 0, CHG = 0, CP = 358
08-10 14:37:50.245 D/io_stats(  360): !@ 179,0 r 512229 11198179 w 155571 3698628 d 51050 2479636 f 139764 179398 iot 369543 326930 th 51200 0 0 pt 0 inp 0 0 11890.574
08-10 14:37:56.742 D/BatteryService(  784): mHealthInfo.batteryLevel: 62
08-10 14:37:56.742 D/BatteryService(  784): Sending ACTION_BATTERY_CHANGED. scale:100, info:{.chargerAcOnline = false, .chargerUsbOnline = true, .chargerWirelessOnline = false, .maxChargingCurrent = 0, .maxChargingVoltage = 0, .batteryStatus = CHARGING, .batteryHealth = GOOD, .batteryPresent = true, .batteryLevel = 62, .batteryVoltage = 3954, .batteryTemperature = 331, .batteryCurrent = 0, .batteryCycleCount = 0, .batteryFullCharge = 3000000, .batteryChargeCounter = 1869000, .batteryTechnology = Li-ion}
08-10 14:37:56.742 D/BatteryService(  784): online:4, current avg:90, charge type:1, POGO powered:false, power sharing:false, high voltage charger:false, charger_type:0, capacity:280000, misc_event:65536, current_event:0, current_now:26
08-10 14:37:56.749 D/UsbDeviceManager(  784): received ACTION_BATTERY_CHANGED
08-10 14:37:56.750 D/UsbDeviceManager(  784): handleMessage -> MSG_UPDATE_CHARGING_STATE: mUsbCharging=true
08-10 14:37:57.568 D/SSRM:ja (  784): SIOP:: AP = 380, PST = 353 (W:26), BAT = 331, USB = 0, CHG = 0, CP = 360
08-10 14:38:05.263 D/io_stats(  360): !@ 179,0 r 512229 11198179 w 155574 3698640 d 51090 2481948 f 139764 179398 iot 369550 326942 th 51200 0 0 pt 0 inp 0 0 11905.592
08-10 14:38:06.809 D/BatteryService(  784): mHealthInfo.batteryLevel: 62
08-10 14:38:06.809 D/BatteryService(  784): Sending ACTION_BATTERY_CHANGED. scale:100, info:{.chargerAcOnline = false, .chargerUsbOnline = true, .chargerWirelessOnline = false, .maxChargingCurrent = 0, .maxChargingVoltage = 0, .batteryStatus = CHARGING, .batteryHealth = GOOD, .batteryPresent = true, .batteryLevel = 62, .batteryVoltage = 3943, .batteryTemperature = 332, .batteryCurrent = 0, .batteryCycleCount = 0, .batteryFullCharge = 3000000, .batteryChargeCounter = 1869000, .batteryTechnology = Li-ion}
08-10 14:38:06.810 D/BatteryService(  784): online:4, current avg:86, charge type:1, POGO powered:false, power sharing:false, high voltage charger:false, charger_type:0, capacity:280000, misc_event:65536, current_event:0, current_now:203
08-10 14:38:06.811 D/UsbDeviceManager(  784): received ACTION_BATTERY_CHANGED
08-10 14:38:06.812 D/UsbDeviceManager(  784): handleMessage -> MSG_UPDATE_CHARGING_STATE: mUsbCharging=true
08-10 14:38:07.031 E/Watchdog(  784): !@Sync 396 [2021-08-10 14:38:07.031] FD count : 351, wdog_way : softdog
08-10 14:38:07.586 D/SSRM:ja (  784): SIOP:: AP = 380, PST = 354 (W:26), BAT = 332, USB = 0, CHG = 0, CP = 360
08-10 14:38:10.273 D/io_stats(  360): !@ 179,0 r 512229 11198179 w 155578 3698656 d 51101 2481992 f 139764 179398 iot 369550 326944 th 51200 0 0 pt 0 inp 0 0 11910.602
08-10 14:38:16.893 D/BatteryService(  784): mHealthInfo.batteryLevel: 62
08-10 14:38:16.893 D/BatteryService(  784): Sending ACTION_BATTERY_CHANGED. scale:100, info:{.chargerAcOnline = false, .chargerUsbOnline = true, .chargerWirelessOnline = false, .maxChargingCurrent = 0, .maxChargingVoltage = 0, .batteryStatus = CHARGING, .batteryHealth = GOOD, .batteryPresent = true, .batteryLevel = 62, .batteryVoltage = 3966, .batteryTemperature = 335, .batteryCurrent = 0, .batteryCycleCount = 0, .batteryFullCharge = 3000000, .batteryChargeCounter = 1869000, .batteryTechnology = Li-ion}
08-10 14:38:16.894 D/BatteryService(  784): online:4, current avg:116, charge type:1, POGO powered:false, power sharing:false, high voltage charger:false, charger_type:0, capacity:280000, misc_event:65536, current_event:0, current_now:21
08-10 14:38:16.897 D/UsbDeviceManager(  784): received ACTION_BATTERY_CHANGED
08-10 14:38:16.898 D/UsbDeviceManager(  784): handleMessage -> MSG_UPDATE_CHARGING_STATE: mUsbCharging=true
08-10 14:38:17.600 D/SSRM:ja (  784): SIOP:: AP = 380, PST = 355 (W:28), BAT = 335, USB = 0, CHG = 0, CP = 362
--------- beginning of main
08-10 14:38:17.873 E/WifiVendorHal(  784): getWifiLinkLayerStats_1_3_Internal(l.930) failed {.code = ERROR_NOT_SUPPORTED, .description = }
08-10 14:38:17.875 D/MtkOmxVenc(  493): [0xb0b7f000] ret 0, wait fence 111 took 11167 us
08-10 14:38:17.882 D/MtkOmxVenc(  493): [0xb0b7f000] AVC EncTime=17477 (us), RGB_2_YUV=0, FrameCount= 17774, buf timestamp=11918192 (11918192966) IsKey(0), Size(578)  Slotbitcount(125376) : in VA=0xB0B484E0, offset=0x00000000, len=12, flags=0x00000010 : out VA=0xAA3C1000, offset=0x00000000sec:0x0, 0x0, pending=2
08-10 14:38:17.896 D/MtkOmxVenc(  493): [0xb0b7f000] AVC EncTime=13643 (us), RGB_2_YUV=0, FrameCount= 17775, buf timestamp=11918210 (11918210069) IsKey(0), Size(578)  Slotbitcount(130000) : in VA=0xB0B48520, offset=0x00000000, len=12, flags=0x00000010 : out VA=0xABD18000, offset=0x00000000sec:0x0, 0x0, pending=1
08-10 14:38:17.908 D/MtkOmxVenc(  493): [0xb0b7f000] ret 0, wait fence 111 took 11165 us
08-10 14:38:17.917 D/MtkOmxVenc(  493): [0xb0b7f000] AVC EncTime=19251 (us), RGB_2_YUV=0, FrameCount= 17776, buf timestamp=11918226 (11918226461) IsKey(0), Size(578)  Slotbitcount(134624) : in VA=0xB0B48560, offset=0x00000000, len=12, flags=0x00000010 : out VA=0xABA18000, offset=0x00000000sec:0x0, 0x0, pending=2
08-10 14:38:17.930 D/MtkOmxVenc(  493): [0xb0b7f000] AVC EncTime=12720 (us), RGB_2_YUV=0, FrameCount= 17777, buf timestamp=11918243 (11918243147) IsKey(0), Size(578)  Slotbitcount(139248) : in VA=0xB0B485A0, offset=0x00000000, len=12, flags=0x00000010 : out VA=0xAB718000, offset=0x00000000sec:0x0, 0x0, pending=1
08-10 14:38:17.941 D/MtkOmxVenc(  493): [0xb0b7f000] ret 0, wait fence 111 took 10314 us
08-10 14:38:17.946 D/MtkOmxVenc(  493): [0xb0b7f000] AVC EncTime=14849 (us), RGB_2_YUV=0, FrameCount= 17778, buf timestamp=11918260 (11918260226) IsKey(0), Size(578)  Slotbitcount(143872) : in VA=0xB0B485E0, offset=0x00000000, len=12, flags=0x00000010 : out VA=0xAB142000, offset=0x00000000sec:0x0, 0x0, pending=1
08-10 14:38:17.959 D/MtkOmxVenc(  493): [0xb0b7f000] ret 0, wait fence 111 took 12057 us
08-10 14:38:17.965 D/MtkOmxVenc(  493): [0xb0b7f000] AVC EncTime=18014 (us), RGB_2_YUV=0, FrameCount= 17779, buf timestamp=11918276 (11918276706) IsKey(0), Size(578)  Slotbitcount(148496) : in VA=0xB0B48620, offset=0x00000000, len=12, flags=0x00000010 : out VA=0xAACC1000, offset=0x00000000sec:0x0, 0x0, pending=2
08-10 14:38:17.971 D/NetworkController.MobileSignalController(3)(  992): getMobileIconGroup(): 13
08-10 14:38:17.980 D/MtkOmxVenc(  493): [0xb0b7f000] AVC EncTime=13562 (us), RGB_2_YUV=0, FrameCount= 17780, buf timestamp=11918293 (11918293406) IsKey(0), Size(578)  Slotbitcount(153120) : in VA=0xB0B48660, offset=0x00000000, len=12, flags=0x00000010 : out VA=0xAA9C1000, offset=0x00000000sec:0x0, 0x0, pending=1
08-10 14:38:17.992 D/MtkOmxVenc(  493): [0xb0b7f000] ret 0, wait fence 111 took 11376 us
08-10 14:38:18.000 D/MtkOmxVenc(  493): [0xb0b7f000] AVC EncTime=19606 (us), RGB_2_YUV=0, FrameCount= 17781, buf timestamp=11918309 (11918309871) IsKey(0), Size(578)  Slotbitcount(157744) : in VA=0xB0B486A0, offset=0x00000000, len=12, flags=0x00000010 : out VA=0xAA6C1000, offset=0x00000000sec:0x0, 0x0, pending=2
08-10 14:38:18.013 D/MtkOmxVenc(  493): [0xb0b7f000] AVC EncTime=12443 (us), RGB_2_YUV=0, FrameCount= 17782, buf timestamp=11918326 (11918326285) IsKey(0), Size(578)  Slotbitcount(162368) : in VA=0xB0B486E0, offset=0x00000000, len=12, flags=0x00000010 : out VA=0xAA3C1000, offset=0x00000000sec:0x0, 0x0, pending=2
08-10 14:38:18.025 D/MtkOmxVenc(  493): [0xb0b7f000] ret 0, wait fence 111 took 10617 us
08-10 14:38:18.029 D/MtkOmxVenc(  493): [0xb0b7f000] AVC EncTime=14953 (us), RGB_2_YUV=0, FrameCount= 17783, buf timestamp=11918342 (11918342400) IsKey(0), Size(578)  Slotbitcount(166992) : in VA=0xB0B48720, offset=0x00000000, len=12, flags=0x00000010 : out VA=0xABD18000, offset=0x00000000sec:0x0, 0x0, pending=2
08-10 14:38:18.042 D/MtkOmxVenc(  493): [0xb0b7f000] ret 0, wait fence 111 took 12174 us
08-10 14:38:18.046 D/MtkOmxVenc(  493): [0xb0b7f000] AVC EncTime=16745 (us), RGB_2_YUV=0, FrameCount= 17784, buf timestamp=11918359 (11918359162) IsKey(0), Size(578)  Slotbitcount(171616) : in VA=0xB0B48460, offset=0x00000000, len=12, flags=0x00000010 : out VA=0xABA18000, offset=0x00000000sec:0x0, 0x0, pending=2
08-10 14:38:18.062 D/MtkOmxVenc(  493): [0xb0b7f000] ret 0, wait fence 111 took 15132 us
08-10 14:38:18.069 D/NetworkController.MobileSignalController(4)(  992): getMobileIconGroup(): 13
08-10 14:38:18.070 D/MtkOmxVenc(  493): [0xb0b7f000] AVC EncTime=23398 (us), RGB_2_YUV=0, FrameCount= 17785, buf timestamp=11918376 (11918376423) IsKey(0), Size(578)  Slotbitcount(176240) : in VA=0xB0B484A0, offset=0x00000000, len=12, flags=0x00000010 : out VA=0xAB718000, offset=0x00000000sec:0x0, 0x0, pending=2
08-10 14:38:18.082 D/MtkOmxVenc(  493): [0xb0b7f000] AVC EncTime=11859 (us), RGB_2_YUV=0, FrameCount= 17786, buf timestamp=11918392 (11918392494) IsKey(0), Size(578)  Slotbitcount(180864) : in VA=0xB0B484E0, offset=0x00000000, len=12, flags=0x00000010 : out VA=0xAB142000, offset=0x00000000sec:0x0, 0x0, pending=2
08-10 14:38:18.099 D/MtkOmxVenc(  493): [0xb0b7f000] AVC EncTime=16132 (us), RGB_2_YUV=0, FrameCount= 17787, buf timestamp=11918409 (11918409227) IsKey(0), Size(578)  Slotbitcount(185488) : in VA=0xB0B48520, offset=0x00000000, len=12, flags=0x00000010 : out VA=0xAACC1000, offset=0x00000000sec:0x0, 0x0, pending=2
08-10 14:38:18.113 D/MtkOmxVenc(  493): [0xb0b7f000] AVC EncTime=13644 (us), RGB_2_YUV=0, FrameCount= 17788, buf timestamp=11918425 (11918425601) IsKey(0), Size(578)  Slotbitcount(190112) : in VA=0xB0B48560, offset=0x00000000, len=12, flags=0x00000010 : out VA=0xAA9C1000, offset=0x00000000sec:0x0, 0x0, pending=2
08-10 14:38:18.125 D/MtkOmxVenc(  493): [0xb0b7f000] ret 0, wait fence 111 took 11598 us
08-10 14:38:18.129 D/MtkOmxVenc(  493): [0xb0b7f000] AVC EncTime=16093 (us), RGB_2_YUV=0, FrameCount= 17789, buf timestamp=11918442 (11918442663) IsKey(0), Size(578)  Slotbitcount(194736) : in VA=0xB0B485A0, offset=0x00000000, len=12, flags=0x00000010 : out VA=0xAA6C1000, offset=0x00000000sec:0x0, 0x0, pending=2
08-10 14:38:18.141 D/MtkOmxVenc(  493): [0xb0b7f000] ret 0, wait fence 111 took 11666 us
08-10 14:38:18.147 D/MtkOmxVenc(  493): [0xb0b7f000] AVC EncTime=17149 (us), RGB_2_YUV=0, FrameCount= 17790, buf timestamp=11918458 (11918458942) IsKey(0), Size(578)  Slotbitcount(199360) : in VA=0xB0B485E0, offset=0x00000000, len=12, flags=0x00000010 : out VA=0xAA3C1000, offset=0x00000000sec:0x0, 0x0, pending=2
08-10 14:38:18.158 D/MtkOmxVenc(  493): [0xb0b7f000] ret 0, wait fence 111 took 10455 us
08-10 14:38:18.163 D/MtkOmxVenc(  493): [0xb0b7f000] AVC EncTime=15209 (us), RGB_2_YUV=0, FrameCount= 17791, buf timestamp=11918476 (11918476644) IsKey(0), Size(578)  Slotbitcount(203984) : in VA=0xB0B48620, offset=0x00000000, len=12, flags=0x00000010 : out VA=0xABD18000, offset=0x00000000sec:0x0, 0x0, pending=2
08-10 14:38:18.175 D/MtkOmxVenc(  493): [0xb0b7f000] ret 0, wait fence 111 took 11202 us
08-10 14:38:18.180 D/MtkOmxVenc(  493): [0xb0b7f000] AVC EncTime=15645 (us), RGB_2_YUV=0, FrameCount= 17792, buf timestamp=11918492 (11918492843) IsKey(0), Size(578)  Slotbitcount(208608) : in VA=0xB0B48660, offset=0x00000000, len=12, flags=0x00000010 : out VA=0xABA18000, offset=0x00000000sec:0x0, 0x0, pending=2
08-10 14:38:18.192 D/MtkOmxVenc(  493): [0xb0b7f000] ret 0, wait fence 111 took 11207 us
08-10 14:38:18.196 D/MtkOmxVenc(  493): [0xb0b7f000] AVC EncTime=16070 (us), RGB_2_YUV=0, FrameCount= 17793, buf timestamp=11918509 (11918509147) IsKey(0), Size(578)  Slotbitcount(213232) : in VA=0xB0B486A0, offset=0x00000000, len=12, flags=0x00000010 : out VA=0xAB718000, offset=0x00000000sec:0x0, 0x0, pending=2
08-10 14:38:18.208 D/MtkOmxVenc(  493): [0xb0b7f000] ret 0, wait fence 111 took 11453 us
08-10 14:38:18.213 D/MtkOmxVenc(  493): [0xb0b7f000] AVC EncTime=15967 (us), RGB_2_YUV=0, FrameCount= 17794, buf timestamp=11918526 (11918526393) IsKey(0), Size(578)  Slotbitcount(217856) : in VA=0xB0B486E0, offset=0x00000000, len=12, flags=0x00000010 : out VA=0xAB142000, offset=0x00000000sec:0x0, 0x0, pending=1
08-10 14:38:18.225 D/MtkOmxVenc(  493): [0xb0b7f000] ret 0, wait fence 111 took 10787 us
08-10 14:38:18.232 D/MtkOmxVenc(  493): [0xb0b7f000] AVC EncTime=18436 (us), RGB_2_YUV=0, FrameCount= 17795, buf timestamp=11918543 (11918543016) IsKey(0), Size(578)  Slotbitcount(222480) : in VA=0xB0B48720, offset=0x00000000, len=12, flags=0x00000010 : out VA=0xAACC1000, offset=0x00000000sec:0x0, 0x0, pending=2
08-10 14:38:18.249 D/MtkOmxVenc(  493): [0xb0b7f000] AVC EncTime=16120 (us), RGB_2_YUV=0, FrameCount= 17796, buf timestamp=11918559 (11918559147) IsKey(0), Size(578)  Slotbitcount(227104) : in VA=0xB0B48460, offset=0x00000000, len=12, flags=0x00000010 : out VA=0xAA9C1000, offset=0x00000000sec:0x0, 0x0, pending=2
08-10 14:38:18.264 D/MtkOmxVenc(  493): [0xb0b7f000] AVC EncTime=14172 (us), RGB_2_YUV=0, FrameCount= 17797, buf timestamp=11918575 (11918575842) IsKey(0), Size(578)  Slotbitcount(231728) : in VA=0xB0B484A0, offset=0x00000000, len=12, flags=0x00000010 : out VA=0xAA6C1000, offset=0x00000000sec:0x0, 0x0, pending=2
08-10 14:38:18.275 D/MtkOmxVenc(  493): [0xb0b7f000] ret 0, wait fence 111 took 10812 us
08-10 14:38:18.280 D/MtkOmxVenc(  493): [0xb0b7f000] AVC EncTime=15988 (us), RGB_2_YUV=0, FrameCount= 17798, buf timestamp=11918593 (11918593024) IsKey(0), Size(578)  Slotbitcount(236352) : in VA=0xB0B484E0, offset=0x00000000, len=12, flags=0x00000010 : out VA=0xAA3C1000, offset=0x00000000sec:0x0, 0x0, pending=2
08-10 14:38:18.292 D/MtkOmxVenc(  493): [0xb0b7f000] ret 0, wait fence 111 took 11272 us
08-10 14:38:18.296 D/MtkOmxVenc(  493): [0xb0b7f000] AVC EncTime=15960 (us), RGB_2_YUV=0, FrameCount= 17799, buf timestamp=11918609 (11918609815) IsKey(0), Size(578)  Slotbitcount(240976) : in VA=0xB0B48520, offset=0x00000000, len=12, flags=0x00000010 : out VA=0xABD18000, offset=0x00000000sec:0x0, 0x0, pending=1
08-10 14:38:18.308 D/MtkOmxVenc(  493): [0xb0b7f000] ret 0, wait fence 111 took 11531 us
08-10 14:38:18.317 D/MtkOmxVenc(  493): [0xb0b7f000] AVC EncTime=19951 (us), RGB_2_YUV=0, FrameCount= 17800, buf timestamp=11918626 (11918626439) IsKey(0), Size(578)  Slotbitcount(245600) : in VA=0xB0B48560, offset=0x00000000, len=12, flags=0x00000010 : out VA=0xABA18000, offset=0x00000000sec:0x0, 0x0, pending=2
08-10 14:38:18.329 D/MtkOmxVenc(  493): [0xb0b7f000] AVC EncTime=12231 (us), RGB_2_YUV=0, FrameCount= 17801, buf timestamp=11918642 (11918642924) IsKey(0), Size(578)  Slotbitcount(250224) : in VA=0xB0B485A0, offset=0x00000000, len=12, flags=0x00000010 : out VA=0xAB718000, offset=0x00000000sec:0x0, 0x0, pending=2
08-10 14:38:18.341 D/MtkOmxVenc(  493): [0xb0b7f000] ret 0, wait fence 111 took 11497 us
08-10 14:38:18.349 D/MtkOmxVenc(  493): [0xb0b7f000] AVC EncTime=19461 (us), RGB_2_YUV=0, FrameCount= 17802, buf timestamp=11918659 (11918659177) IsKey(0), Size(578)  Slotbitcount(254848) : in VA=0xB0B485E0, offset=0x00000000, len=12, flags=0x00000010 : out VA=0xAB142000, offset=0x00000000sec:0x0, 0x0, pending=2
08-10 14:38:18.364 D/MtkOmxVenc(  493): [0xb0b7f000] AVC EncTime=14198 (us), RGB_2_YUV=0, FrameCount= 17803, buf timestamp=11918676 (11918676263) IsKey(0), Size(578)  Slotbitcount(259472) : in VA=0xB0B48620, offset=0x00000000, len=12, flags=0x00000010 : out VA=0xAACC1000, offset=0x00000000sec:0x0, 0x0, pending=2
08-10 14:38:18.375 D/MtkOmxVenc(  493): [0xb0b7f000] ret 0, wait fence 111 took 10824 us
08-10 14:38:18.380 D/MtkOmxVenc(  493): [0xb0b7f000] AVC EncTime=15239 (us), RGB_2_YUV=0, FrameCount= 17804, buf timestamp=11918692 (11918692960) IsKey(0), Size(578)  Slotbitcount(264096) : in VA=0xB0B48660, offset=0x00000000, len=12, flags=0x00000010 : out VA=0xAA9C1000, offset=0x00000000sec:0x0, 0x0, pending=2
08-10 14:38:18.392 D/MtkOmxVenc(  493): [0xb0b7f000] ret 0, wait fence 111 took 12109 us
08-10 14:38:18.396 D/MtkOmxVenc(  493): [0xb0b7f000] AVC EncTime=16525 (us), RGB_2_YUV=0, FrameCount= 17805, buf timestamp=11918709 (11918709177) IsKey(0), Size(578)  Slotbitcount(268720) : in VA=0xB0B486A0, offset=0x00000000, len=12, flags=0x00000010 : out VA=0xAA6C1000, offset=0x00000000sec:0x0, 0x0, pending=2
08-10 14:38:18.408 D/MtkOmxVenc(  493): [0xb0b7f000] ret 0, wait fence 111 took 11546 us
08-10 14:38:18.414 D/MtkOmxVenc(  493): [0xb0b7f000] AVC EncTime=16905 (us), RGB_2_YUV=0, FrameCount= 17806, buf timestamp=11918726 (11918726157) IsKey(0), Size(578)  Slotbitcount(273344) : in VA=0xB0B486E0, offset=0x00000000, len=12, flags=0x00000010 : out VA=0xAA3C1000, offset=0x00000000sec:0x0, 0x0, pending=2
08-10 14:38:18.425 D/MtkOmxVenc(  493): [0xb0b7f000] ret 0, wait fence 111 took 11132 us
08-10 14:38:18.428 I/hwcomposer(  435): [HWCDisplay] [Display_2 (type:2)] fps:59.977455,dur:1000.38,max:17.88,min:15.46  
08-10 14:38:18.431 I/hwcomposer(  435): [HWCDisplay] [Display_0 (type:1)] fps:59.981880,dur:1000.30,max:18.25,min:13.58  
08-10 14:38:18.433 D/MtkOmxVenc(  493): [0xb0b7f000] AVC EncTime=19620 (us), RGB_2_YUV=0, FrameCount= 17807, buf timestamp=11918742 (11918742705) IsKey(0), Size(578)  Slotbitcount(277968) : in VA=0xB0B48720, offset=0x00000000, len=12, flags=0x00000010 : out VA=0xABD18000, offset=0x00000000sec:0x0, 0x0, pending=2
08-10 14:38:18.446 D/MtkOmxVenc(  493): [0xb0b7f000] AVC EncTime=11875 (us), RGB_2_YUV=0, FrameCount= 17808, buf timestamp=11918759 (11918759897) IsKey(0), Size(578)  Slotbitcount(4624) : in VA=0xB0B48460, offset=0x00000000, len=12, flags=0x00000010 : out VA=0xABA18000, offset=0x00000000sec:0x0, 0x0, pending=2
08-10 14:38:18.458 D/MtkOmxVenc(  493): [0xb0b7f000] ret 0, wait fence 111 took 11299 us
08-10 14:38:18.462 D/MtkOmxVenc(  493): [0xb0b7f000] AVC EncTime=15816 (us), RGB_2_YUV=0, FrameCount= 17809, buf timestamp=11918775 (11918775757) IsKey(0), Size(596)  Slotbitcount(9392) : in VA=0xB0B484A0, offset=0x00000000, len=12, flags=0x00000010 : out VA=0xAB718000, offset=0x00000000sec:0x0, 0x0, pending=1
08-10 14:38:18.474 D/MtkOmxVenc(  493): [0xb0b7f000] ret 0, wait fence 111 took 11554 us
08-10 14:38:18.479 D/MtkOmxVenc(  493): [0xb0b7f000] AVC EncTime=16251 (us), RGB_2_YUV=0, FrameCount= 17810, buf timestamp=11918792 (11918792919) IsKey(0), Size(703)  Slotbitcount(15016) : in VA=0xB0B484E0, offset=0x00000000, len=12, flags=0x00000010 : out VA=0xAB142000, offset=0x00000000sec:0x0, 0x0, pending=1
08-10 14:38:18.491 D/MtkOmxVenc(  493): [0xb0b7f000] ret 0, wait fence 111 took 10667 us
08-10 14:38:18.499 D/MtkOmxVenc(  493): [0xb0b7f000] AVC EncTime=18535 (us), RGB_2_YUV=0, FrameCount= 17811, buf timestamp=11918809 (11918809642) IsKey(0), Size(613)  Slotbitcount(19920) : in VA=0xB0B48520, offset=0x00000000, len=12, flags=0x00000010 : out VA=0xAACC1000, offset=0x00000000sec:0x0, 0x0, pending=2
08-10 14:38:18.513 D/MtkOmxVenc(  493): [0xb0b7f000] AVC EncTime=13555 (us), RGB_2_YUV=0, FrameCount= 17812, buf timestamp=11918825 (11918825759) IsKey(0), Size(750)  Slotbitcount(25920) : in VA=0xB0B48560, offset=0x00000000, len=12, flags=0x00000010 : out VA=0xAA9C1000, offset=0x00000000sec:0x0, 0x0, pending=2
08-10 14:38:18.524 D/MtkOmxVenc(  493): [0xb0b7f000] ret 0, wait fence 111 took 11063 us
08-10 14:38:18.529 D/MtkOmxVenc(  493): [0xb0b7f000] AVC EncTime=15441 (us), RGB_2_YUV=0, FrameCount= 17813, buf timestamp=11918842 (11918842884) IsKey(0), Size(751)  Slotbitcount(31928) : in VA=0xB0B485A0, offset=0x00000000, len=12, flags=0x00000010 : out VA=0xAA6C1000, offset=0x00000000sec:0x0, 0x0, pending=1
08-10 14:38:18.541 D/MtkOmxVenc(  493): [0xb0b7f000] ret 0, wait fence 111 took 11242 us
08-10 14:38:18.545 D/MtkOmxVenc(  493): [0xb0b7f000] AVC EncTime=15659 (us), RGB_2_YUV=0, FrameCount= 17814, buf timestamp=11918858 (11918858756) IsKey(0), Size(700)  Slotbitcount(37528) : in VA=0xB0B485E0, offset=0x00000000, len=12, flags=0x00000010 : out VA=0xAA3C1000, offset=0x00000000sec:0x0, 0x0, pending=2
08-10 14:38:18.558 D/MtkOmxVenc(  493): [0xb0b7f000] ret 0, wait fence 111 took 12693 us
08-10 14:38:18.566 D/MtkOmxVenc(  493): [0xb0b7f000] AVC EncTime=20737 (us), RGB_2_YUV=0, FrameCount= 17815, buf timestamp=11918874 (11918874969) IsKey(0), Size(743)  Slotbitcount(43472) : in VA=0xB0B48620, offset=0x00000000, len=12, flags=0x00000010 : out VA=0xABD18000, offset=0x00000000sec:0x0, 0x0, pending=2
08-10 14:38:18.582 D/MtkOmxVenc(  493): [0xb0b7f000] AVC EncTime=15421 (us), RGB_2_YUV=0, FrameCount= 17816, buf timestamp=11918892 (11918892926) IsKey(0), Size(764)  Slotbitcount(49584) : in VA=0xB0B48660, offset=0x00000000, len=12, flags=0x00000010 : out VA=0xABA18000, offset=0x00000000sec:0x0, 0x0, pending=2
08-10 14:38:18.595 D/MtkOmxVenc(  493): [0xb0b7f000] AVC EncTime=13195 (us), RGB_2_YUV=0, FrameCount= 17817, buf timestamp=11918909 (11918909588) IsKey(0), Size(755)  Slotbitcount(55624) : in VA=0xB0B486A0, offset=0x00000000, len=12, flags=0x00000010 : out VA=0xAB718000, offset=0x00000000sec:0x0, 0x0, pending=2
08-10 14:38:18.608 D/MtkOmxVenc(  493): [0xb0b7f000] ret 0, wait fence 111 took 12628 us
08-10 14:38:18.613 D/MtkOmxVenc(  493): [0xb0b7f000] AVC EncTime=17020 (us), RGB_2_YUV=0, FrameCount= 17818, buf timestamp=11918925 (11918925549) IsKey(0), Size(739)  Slotbitcount(61536) : in VA=0xB0B486E0, offset=0x00000000, len=12, flags=0x00000010 : out VA=0xAB142000, offset=0x00000000sec:0x0, 0x0, pending=2
08-10 14:38:18.625 D/MtkOmxVenc(  493): [0xb0b7f000] ret 0, wait fence 111 took 11628 us
08-10 14:38:18.630 D/MtkOmxVenc(  493): [0xb0b7f000] AVC EncTime=16945 (us), RGB_2_YUV=0, FrameCount= 17819, buf timestamp=11918941 (11918941729) IsKey(0), Size(781)  Slotbitcount(67784) : in VA=0xB0B48720, offset=0x00000000, len=12, flags=0x00000010 : out VA=0xAACC1000, offset=0x00000000sec:0x0, 0x0, pending=2
08-10 14:38:18.641 D/MtkOmxVenc(  493): [0xb0b7f000] ret 0, wait fence 111 took 11141 us
08-10 14:38:18.646 D/MtkOmxVenc(  493): [0xb0b7f000] AVC EncTime=15734 (us), RGB_2_YUV=0, FrameCount= 17820, buf timestamp=11918959 (11918959784) IsKey(0), Size(788)  Slotbitcount(74088) : in VA=0xB0B48460, offset=0x00000000, len=12, flags=0x00000010 : out VA=0xAA9C1000, offset=0x00000000sec:0x0, 0x0, pending=1
08-10 14:38:18.658 D/MtkOmxVenc(  493): [0xb0b7f000] ret 0, wait fence 111 took 11808 us
08-10 14:38:18.666 D/MtkOmxVenc(  493): [0xb0b7f000] AVC EncTime=19503 (us), RGB_2_YUV=0, FrameCount= 17821, buf timestamp=11918976 (11918976237) IsKey(0), Size(775)  Slotbitcount(80288) : in VA=0xB0B484A0, offset=0x00000000, len=12, flags=0x00000010 : out VA=0xAA6C1000, offset=0x00000000sec:0x0, 0x0, pending=2
08-10 14:38:18.679 D/MtkOmxVenc(  493): [0xb0b7f000] AVC EncTime=13453 (us), RGB_2_YUV=0, FrameCount= 17822, buf timestamp=11918992 (11918992477) IsKey(0), Size(786)  Slotbitcount(86576) : in VA=0xB0B484E0, offset=0x00000000, len=12, flags=0x00000010 : out VA=0xAA3C1000, offset=0x00000000sec:0x0, 0x0, pending=2
08-10 14:38:18.691 D/MtkOmxVenc(  493): [0xb0b7f000] ret 0, wait fence 111 took 11562 us
08-10 14:38:18.696 D/MtkOmxVenc(  493): [0xb0b7f000] AVC EncTime=16248 (us), RGB_2_YUV=0, FrameCount= 17823, buf timestamp=11919009 (11919009277) IsKey(0), Size(787)  Slotbitcount(92872) : in VA=0xB0B48520, offset=0x00000000, len=12, flags=0x00000010 : out VA=0xABD18000, offset=0x00000000sec:0x0, 0x0, pending=1
08-10 14:38:18.708 D/MtkOmxVenc(  493): [0xb0b7f000] ret 0, wait fence 111 took 11500 us
08-10 14:38:18.712 D/MtkOmxVenc(  493): [0xb0b7f000] AVC EncTime=15858 (us), RGB_2_YUV=0, FrameCount= 17824, buf timestamp=11919026 (11919026119) IsKey(0), Size(767)  Slotbitcount(99008) : in VA=0xB0B48560, offset=0x00000000, len=12, flags=0x00000010 : out VA=0xABA18000, offset=0x00000000sec:0x0, 0x0, pending=2
08-10 14:38:18.724 D/MtkOmxVenc(  493): [0xb0b7f000] ret 0, wait fence 111 took 11991 us
08-10 14:38:18.730 D/MtkOmxVenc(  493): [0xb0b7f000] AVC EncTime=17260 (us), RGB_2_YUV=0, FrameCount= 17825, buf timestamp=11919041 (11919041914) IsKey(0), Size(813)  Slotbitcount(105512) : in VA=0xB0B485A0, offset=0x00000000, len=12, flags=0x00000010 : out VA=0xAB718000, offset=0x00000000sec:0x0, 0x0, pending=2
