--------- beginning of crash
08-10 13:48:22.686 F/libc    (10083): Fatal signal 6 (SIGABRT), code -1 (SI_QUEUE) in tid 10083 (main), pid 10083 (main)
08-10 13:48:22.768 F/DEBUG   (10096): *** *** *** *** *** *** *** *** *** *** *** *** *** *** *** ***
08-10 13:48:22.768 F/DEBUG   (10096): Build fingerprint: 'samsung/a01coredd/a01core:10/QP1A.190711.020/M013FDDU4AUF2:user/release-keys'
08-10 13:48:22.768 F/DEBUG   (10096): Revision: '4'
08-10 13:48:22.768 F/DEBUG   (10096): ABI: 'arm'
08-10 13:48:22.769 F/DEBUG   (10096): Timestamp: 2021-08-10 13:48:22+0530
08-10 13:48:22.770 F/DEBUG   (10096): pid: 10083, tid: 10083, name: main  >>> /system/bin/app_process32 <<<
08-10 13:48:22.770 F/DEBUG   (10096): uid: 2000
08-10 13:48:22.770 F/DEBUG   (10096): signal 6 (SIGABRT), code -1 (SI_QUEUE), fault addr --------
08-10 13:48:22.770 F/DEBUG   (10096): Abort message: 'No pending exception expected: java.lang.ClassNotFoundException: com.koushikdutta.vysor.ProtocolCheckMain
08-10 13:48:22.770 F/DEBUG   (10096): (Throwable with empty stack trace)
08-10 13:48:22.770 F/DEBUG   (10096): '
08-10 13:48:22.770 F/DEBUG   (10096):     r0  00000000  r1  00002763  r2  00000006  r3  bef2b150
08-10 13:48:22.770 F/DEBUG   (10096):     r4  bef2b164  r5  bef2b148  r6  00002763  r7  0000016b
08-10 13:48:22.770 F/DEBUG   (10096):     r8  bef2b160  r9  bef2b150  r10 bef2b180  r11 bef2b170
08-10 13:48:22.770 F/DEBUG   (10096):     ip  00002763  sp  bef2b120  lr  ab7572a3  pc  ab7572b6
08-10 13:48:23.361 F/DEBUG   (10096): 
08-10 13:48:23.361 F/DEBUG   (10096): backtrace:
08-10 13:48:23.361 F/DEBUG   (10096):       #00 pc 0005f2b6  /apex/com.android.runtime/lib/bionic/libc.so (abort+166) (BuildId: f1421710fd0343113610f6d5010d3e82)
08-10 13:48:23.361 F/DEBUG   (10096):       #01 pc 00376809  /apex/com.android.runtime/lib/libart.so (art::Runtime::Abort(char const*)+1676) (BuildId: 9abc45ce984bae2a6b8b2849742919ae)
08-10 13:48:23.362 F/DEBUG   (10096):       #02 pc 0000855f  /system/lib/libbase.so (android::base::LogMessage::~LogMessage()+406) (BuildId: a28585ee446ea17e3e6fcf9c907fff2a)
08-10 13:48:23.362 F/DEBUG   (10096):       #03 pc 003ab419  /apex/com.android.runtime/lib/libart.so (art::Thread::AssertNoPendingException() const+812) (BuildId: 9abc45ce984bae2a6b8b2849742919ae)
08-10 13:48:23.362 F/DEBUG   (10096):       #04 pc 000f7c1f  /apex/com.android.runtime/lib/libart.so (art::ClassLinker::FindClass(art::Thread*, char const*, art::Handle<art::mirror::ClassLoader>)+30) (BuildId: 9abc45ce984bae2a6b8b2849742919ae)
08-10 13:48:23.362 F/DEBUG   (10096):       #05 pc 0028ef09  /apex/com.android.runtime/lib/libart.so (art::JNI::FindClass(_JNIEnv*, char const*)+1032) (BuildId: 9abc45ce984bae2a6b8b2849742919ae)
08-10 13:48:23.363 F/DEBUG   (10096):       #06 pc 00002029  /apex/com.android.runtime/lib/libnativehelper.so (jniRegisterNativeMethods+20) (BuildId: b04a3f8862750a6f90d59f3e7c3b4ed8)
08-10 13:48:23.363 F/DEBUG   (10096):       #07 pc 000a003d  /system/lib/libandroid_runtime.so (android::register_com_android_internal_os_RuntimeInit(_JNIEnv*)+44) (BuildId: c19ec976fb6a82159989c66a3ac93c81)
08-10 13:48:23.363 F/DEBUG   (10096):       #08 pc 000a2993  /system/lib/libandroid_runtime.so (android::AndroidRuntime::startReg(_JNIEnv*)+66) (BuildId: c19ec976fb6a82159989c66a3ac93c81)
08-10 13:48:23.363 F/DEBUG   (10096):       #09 pc 000a26f5  /system/lib/libandroid_runtime.so (android::AndroidRuntime::start(char const*, android::Vector<android::String8> const&, bool)+320) (BuildId: c19ec976fb6a82159989c66a3ac93c81)
08-10 13:48:23.363 F/DEBUG   (10096):       #10 pc 000022ff  /system/bin/app_process32 (main+698) (BuildId: dac4472c40d734b550c77459763c17c8)
08-10 13:48:23.363 F/DEBUG   (10096):       #11 pc 00059901  /apex/com.android.runtime/lib/bionic/libc.so (__libc_init+68) (BuildId: f1421710fd0343113610f6d5010d3e82)
08-10 13:48:23.364 F/DEBUG   (10096):       #12 pc 0000202f  /system/bin/app_process32 (_start_main+38) (BuildId: dac4472c40d734b550c77459763c17c8)
08-10 13:48:23.364 F/DEBUG   (10096):       #13 pc 00004456  <anonymous:ae304000>
--------- beginning of system
08-10 14:31:03.457 D/BatteryService(  784): online:4, current avg:457, charge type:1, POGO powered:false, power sharing:false, high voltage charger:false, charger_type:0, capacity:280000, misc_event:65536, current_event:0, current_now:462
08-10 14:31:03.460 D/UsbDeviceManager(  784): received ACTION_BATTERY_CHANGED
08-10 14:31:03.462 D/UsbDeviceManager(  784): handleMessage -> MSG_UPDATE_CHARGING_STATE: mUsbCharging=true
08-10 14:31:06.966 E/Watchdog(  784): !@Sync 382 [2021-08-10 14:31:06.966] FD count : 351, wdog_way : softdog
08-10 14:31:09.835 D/io_stats(  360): !@ 179,0 r 512147 11197275 w 155134 3693628 d 50896 2473740 f 139397 178917 iot 369240 326624 th 51200 0 0 pt 0 inp 0 0 11490.164
08-10 14:31:13.163 I/PowerManagerService(  784): [PWL] Off : 140s ago 
08-10 14:31:13.488 D/SSRM:ja (  784): SIOP:: AP = 360, PST = 373 (W:16), BAT = 338, USB = 0, CHG = 0, CP = 365
08-10 14:31:13.536 D/BatteryService(  784): mHealthInfo.batteryLevel: 60
08-10 14:31:13.537 D/BatteryService(  784): Sending ACTION_BATTERY_CHANGED. scale:100, info:{.chargerAcOnline = false, .chargerUsbOnline = true, .chargerWirelessOnline = false, .maxChargingCurrent = 0, .maxChargingVoltage = 0, .batteryStatus = CHARGING, .batteryHealth = GOOD, .batteryPresent = true, .batteryLevel = 60, .batteryVoltage = 3998, .batteryTemperature = 338, .batteryCurrent = 0, .batteryCycleCount = 0, .batteryFullCharge = 3000000, .batteryChargeCounter = 1815000, .batteryTechnology = Li-ion}
08-10 14:31:13.537 D/BatteryService(  784): online:4, current avg:458, charge type:1, POGO powered:false, power sharing:false, high voltage charger:false, charger_type:0, capacity:280000, misc_event:65536, current_event:0, current_now:456
08-10 14:31:13.539 D/UsbDeviceManager(  784): received ACTION_BATTERY_CHANGED
08-10 14:31:13.542 D/UsbDeviceManager(  784): handleMessage -> MSG_UPDATE_CHARGING_STATE: mUsbCharging=true
08-10 14:31:19.813 D/MARsDBManager(  784): updatePkgsToSMDB : begin --size 0
08-10 14:31:19.813 D/MARsDBManager(  784): updatePkgsToSMDB : end
08-10 14:31:23.543 D/SSRM:ja (  784): SIOP:: AP = 360, PST = 371 (W:16), BAT = 338, USB = 0, CHG = 0, CP = 364
08-10 14:31:23.617 D/BatteryService(  784): mHealthInfo.batteryLevel: 60
08-10 14:31:23.617 D/BatteryService(  784): Sending ACTION_BATTERY_CHANGED. scale:100, info:{.chargerAcOnline = false, .chargerUsbOnline = true, .chargerWirelessOnline = false, .maxChargingCurrent = 0, .maxChargingVoltage = 0, .batteryStatus = CHARGING, .batteryHealth = GOOD, .batteryPresent = true, .batteryLevel = 60, .batteryVoltage = 3999, .batteryTemperature = 337, .batteryCurrent = 0, .batteryCycleCount = 0, .batteryFullCharge = 3000000, .batteryChargeCounter = 1818000, .batteryTechnology = Li-ion}
08-10 14:31:23.617 D/BatteryService(  784): online:4, current avg:452, charge type:1, POGO powered:false, power sharing:false, high voltage charger:false, charger_type:0, capacity:280000, misc_event:65536, current_event:0, current_now:449
08-10 14:31:23.619 D/UsbDeviceManager(  784): received ACTION_BATTERY_CHANGED
08-10 14:31:23.622 D/UsbDeviceManager(  784): handleMessage -> MSG_UPDATE_CHARGING_STATE: mUsbCharging=true
08-10 14:31:29.855 D/io_stats(  360): !@ 179,0 r 512147 11197275 w 155139 3693648 d 50896 2473740 f 139397 178917 iot 369240 326625 th 51200 0 0 pt 0 inp 0 0 11510.184
08-10 14:31:30.621 D/MARsDBManager(  784): updatePkgsToSMDB : begin --size 0
08-10 14:31:30.622 D/MARsDBManager(  784): updatePkgsToSMDB : end
08-10 14:31:33.664 D/SSRM:ja (  784): SIOP:: AP = 360, PST = 370 (W:16), BAT = 337, USB = 0, CHG = 0, CP = 363
08-10 14:31:33.697 D/BatteryService(  784): mHealthInfo.batteryLevel: 60
08-10 14:31:33.697 D/BatteryService(  784): Sending ACTION_BATTERY_CHANGED. scale:100, info:{.chargerAcOnline = false, .chargerUsbOnline = true, .chargerWirelessOnline = false, .maxChargingCurrent = 0, .maxChargingVoltage = 0, .batteryStatus = CHARGING, .batteryHealth = GOOD, .batteryPresent = true, .batteryLevel = 60, .batteryVoltage = 3999, .batteryTemperature = 337, .batteryCurrent = 0, .batteryCycleCount = 0, .batteryFullCharge = 3000000, .batteryChargeCounter = 1818000, .batteryTechnology = Li-ion}
08-10 14:31:33.697 D/BatteryService(  784): online:4, current avg:454, charge type:1, POGO powered:false, power sharing:false, high voltage charger:false, charger_type:0, capacity:280000, misc_event:65536, current_event:0, current_now:364
08-10 14:31:33.699 D/UsbDeviceManager(  784): received ACTION_BATTERY_CHANGED
08-10 14:31:33.700 D/UsbDeviceManager(  784): handleMessage -> MSG_UPDATE_CHARGING_STATE: mUsbCharging=true
08-10 14:31:35.370 W/ActivityManager(  784): Stopping service due to app idle: u0a154 -1m19s442ms com.whatsapp/.messaging.MessageService
08-10 14:31:35.374 I/ActivityManager(  784): Killing 23433:com.android.chrome:sandboxed_process0:org.chromium.content.app.SandboxedProcessService0:1/u0a149i-9000 (adj 999): empty #16
08-10 14:31:35.399 V/ActivityManager(  784): Death received in com.android.server.am.ActivityManagerService$AppDeathRecipient@1e3d76c for thread android.os.BinderProxy@32dd135, mPid:23433,mApp:ProcessRecord{43e69ca 23433:com.android.chrome:sandboxed_process0:org.chromium.content.app.SandboxedProcessService0:1/u0a149i-9000}
08-10 14:31:35.403 W/ActivityManager(  784): Exception when unbinding service com.android.chrome/org.chromium.content.app.SandboxedProcessService0:1
08-10 14:31:35.403 W/ActivityManager(  784): android.os.DeadObjectException
08-10 14:31:35.403 W/ActivityManager(  784): 	at android.os.BinderProxy.transactNative(Native Method)
08-10 14:31:35.403 W/ActivityManager(  784): 	at android.os.BinderProxy.transact(BinderProxy.java:510)
08-10 14:31:35.403 W/ActivityManager(  784): 	at android.app.IApplicationThread$Stub$Proxy.scheduleUnbindService(IApplicationThread.java:1661)
08-10 14:31:35.403 W/ActivityManager(  784): 	at com.android.server.am.ActiveServices.removeConnectionLocked(ActiveServices.java:3294)
08-10 14:31:35.403 W/ActivityManager(  784): 	at com.android.server.am.ActiveServices.unbindServiceLocked(ActiveServices.java:1992)
08-10 14:31:35.403 W/ActivityManager(  784): 	at com.android.server.am.ActivityManagerService.unbindService(ActivityManagerService.java:14962)
08-10 14:31:35.403 W/ActivityManager(  784): 	at android.app.IActivityManager$Stub.onTransact(IActivityManager.java:2289)
08-10 14:31:35.403 W/ActivityManager(  784): 	at com.android.server.am.ActivityManagerService.onTransact(ActivityManagerService.java:2984)
08-10 14:31:35.403 W/ActivityManager(  784): 	at android.os.Binder.execTransactInternal(Binder.java:1021)
08-10 14:31:35.403 W/ActivityManager(  784): 	at android.os.Binder.execTransact(Binder.java:994)
08-10 14:31:35.425 D/KernelCpuUidUserSysTimeReader(  784): Removing uids 90000-90000
08-10 14:31:36.971 E/Watchdog(  784): !@Sync 383 [2021-08-10 14:31:36.970] FD count : 351, wdog_way : softdog
08-10 14:31:39.865 D/io_stats(  360): !@ 179,0 r 512147 11197275 w 155151 3693728 d 50896 2473740 f 139397 178917 iot 369240 326626 th 51200 0 0 pt 0 inp 0 0 11520.194
08-10 14:31:43.730 D/SSRM:ja (  784): SIOP:: AP = 360, PST = 368 (W:18), BAT = 337, USB = 0, CHG = 0, CP = 363
08-10 14:31:43.778 D/BatteryService(  784): mHealthInfo.batteryLevel: 60
08-10 14:31:43.778 D/BatteryService(  784): Sending ACTION_BATTERY_CHANGED. scale:100, info:{.chargerAcOnline = false, .chargerUsbOnline = true, .chargerWirelessOnline = false, .maxChargingCurrent = 0, .maxChargingVoltage = 0, .batteryStatus = CHARGING, .batteryHealth = GOOD, .batteryPresent = true, .batteryLevel = 60, .batteryVoltage = 4000, .batteryTemperature = 336, .batteryCurrent = 0, .batteryCycleCount = 0, .batteryFullCharge = 3000000, .batteryChargeCounter = 1821000, .batteryTechnology = Li-ion}
08-10 14:31:43.778 D/BatteryService(  784): online:4, current avg:450, charge type:1, POGO powered:false, power sharing:false, high voltage charger:false, charger_type:0, capacity:280000, misc_event:65536, current_event:0, current_now:466
08-10 14:31:43.780 D/UsbDeviceManager(  784): received ACTION_BATTERY_CHANGED
08-10 14:31:43.781 D/UsbDeviceManager(  784): handleMessage -> MSG_UPDATE_CHARGING_STATE: mUsbCharging=true
08-10 14:31:44.870 D/io_stats(  360): !@ 179,0 r 512147 11197275 w 155157 3693920 d 50896 2473740 f 139413 178936 iot 369250 326636 th 51200 0 0 pt 0 inp 0 0 11525.199
08-10 14:31:49.875 D/io_stats(  360): !@ 179,0 r 512147 11197275 w 155159 3693928 d 50896 2473740 f 139413 178936 iot 369250 326637 th 51200 0 0 pt 0 inp 0 0 11530.204
08-10 14:31:53.173 I/PowerManagerService(  784): [PWL] Off : 180s ago 
08-10 14:31:53.785 D/SSRM:ja (  784): SIOP:: AP = 360, PST = 366 (W:18), BAT = 336, USB = 0, CHG = 0, CP = 362
08-10 14:31:53.858 D/BatteryService(  784): mHealthInfo.batteryLevel: 60
08-10 14:31:53.858 D/BatteryService(  784): Sending ACTION_BATTERY_CHANGED. scale:100, info:{.chargerAcOnline = false, .chargerUsbOnline = true, .chargerWirelessOnline = false, .maxChargingCurrent = 0, .maxChargingVoltage = 0, .batteryStatus = CHARGING, .batteryHealth = GOOD, .batteryPresent = true, .batteryLevel = 60, .batteryVoltage = 4001, .batteryTemperature = 335, .batteryCurrent = 0, .batteryCycleCount = 0, .batteryFullCharge = 3000000, .batteryChargeCounter = 1821000, .batteryTechnology = Li-ion}
08-10 14:31:53.858 D/BatteryService(  784): online:4, current avg:455, charge type:1, POGO powered:false, power sharing:false, high voltage charger:false, charger_type:0, capacity:280000, misc_event:65536, current_event:0, current_now:464
08-10 14:31:53.860 D/UsbDeviceManager(  784): received ACTION_BATTERY_CHANGED
08-10 14:31:53.861 D/UsbDeviceManager(  784): handleMessage -> MSG_UPDATE_CHARGING_STATE: mUsbCharging=true
08-10 14:31:59.885 D/io_stats(  360): !@ 179,0 r 512147 11197275 w 155162 3693940 d 50924 2473952 f 139413 178936 iot 369250 326641 th 51200 0 0 pt 0 inp 0 0 11540.215
08-10 14:32:03.904 D/SSRM:ja (  784): SIOP:: AP = 360, PST = 365 (W:18), BAT = 335, USB = 0, CHG = 0, CP = 362
08-10 14:32:03.936 D/BatteryService(  784): mHealthInfo.batteryLevel: 60
08-10 14:32:03.936 D/BatteryService(  784): Sending ACTION_BATTERY_CHANGED. scale:100, info:{.chargerAcOnline = false, .chargerUsbOnline = true, .chargerWirelessOnline = false, .maxChargingCurrent = 0, .maxChargingVoltage = 0, .batteryStatus = CHARGING, .batteryHealth = GOOD, .batteryPresent = true, .batteryLevel = 60, .batteryVoltage = 4001, .batteryTemperature = 335, .batteryCurrent = 0, .batteryCycleCount = 0, .batteryFullCharge = 3000000, .batteryChargeCounter = 1824000, .batteryTechnology = Li-ion}
08-10 14:32:03.936 D/BatteryService(  784): online:4, current avg:459, charge type:1, POGO powered:false, power sharing:false, high voltage charger:false, charger_type:0, capacity:280000, misc_event:65536, current_event:0, current_now:455
08-10 14:32:03.938 D/UsbDeviceManager(  784): received ACTION_BATTERY_CHANGED
08-10 14:32:03.939 D/UsbDeviceManager(  784): handleMessage -> MSG_UPDATE_CHARGING_STATE: mUsbCharging=true
08-10 14:32:06.975 E/Watchdog(  784): !@Sync 384 [2021-08-10 14:32:06.975] FD count : 350, wdog_way : softdog
08-10 14:32:09.895 D/io_stats(  360): !@ 179,0 r 512147 11197275 w 155166 3693956 d 50924 2473952 f 139413 178936 iot 369250 326642 th 51200 0 0 pt 0 inp 0 0 11550.225
08-10 14:32:13.969 D/SSRM:ja (  784): SIOP:: AP = 360, PST = 365 (W:18), BAT = 335, USB = 0, CHG = 0, CP = 360
08-10 14:32:14.021 D/BatteryService(  784): mHealthInfo.batteryLevel: 60
08-10 14:32:14.022 D/BatteryService(  784): Sending ACTION_BATTERY_CHANGED. scale:100, info:{.chargerAcOnline = false, .chargerUsbOnline = true, .chargerWirelessOnline = false, .maxChargingCurrent = 0, .maxChargingVoltage = 0, .batteryStatus = CHARGING, .batteryHealth = GOOD, .batteryPresent = true, .batteryLevel = 60, .batteryVoltage = 4002, .batteryTemperature = 335, .batteryCurrent = 0, .batteryCycleCount = 0, .batteryFullCharge = 3000000, .batteryChargeCounter = 1824000, .batteryTechnology = Li-ion}
08-10 14:32:14.022 D/BatteryService(  784): online:4, current avg:454, charge type:1, POGO powered:false, power sharing:false, high voltage charger:false, charger_type:0, capacity:280000, misc_event:65536, current_event:0, current_now:467
08-10 14:32:14.024 D/UsbDeviceManager(  784): received ACTION_BATTERY_CHANGED
08-10 14:32:14.024 D/UsbDeviceManager(  784): handleMessage -> MSG_UPDATE_CHARGING_STATE: mUsbCharging=true
08-10 14:32:23.636 D/timedetector.SimpleTimeDetectorStrategy(  784): adjustAndSetDeviceSystemClock: Not setting system clock. New time and system clock are close enough. elapsedRealtimeMillis=76378153 newTime=TimestampedValue{mReferenceTimeMillis=76378134, mValue=1628586143000} reason=New time signal systemClockUpdateThreshold=2000 absTimeDifference=617
08-10 14:32:24.028 D/SSRM:ja (  784): SIOP:: AP = 360, PST = 363 (W:20), BAT = 335, USB = 0, CHG = 0, CP = 361
08-10 14:32:24.097 D/BatteryService(  784): mHealthInfo.batteryLevel: 60
08-10 14:32:24.097 D/BatteryService(  784): Sending ACTION_BATTERY_CHANGED. scale:100, info:{.chargerAcOnline = false, .chargerUsbOnline = true, .chargerWirelessOnline = false, .maxChargingCurrent = 0, .maxChargingVoltage = 0, .batteryStatus = CHARGING, .batteryHealth = GOOD, .batteryPresent = true, .batteryLevel = 60, .batteryVoltage = 4002, .batteryTemperature = 334, .batteryCurrent = 0, .batteryCycleCount = 0, .batteryFullCharge = 3000000, .batteryChargeCounter = 1827000, .batteryTechnology = Li-ion}
08-10 14:32:24.097 D/BatteryService(  784): online:4, current avg:449, charge type:1, POGO powered:false, power sharing:false, high voltage charger:false, charger_type:0, capacity:280000, misc_event:65536, current_event:0, current_now:461
08-10 14:32:24.099 D/UsbDeviceManager(  784): received ACTION_BATTERY_CHANGED
08-10 14:32:24.100 D/UsbDeviceManager(  784): handleMessage -> MSG_UPDATE_CHARGING_STATE: mUsbCharging=true
08-10 14:32:24.910 D/io_stats(  360): !@ 179,0 r 512150 11197287 w 155172 3694004 d 50924 2473952 f 139415 178940 iot 369260 326645 th 51200 0 0 pt 0 inp 0 0 11565.240
08-10 14:32:29.916 D/io_stats(  360): !@ 179,0 r 512150 11197287 w 155176 3694020 d 50924 2473952 f 139415 178940 iot 369260 326646 th 51200 0 0 pt 0 inp 0 0 11570.245
08-10 14:32:34.143 D/SSRM:ja (  784): SIOP:: AP = 360, PST = 362 (W:20), BAT = 334, USB = 0, CHG = 0, CP = 360
08-10 14:32:34.176 D/BatteryService(  784): mHealthInfo.batteryLevel: 61
08-10 14:32:34.177 D/BatteryService(  784): Sending ACTION_BATTERY_CHANGED. scale:100, info:{.chargerAcOnline = false, .chargerUsbOnline = true, .chargerWirelessOnline = false, .maxChargingCurrent = 0, .maxChargingVoltage = 0, .batteryStatus = CHARGING, .batteryHealth = GOOD, .batteryPresent = true, .batteryLevel = 61, .batteryVoltage = 4002, .batteryTemperature = 334, .batteryCurrent = 0, .batteryCycleCount = 0, .batteryFullCharge = 3000000, .batteryChargeCounter = 1827000, .batteryTechnology = Li-ion}
08-10 14:32:34.177 D/BatteryService(  784): online:4, current avg:457, charge type:1, POGO powered:false, power sharing:false, high voltage charger:false, charger_type:0, capacity:280000, misc_event:65536, current_event:0, current_now:466
08-10 14:32:34.183 D/UsbDeviceManager(  784): received ACTION_BATTERY_CHANGED
08-10 14:32:34.184 D/UsbDeviceManager(  784): handleMessage -> MSG_UPDATE_CHARGING_STATE: mUsbCharging=true
08-10 14:32:34.187 I/NotificationService(  784): zero mdoe val = 0
08-10 14:32:34.920 D/io_stats(  360): !@ 179,0 r 512150 11197287 w 155177 3694036 d 50924 2473952 f 139416 178942 iot 369260 326647 th 51200 0 0 pt 0 inp 0 0 11575.250
08-10 14:32:36.980 E/Watchdog(  784): !@Sync 385 [2021-08-10 14:32:36.979] FD count : 350, wdog_way : softdog
08-10 14:32:38.177 I/PowerManagerService(  784): [PWL] Off : 225s ago 
08-10 14:32:39.926 D/io_stats(  360): !@ 179,0 r 512150 11197287 w 155185 3694080 d 50924 2473952 f 139416 178942 iot 369260 326648 th 51200 0 0 pt 0 inp 0 0 11580.255
08-10 14:32:44.212 D/SSRM:ja (  784): SIOP:: AP = 360, PST = 361 (W:20), BAT = 334, USB = 0, CHG = 0, CP = 359
08-10 14:32:44.257 D/BatteryService(  784): mHealthInfo.batteryLevel: 61
08-10 14:32:44.257 D/BatteryService(  784): Sending ACTION_BATTERY_CHANGED. scale:100, info:{.chargerAcOnline = false, .chargerUsbOnline = true, .chargerWirelessOnline = false, .maxChargingCurrent = 0, .maxChargingVoltage = 0, .batteryStatus = CHARGING, .batteryHealth = GOOD, .batteryPresent = true, .batteryLevel = 61, .batteryVoltage = 4003, .batteryTemperature = 333, .batteryCurrent = 0, .batteryCycleCount = 0, .batteryFullCharge = 3000000, .batteryChargeCounter = 1830000, .batteryTechnology = Li-ion}
08-10 14:32:44.257 D/BatteryService(  784): online:4, current avg:448, charge type:1, POGO powered:false, power sharing:false, high voltage charger:false, charger_type:0, capacity:280000, misc_event:65536, current_event:0, current_now:339
08-10 14:32:44.260 D/UsbDeviceManager(  784): received ACTION_BATTERY_CHANGED
08-10 14:32:44.276 D/UsbDeviceManager(  784): handleMessage -> MSG_UPDATE_CHARGING_STATE: mUsbCharging=true
08-10 14:32:44.931 D/io_stats(  360): !@ 179,0 r 512150 11197287 w 155190 3694184 d 50924 2473952 f 139426 178955 iot 369263 326653 th 51200 0 0 pt 0 inp 0 0 11585.260
08-10 14:32:49.936 D/io_stats(  360): !@ 179,0 r 512150 11197287 w 155193 3694196 d 50924 2473952 f 139426 178955 iot 369263 326654 th 51200 0 0 pt 0 inp 0 0 11590.265
08-10 14:32:54.272 D/SSRM:ja (  784): SIOP:: AP = 360, PST = 361 (W:20), BAT = 333, USB = 0, CHG = 0, CP = 359
08-10 14:32:54.336 D/BatteryService(  784): mHealthInfo.batteryLevel: 61
08-10 14:32:54.336 D/BatteryService(  784): Sending ACTION_BATTERY_CHANGED. scale:100, info:{.chargerAcOnline = false, .chargerUsbOnline = true, .chargerWirelessOnline = false, .maxChargingCurrent = 0, .maxChargingVoltage = 0, .batteryStatus = CHARGING, .batteryHealth = GOOD, .batteryPresent = true, .batteryLevel = 61, .batteryVoltage = 4002, .batteryTemperature = 333, .batteryCurrent = 0, .batteryCycleCount = 0, .batteryFullCharge = 3000000, .batteryChargeCounter = 1830000, .batteryTechnology = Li-ion}
08-10 14:32:54.336 D/BatteryService(  784): online:4, current avg:454, charge type:1, POGO powered:false, power sharing:false, high voltage charger:false, charger_type:0, capacity:280000, misc_event:65536, current_event:0, current_now:453
08-10 14:32:54.338 D/UsbDeviceManager(  784): received ACTION_BATTERY_CHANGED
08-10 14:32:54.338 D/UsbDeviceManager(  784): handleMessage -> MSG_UPDATE_CHARGING_STATE: mUsbCharging=true
08-10 14:32:59.946 D/io_stats(  360): !@ 179,0 r 512150 11197287 w 155197 3694212 d 50937 2474032 f 139426 178955 iot 369263 326656 th 51200 0 0 pt 0 inp 0 0 11600.275
08-10 14:33:04.383 D/SSRM:ja (  784): SIOP:: AP = 360, PST = 360 (W:22), BAT = 333, USB = 0, CHG = 0, CP = 359
08-10 14:33:04.418 D/BatteryService(  784): mHealthInfo.batteryLevel: 61
08-10 14:33:04.419 D/BatteryService(  784): Sending ACTION_BATTERY_CHANGED. scale:100, info:{.chargerAcOnline = false, .chargerUsbOnline = true, .chargerWirelessOnline = false, .maxChargingCurrent = 0, .maxChargingVoltage = 0, .batteryStatus = CHARGING, .batteryHealth = GOOD, .batteryPresent = true, .batteryLevel = 61, .batteryVoltage = 4004, .batteryTemperature = 332, .batteryCurrent = 0, .batteryCycleCount = 0, .batteryFullCharge = 3000000, .batteryChargeCounter = 1833000, .batteryTechnology = Li-ion}
08-10 14:33:04.419 D/BatteryService(  784): online:4, current avg:455, charge type:1, POGO powered:false, power sharing:false, high voltage charger:false, charger_type:0, capacity:280000, misc_event:65536, current_event:0, current_now:469
08-10 14:33:04.420 D/UsbDeviceManager(  784): received ACTION_BATTERY_CHANGED
08-10 14:33:04.421 D/UsbDeviceManager(  784): handleMessage -> MSG_UPDATE_CHARGING_STATE: mUsbCharging=true
08-10 14:33:06.984 E/Watchdog(  784): !@Sync 386 [2021-08-10 14:33:06.984] FD count : 350, wdog_way : softdog
08-10 14:33:09.956 D/io_stats(  360): !@ 179,0 r 512150 11197287 w 155201 3694228 d 50937 2474032 f 139426 178955 iot 369263 326657 th 51200 0 0 pt 0 inp 0 0 11610.285
08-10 14:33:14.455 D/SSRM:ja (  784): SIOP:: AP = 360, PST = 360 (W:22), BAT = 332, USB = 0, CHG = 0, CP = 358
08-10 14:33:14.499 D/BatteryService(  784): mHealthInfo.batteryLevel: 61
08-10 14:33:14.499 D/BatteryService(  784): Sending ACTION_BATTERY_CHANGED. scale:100, info:{.chargerAcOnline = false, .chargerUsbOnline = true, .chargerWirelessOnline = false, .maxChargingCurrent = 0, .maxChargingVoltage = 0, .batteryStatus = CHARGING, .batteryHealth = GOOD, .batteryPresent = true, .batteryLevel = 61, .batteryVoltage = 4005, .batteryTemperature = 332, .batteryCurrent = 0, .batteryCycleCount = 0, .batteryFullCharge = 3000000, .batteryChargeCounter = 1833000, .batteryTechnology = Li-ion}
08-10 14:33:14.499 D/BatteryService(  784): online:4, current avg:458, charge type:1, POGO powered:false, power sharing:false, high voltage charger:false, charger_type:0, capacity:280000, misc_event:65536, current_event:0, current_now:461
08-10 14:33:14.500 D/UsbDeviceManager(  784): received ACTION_BATTERY_CHANGED
08-10 14:33:14.501 D/UsbDeviceManager(  784): handleMessage -> MSG_UPDATE_CHARGING_STATE: mUsbCharging=true
08-10 14:33:19.966 D/io_stats(  360): !@ 179,0 r 512150 11197287 w 155205 3694244 d 50937 2474032 f 139426 178955 iot 369263 326658 th 51200 0 0 pt 0 inp 0 0 11620.296
08-10 14:33:24.498 D/SSRM:ja (  784): SIOP:: AP = 360, PST = 360 (W:22), BAT = 332, USB = 0, CHG = 0, CP = 358
08-10 14:33:28.192 I/PowerManagerService(  784): [PWL] Off : 275s ago 
08-10 14:33:34.547 D/SSRM:ja (  784): SIOP:: AP = 360, PST = 360 (W:22), BAT = 332, USB = 0, CHG = 0, CP = 358
08-10 14:33:34.663 D/BatteryService(  784): mHealthInfo.batteryLevel: 61
08-10 14:33:34.663 D/BatteryService(  784): Sending ACTION_BATTERY_CHANGED. scale:100, info:{.chargerAcOnline = false, .chargerUsbOnline = true, .chargerWirelessOnline = false, .maxChargingCurrent = 0, .maxChargingVoltage = 0, .batteryStatus = CHARGING, .batteryHealth = GOOD, .batteryPresent = true, .batteryLevel = 61, .batteryVoltage = 3996, .batteryTemperature = 331, .batteryCurrent = 0, .batteryCycleCount = 0, .batteryFullCharge = 3000000, .batteryChargeCounter = 1836000, .batteryTechnology = Li-ion}
08-10 14:33:34.663 D/BatteryService(  784): online:4, current avg:438, charge type:1, POGO powered:false, power sharing:false, high voltage charger:false, charger_type:0, capacity:280000, misc_event:65536, current_event:0, current_now:355
08-10 14:33:34.666 D/UsbDeviceManager(  784): received ACTION_BATTERY_CHANGED
08-10 14:33:34.667 D/UsbDeviceManager(  784): handleMessage -> MSG_UPDATE_CHARGING_STATE: mUsbCharging=true
08-10 14:33:36.335 D/timedetector.SimpleTimeDetectorStrategy(  784): adjustAndSetDeviceSystemClock: Not setting system clock. New time and system clock are close enough. elapsedRealtimeMillis=76450851 newTime=TimestampedValue{mReferenceTimeMillis=76450835, mValue=1628586216000} reason=New time signal systemClockUpdateThreshold=2000 absTimeDifference=318
08-10 14:33:36.989 E/Watchdog(  784): !@Sync 387 [2021-08-10 14:33:36.989] FD count : 350, wdog_way : softdog
08-10 14:33:39.986 D/io_stats(  360): !@ 179,0 r 512154 11197311 w 155216 3694304 d 50937 2474032 f 139428 178959 iot 369273 326662 th 51200 0 0 pt 0 inp 0 0 11640.315
08-10 14:33:44.567 D/SSRM:ja (  784): SIOP:: AP = 350, PST = 359 (W:24), BAT = 331, USB = 0, CHG = 0, CP = 357
08-10 14:33:44.572 D/C       (  784): broadcastSiopLevelIntent:: currentSiopLevel = -1
08-10 14:33:44.741 D/BatteryService(  784): mHealthInfo.batteryLevel: 61
08-10 14:33:44.741 D/BatteryService(  784): Sending ACTION_BATTERY_CHANGED. scale:100, info:{.chargerAcOnline = false, .chargerUsbOnline = true, .chargerWirelessOnline = false, .maxChargingCurrent = 0, .maxChargingVoltage = 0, .batteryStatus = CHARGING, .batteryHealth = GOOD, .batteryPresent = true, .batteryLevel = 61, .batteryVoltage = 4004, .batteryTemperature = 331, .batteryCurrent = 0, .batteryCycleCount = 0, .batteryFullCharge = 3000000, .batteryChargeCounter = 1836000, .batteryTechnology = Li-ion}
08-10 14:33:44.741 D/BatteryService(  784): online:4, current avg:452, charge type:1, POGO powered:false, power sharing:false, high voltage charger:false, charger_type:0, capacity:280000, misc_event:65536, current_event:0, current_now:461
08-10 14:33:44.743 D/UsbDeviceManager(  784): received ACTION_BATTERY_CHANGED
08-10 14:33:44.744 D/UsbDeviceManager(  784): handleMessage -> MSG_UPDATE_CHARGING_STATE: mUsbCharging=true
08-10 14:33:44.991 D/io_stats(  360): !@ 179,0 r 512156 11197359 w 155222 3694464 d 50937 2474032 f 139440 178974 iot 369280 326670 th 51200 0 0 pt 0 inp 0 0 11645.320
08-10 14:33:54.600 D/SSRM:ja (  784): SIOP:: AP = 350, PST = 358 (W:24), BAT = 331, USB = 0, CHG = 0, CP = 357
08-10 14:33:54.820 D/BatteryService(  784): mHealthInfo.batteryLevel: 61
08-10 14:33:54.820 D/BatteryService(  784): Sending ACTION_BATTERY_CHANGED. scale:100, info:{.chargerAcOnline = false, .chargerUsbOnline = true, .chargerWirelessOnline = false, .maxChargingCurrent = 0, .maxChargingVoltage = 0, .batteryStatus = CHARGING, .batteryHealth = GOOD, .batteryPresent = true, .batteryLevel = 61, .batteryVoltage = 4006, .batteryTemperature = 331, .batteryCurrent = 0, .batteryCycleCount = 0, .batteryFullCharge = 3000000, .batteryChargeCounter = 1839000, .batteryTechnology = Li-ion}
08-10 14:33:54.820 D/BatteryService(  784): online:4, current avg:453, charge type:1, POGO powered:false, power sharing:false, high voltage charger:false, charger_type:0, capacity:280000, misc_event:65536, current_event:0, current_now:449
08-10 14:33:54.822 D/UsbDeviceManager(  784): received ACTION_BATTERY_CHANGED
08-10 14:33:54.823 D/UsbDeviceManager(  784): handleMessage -> MSG_UPDATE_CHARGING_STATE: mUsbCharging=true
08-10 14:34:00.006 D/io_stats(  360): !@ 179,0 r 512156 11197359 w 155228 3694488 d 50949 2476144 f 139440 178974 iot 369286 326679 th 51200 0 0 pt 0 inp 0 0 11660.336
08-10 14:34:04.658 D/SSRM:ja (  784): SIOP:: AP = 350, PST = 357 (W:24), BAT = 331, USB = 0, CHG = 0, CP = 356
08-10 14:34:04.893 D/BatteryService(  784): mHealthInfo.batteryLevel: 61
08-10 14:34:04.894 D/BatteryService(  784): Sending ACTION_BATTERY_CHANGED. scale:100, info:{.chargerAcOnline = false, .chargerUsbOnline = true, .chargerWirelessOnline = false, .maxChargingCurrent = 0, .maxChargingVoltage = 0, .batteryStatus = CHARGING, .batteryHealth = GOOD, .batteryPresent = true, .batteryLevel = 61, .batteryVoltage = 4006, .batteryTemperature = 331, .batteryCurrent = 0, .batteryCycleCount = 0, .batteryFullCharge = 3000000, .batteryChargeCounter = 1839000, .batteryTechnology = Li-ion}
08-10 14:34:04.894 D/BatteryService(  784): online:4, current avg:449, charge type:1, POGO powered:false, power sharing:false, high voltage charger:false, charger_type:0, capacity:280000, misc_event:65536, current_event:0, current_now:338
08-10 14:34:04.896 D/UsbDeviceManager(  784): received ACTION_BATTERY_CHANGED
08-10 14:34:04.897 D/UsbDeviceManager(  784): handleMessage -> MSG_UPDATE_CHARGING_STATE: mUsbCharging=true
08-10 14:34:06.994 E/Watchdog(  784): !@Sync 388 [2021-08-10 14:34:06.993] FD count : 350, wdog_way : softdog
08-10 14:34:10.015 D/io_stats(  360): !@ 179,0 r 512156 11197359 w 155233 3694508 d 50949 2476144 f 139440 178974 iot 369286 326680 th 51200 0 0 pt 0 inp 0 0 11670.344
08-10 14:34:14.692 D/SSRM:ja (  784): SIOP:: AP = 350, PST = 357 (W:24), BAT = 331, USB = 0, CHG = 0, CP = 356
08-10 14:34:14.973 D/BatteryService(  784): mHealthInfo.batteryLevel: 61
08-10 14:34:14.974 D/BatteryService(  784): Sending ACTION_BATTERY_CHANGED. scale:100, info:{.chargerAcOnline = false, .chargerUsbOnline = true, .chargerWirelessOnline = false, .maxChargingCurrent = 0, .maxChargingVoltage = 0, .batteryStatus = CHARGING, .batteryHealth = GOOD, .batteryPresent = true, .batteryLevel = 61, .batteryVoltage = 4007, .batteryTemperature = 330, .batteryCurrent = 0, .batteryCycleCount = 0, .batteryFullCharge = 3000000, .batteryChargeCounter = 1842000, .batteryTechnology = Li-ion}
08-10 14:34:14.974 D/BatteryService(  784): online:4, current avg:457, charge type:1, POGO powered:false, power sharing:false, high voltage charger:false, charger_type:0, capacity:280000, misc_event:65536, current_event:0, current_now:429
08-10 14:34:14.976 D/UsbDeviceManager(  784): received ACTION_BATTERY_CHANGED
08-10 14:34:14.977 D/UsbDeviceManager(  784): handleMessage -> MSG_UPDATE_CHARGING_STATE: mUsbCharging=true
08-10 14:34:23.202 I/PowerManagerService(  784): [PWL] Off : 330s ago 
08-10 14:34:24.713 D/SSRM:ja (  784): SIOP:: AP = 350, PST = 357 (W:26), BAT = 330, USB = 0, CHG = 0, CP = 355
08-10 14:34:25.030 D/io_stats(  360): !@ 179,0 r 512166 11197403 w 155237 3694556 d 50949 2476144 f 139442 178978 iot 369290 326684 th 51200 0 0 pt 0 inp 0 0 11685.359
08-10 14:34:25.052 D/BatteryService(  784): mHealthInfo.batteryLevel: 61
08-10 14:34:25.052 D/BatteryService(  784): Sending ACTION_BATTERY_CHANGED. scale:100, info:{.chargerAcOnline = false, .chargerUsbOnline = true, .chargerWirelessOnline = false, .maxChargingCurrent = 0, .maxChargingVoltage = 0, .batteryStatus = CHARGING, .batteryHealth = GOOD, .batteryPresent = true, .batteryLevel = 61, .batteryVoltage = 4008, .batteryTemperature = 330, .batteryCurrent = 0, .batteryCycleCount = 0, .batteryFullCharge = 3000000, .batteryChargeCounter = 1842000, .batteryTechnology = Li-ion}
08-10 14:34:25.052 D/BatteryService(  784): online:4, current avg:458, charge type:1, POGO powered:false, power sharing:false, high voltage charger:false, charger_type:0, capacity:280000, misc_event:65536, current_event:0, current_now:468
08-10 14:34:25.054 D/UsbDeviceManager(  784): received ACTION_BATTERY_CHANGED
08-10 14:34:25.055 D/UsbDeviceManager(  784): handleMessage -> MSG_UPDATE_CHARGING_STATE: mUsbCharging=true
08-10 14:34:30.035 D/io_stats(  360): !@ 179,0 r 512179 11197747 w 155263 3694776 d 50949 2476144 f 139447 178988 iot 369296 326695 th 51200 0 0 pt 0 inp 0 0 11690.364
08-10 14:34:34.772 D/SSRM:ja (  784): SIOP:: AP = 350, PST = 356 (W:26), BAT = 330, USB = 0, CHG = 0, CP = 355
08-10 14:34:35.129 D/BatteryService(  784): mHealthInfo.batteryLevel: 61
08-10 14:34:35.129 D/BatteryService(  784): Sending ACTION_BATTERY_CHANGED. scale:100, info:{.chargerAcOnline = false, .chargerUsbOnline = true, .chargerWirelessOnline = false, .maxChargingCurrent = 0, .maxChargingVoltage = 0, .batteryStatus = CHARGING, .batteryHealth = GOOD, .batteryPresent = true, .batteryLevel = 61, .batteryVoltage = 4008, .batteryTemperature = 330, .batteryCurrent = 0, .batteryCycleCount = 0, .batteryFullCharge = 3000000, .batteryChargeCounter = 1845000, .batteryTechnology = Li-ion}
08-10 14:34:35.129 D/BatteryService(  784): online:4, current avg:450, charge type:1, POGO powered:false, power sharing:false, high voltage charger:false, charger_type:0, capacity:280000, misc_event:65536, current_event:0, current_now:466
08-10 14:34:35.131 D/UsbDeviceManager(  784): received ACTION_BATTERY_CHANGED
08-10 14:34:35.135 D/UsbDeviceManager(  784): handleMessage -> MSG_UPDATE_CHARGING_STATE: mUsbCharging=true
08-10 14:34:36.998 E/Watchdog(  784): !@Sync 389 [2021-08-10 14:34:36.998] FD count : 350, wdog_way : softdog
08-10 14:34:40.045 D/io_stats(  360): !@ 179,0 r 512179 11197747 w 155272 3694924 d 50949 2476144 f 139448 178990 iot 369296 326698 th 51200 0 0 pt 0 inp 0 0 11700.374
08-10 14:34:44.819 D/SSRM:ja (  784): SIOP:: AP = 350, PST = 355 (W:26), BAT = 330, USB = 0, CHG = 0, CP = 355
08-10 14:34:45.050 D/io_stats(  360): !@ 179,0 r 512179 11197747 w 155278 3695148 d 50949 2476144 f 139479 179024 iot 369306 326709 th 51200 0 0 pt 0 inp 0 0 11705.379
08-10 14:34:45.209 D/BatteryService(  784): mHealthInfo.batteryLevel: 61
08-10 14:34:45.209 D/BatteryService(  784): Sending ACTION_BATTERY_CHANGED. scale:100, info:{.chargerAcOnline = false, .chargerUsbOnline = true, .chargerWirelessOnline = false, .maxChargingCurrent = 0, .maxChargingVoltage = 0, .batteryStatus = CHARGING, .batteryHealth = GOOD, .batteryPresent = true, .batteryLevel = 61, .batteryVoltage = 4008, .batteryTemperature = 330, .batteryCurrent = 0, .batteryCycleCount = 0, .batteryFullCharge = 3000000, .batteryChargeCounter = 1845000, .batteryTechnology = Li-ion}
08-10 14:34:45.209 D/BatteryService(  784): online:4, current avg:456, charge type:1, POGO powered:false, power sharing:false, high voltage charger:false, charger_type:0, capacity:280000, misc_event:65536, current_event:0, current_now:474
08-10 14:34:45.211 D/UsbDeviceManager(  784): received ACTION_BATTERY_CHANGED
08-10 14:34:45.212 D/UsbDeviceManager(  784): handleMessage -> MSG_UPDATE_CHARGING_STATE: mUsbCharging=true
08-10 14:34:54.839 D/SSRM:ja (  784): SIOP:: AP = 350, PST = 355 (W:26), BAT = 330, USB = 0, CHG = 0, CP = 355
08-10 14:34:55.060 D/io_stats(  360): !@ 179,0 r 512179 11197747 w 155284 3695172 d 50949 2476144 f 139479 179024 iot 369306 326710 th 51200 0 0 pt 0 inp 0 0 11715.389
08-10 14:34:55.285 D/BatteryService(  784): mHealthInfo.batteryLevel: 61
08-10 14:34:55.285 D/BatteryService(  784): Sending ACTION_BATTERY_CHANGED. scale:100, info:{.chargerAcOnline = false, .chargerUsbOnline = true, .chargerWirelessOnline = false, .maxChargingCurrent = 0, .maxChargingVoltage = 0, .batteryStatus = CHARGING, .batteryHealth = GOOD, .batteryPresent = true, .batteryLevel = 61, .batteryVoltage = 4009, .batteryTemperature = 329, .batteryCurrent = 0, .batteryCycleCount = 0, .batteryFullCharge = 3000000, .batteryChargeCounter = 1848000, .batteryTechnology = Li-ion}
08-10 14:34:55.285 D/BatteryService(  784): online:4, current avg:461, charge type:1, POGO powered:false, power sharing:false, high voltage charger:false, charger_type:0, capacity:280000, misc_event:65536, current_event:0, current_now:461
08-10 14:34:55.287 D/UsbDeviceManager(  784): received ACTION_BATTERY_CHANGED
08-10 14:34:55.288 D/UsbDeviceManager(  784): handleMessage -> MSG_UPDATE_CHARGING_STATE: mUsbCharging=true
08-10 14:35:04.897 D/SSRM:ja (  784): SIOP:: AP = 350, PST = 355 (W:28), BAT = 329, USB = 0, CHG = 0, CP = 354
08-10 14:35:05.070 D/io_stats(  360): !@ 179,0 r 512179 11197747 w 155284 3695172 d 50989 2476476 f 139479 179024 iot 369313 326721 th 51200 0 0 pt 0 inp 0 0 11725.399
08-10 14:35:05.363 D/BatteryService(  784): mHealthInfo.batteryLevel: 61
08-10 14:35:05.363 D/BatteryService(  784): Sending ACTION_BATTERY_CHANGED. scale:100, info:{.chargerAcOnline = false, .chargerUsbOnline = true, .chargerWirelessOnline = false, .maxChargingCurrent = 0, .maxChargingVoltage = 0, .batteryStatus = CHARGING, .batteryHealth = GOOD, .batteryPresent = true, .batteryLevel = 61, .batteryVoltage = 4005, .batteryTemperature = 329, .batteryCurrent = 0, .batteryCycleCount = 0, .batteryFullCharge = 3000000, .batteryChargeCounter = 1848000, .batteryTechnology = Li-ion}
08-10 14:35:05.364 D/BatteryService(  784): online:4, current avg:454, charge type:1, POGO powered:false, power sharing:false, high voltage charger:false, charger_type:0, capacity:280000, misc_event:65536, current_event:0, current_now:469
08-10 14:35:05.366 D/UsbDeviceManager(  784): received ACTION_BATTERY_CHANGED
08-10 14:35:05.366 D/UsbDeviceManager(  784): handleMessage -> MSG_UPDATE_CHARGING_STATE: mUsbCharging=true
08-10 14:35:07.003 E/Watchdog(  784): !@Sync 390 [2021-08-10 14:35:07.003] FD count : 350, wdog_way : softdog
08-10 14:35:10.075 D/io_stats(  360): !@ 179,0 r 512179 11197747 w 155288 3695188 d 50989 2476476 f 139479 179024 iot 369313 326722 th 51200 0 0 pt 0 inp 0 0 11730.404
08-10 14:35:14.924 D/SSRM:ja (  784): SIOP:: AP = 350, PST = 354 (W:28), BAT = 329, USB = 0, CHG = 0, CP = 355
08-10 14:35:15.447 D/BatteryService(  784): mHealthInfo.batteryLevel: 61
08-10 14:35:15.447 D/BatteryService(  784): Sending ACTION_BATTERY_CHANGED. scale:100, info:{.chargerAcOnline = false, .chargerUsbOnline = true, .chargerWirelessOnline = false, .maxChargingCurrent = 0, .maxChargingVoltage = 0, .batteryStatus = CHARGING, .batteryHealth = GOOD, .batteryPresent = true, .batteryLevel = 61, .batteryVoltage = 4011, .batteryTemperature = 329, .batteryCurrent = 0, .batteryCycleCount = 0, .batteryFullCharge = 3000000, .batteryChargeCounter = 1851000, .batteryTechnology = Li-ion}
08-10 14:35:15.447 D/BatteryService(  784): online:4, current avg:449, charge type:1, POGO powered:false, power sharing:false, high voltage charger:false, charger_type:0, capacity:280000, misc_event:65536, current_event:0, current_now:458
08-10 14:35:15.449 D/UsbDeviceManager(  784): received ACTION_BATTERY_CHANGED
08-10 14:35:15.452 D/UsbDeviceManager(  784): handleMessage -> MSG_UPDATE_CHARGING_STATE: mUsbCharging=true
08-10 14:35:23.210 I/PowerManagerService(  784): [PWL] Off : 390s ago 
08-10 14:35:24.949 D/SSRM:ja (  784): SIOP:: AP = 350, PST = 353 (W:28), BAT = 329, USB = 0, CHG = 0, CP = 353
08-10 14:35:25.526 D/BatteryService(  784): mHealthInfo.batteryLevel: 61
08-10 14:35:25.526 D/BatteryService(  784): Sending ACTION_BATTERY_CHANGED. scale:100, info:{.chargerAcOnline = false, .chargerUsbOnline = true, .chargerWirelessOnline = false, .maxChargingCurrent = 0, .maxChargingVoltage = 0, .batteryStatus = CHARGING, .batteryHealth = GOOD, .batteryPresent = true, .batteryLevel = 61, .batteryVoltage = 4011, .batteryTemperature = 328, .batteryCurrent = 0, .batteryCycleCount = 0, .batteryFullCharge = 3000000, .batteryChargeCounter = 1851000, .batteryTechnology = Li-ion}
08-10 14:35:25.526 D/BatteryService(  784): online:4, current avg:454, charge type:1, POGO powered:false, power sharing:false, high voltage charger:false, charger_type:0, capacity:280000, misc_event:65536, current_event:0, current_now:461
08-10 14:35:25.528 D/UsbDeviceManager(  784): received ACTION_BATTERY_CHANGED
08-10 14:35:25.529 D/UsbDeviceManager(  784): handleMessage -> MSG_UPDATE_CHARGING_STATE: mUsbCharging=true
08-10 14:35:30.095 D/io_stats(  360): !@ 179,0 r 512179 11197747 w 155293 3695208 d 50989 2476476 f 139479 179024 iot 369313 326723 th 51200 0 0 pt 0 inp 0 0 11750.424
08-10 14:35:35.006 D/SSRM:ja (  784): SIOP:: AP = 350, PST = 353 (W:28), BAT = 328, USB = 0, CHG = 0, CP = 353
08-10 14:35:35.609 D/BatteryService(  784): mHealthInfo.batteryLevel: 61
08-10 14:35:35.609 D/BatteryService(  784): Sending ACTION_BATTERY_CHANGED. scale:100, info:{.chargerAcOnline = false, .chargerUsbOnline = true, .chargerWirelessOnline = false, .maxChargingCurrent = 0, .maxChargingVoltage = 0, .batteryStatus = CHARGING, .batteryHealth = GOOD, .batteryPresent = true, .batteryLevel = 61, .batteryVoltage = 4012, .batteryTemperature = 328, .batteryCurrent = 0, .batteryCycleCount = 0, .batteryFullCharge = 3000000, .batteryChargeCounter = 1851000, .batteryTechnology = Li-ion}
08-10 14:35:35.609 D/BatteryService(  784): online:4, current avg:452, charge type:1, POGO powered:false, power sharing:false, high voltage charger:false, charger_type:0, capacity:280000, misc_event:65536, current_event:0, current_now:468
08-10 14:35:35.611 D/UsbDeviceManager(  784): received ACTION_BATTERY_CHANGED
08-10 14:35:35.612 D/UsbDeviceManager(  784): handleMessage -> MSG_UPDATE_CHARGING_STATE: mUsbCharging=true
08-10 14:35:37.007 E/Watchdog(  784): !@Sync 391 [2021-08-10 14:35:37.007] FD count : 350, wdog_way : softdog
08-10 14:35:40.105 D/io_stats(  360): !@ 179,0 r 512191 11197795 w 155299 3695316 d 50989 2476476 f 139481 179028 iot 369323 326729 th 51200 0 0 pt 0 inp 0 0 11760.434
08-10 14:35:45.056 D/SSRM:ja (  784): SIOP:: AP = 350, PST = 353 (W:30), BAT = 328, USB = 0, CHG = 0, CP = 353
08-10 14:35:45.109 D/io_stats(  360): !@ 179,0 r 512194 11197851 w 155308 3695508 d 50989 2476476 f 139495 179045 iot 369333 326737 th 51200 0 0 pt 0 inp 0 0 11765.439
08-10 14:35:45.690 D/BatteryService(  784): mHealthInfo.batteryLevel: 61
08-10 14:35:45.690 D/BatteryService(  784): Sending ACTION_BATTERY_CHANGED. scale:100, info:{.chargerAcOnline = false, .chargerUsbOnline = true, .chargerWirelessOnline = false, .maxChargingCurrent = 0, .maxChargingVoltage = 0, .batteryStatus = CHARGING, .batteryHealth = GOOD, .batteryPresent = true, .batteryLevel = 61, .batteryVoltage = 4012, .batteryTemperature = 328, .batteryCurrent = 0, .batteryCycleCount = 0, .batteryFullCharge = 3000000, .batteryChargeCounter = 1854000, .batteryTechnology = Li-ion}
08-10 14:35:45.690 D/BatteryService(  784): online:4, current avg:458, charge type:1, POGO powered:false, power sharing:false, high voltage charger:false, charger_type:0, capacity:280000, misc_event:65536, current_event:0, current_now:470
08-10 14:35:45.693 D/UsbDeviceManager(  784): received ACTION_BATTERY_CHANGED
08-10 14:35:45.694 D/UsbDeviceManager(  784): handleMessage -> MSG_UPDATE_CHARGING_STATE: mUsbCharging=true
08-10 14:35:50.114 D/io_stats(  360): !@ 179,0 r 512194 11197851 w 155310 3695516 d 50989 2476476 f 139495 179045 iot 369333 326738 th 51200 0 0 pt 0 inp 0 0 11770.443
08-10 14:35:55.077 D/SSRM:ja (  784): SIOP:: AP = 350, PST = 352 (W:30), BAT = 328, USB = 0, CHG = 0, CP = 352
08-10 14:35:55.772 D/BatteryService(  784): mHealthInfo.batteryLevel: 61
08-10 14:35:55.772 D/BatteryService(  784): Sending ACTION_BATTERY_CHANGED. scale:100, info:{.chargerAcOnline = false, .chargerUsbOnline = true, .chargerWirelessOnline = false, .maxChargingCurrent = 0, .maxChargingVoltage = 0, .batteryStatus = CHARGING, .batteryHealth = GOOD, .batteryPresent = true, .batteryLevel = 61, .batteryVoltage = 4012, .batteryTemperature = 327, .batteryCurrent = 0, .batteryCycleCount = 0, .batteryFullCharge = 3000000, .batteryChargeCounter = 1854000, .batteryTechnology = Li-ion}
08-10 14:35:55.772 D/BatteryService(  784): online:4, current avg:457, charge type:1, POGO powered:false, power sharing:false, high voltage charger:false, charger_type:0, capacity:280000, misc_event:65536, current_event:0, current_now:468
08-10 14:35:55.774 D/UsbDeviceManager(  784): received ACTION_BATTERY_CHANGED
08-10 14:35:55.775 D/UsbDeviceManager(  784): handleMessage -> MSG_UPDATE_CHARGING_STATE: mUsbCharging=true
08-10 14:36:00.027 I/ActivityManager(  784): Killing 2123:com.google.process.gapps/u0a134 (adj 200): empty for 1835s
08-10 14:36:00.051 V/ActivityManager(  784): Death received in com.android.server.am.ActivityManagerService$AppDeathRecipient@9aacbe0 for thread android.os.BinderProxy@7173e99, mPid:2123,mApp:ProcessRecord{d4e755e 2123:com.google.process.gapps/u0a134}
08-10 14:36:05.127 D/io_stats(  360): !@ 179,0 r 512194 11197851 w 155316 3695540 d 51004 2478680 f 139495 179045 iot 369340 326747 th 51200 0 0 pt 0 inp 0 0 11785.457
08-10 14:36:05.133 D/SSRM:ja (  784): SIOP:: AP = 350, PST = 352 (W:30), BAT = 327, USB = 0, CHG = 0, CP = 352
08-10 14:36:05.852 D/BatteryService(  784): mHealthInfo.batteryLevel: 61
08-10 14:36:05.852 D/BatteryService(  784): Sending ACTION_BATTERY_CHANGED. scale:100, info:{.chargerAcOnline = false, .chargerUsbOnline = true, .chargerWirelessOnline = false, .maxChargingCurrent = 0, .maxChargingVoltage = 0, .batteryStatus = CHARGING, .batteryHealth = GOOD, .batteryPresent = true, .batteryLevel = 61, .batteryVoltage = 4013, .batteryTemperature = 327, .batteryCurrent = 0, .batteryCycleCount = 0, .batteryFullCharge = 3000000, .batteryChargeCounter = 1857000, .batteryTechnology = Li-ion}
08-10 14:36:05.852 D/BatteryService(  784): online:4, current avg:453, charge type:1, POGO powered:false, power sharing:false, high voltage charger:false, charger_type:0, capacity:280000, misc_event:65536, current_event:0, current_now:470
08-10 14:36:05.854 D/UsbDeviceManager(  784): received ACTION_BATTERY_CHANGED
08-10 14:36:05.855 D/UsbDeviceManager(  784): handleMessage -> MSG_UPDATE_CHARGING_STATE: mUsbCharging=true
08-10 14:36:07.012 E/Watchdog(  784): !@Sync 392 [2021-08-10 14:36:07.012] FD count : 350, wdog_way : softdog
08-10 14:36:10.133 D/io_stats(  360): !@ 179,0 r 512194 11197851 w 155318 3695548 d 51004 2478680 f 139495 179045 iot 369343 326747 th 51200 0 0 pt 0 inp 0 0 11790.462
08-10 14:36:15.170 D/SSRM:ja (  784): SIOP:: AP = 350, PST = 352 (W:30), BAT = 327, USB = 0, CHG = 0, CP = 353
08-10 14:36:15.936 D/BatteryService(  784): mHealthInfo.batteryLevel: 62
08-10 14:36:15.936 D/BatteryService(  784): Sending ACTION_BATTERY_CHANGED. scale:100, info:{.chargerAcOnline = false, .chargerUsbOnline = true, .chargerWirelessOnline = false, .maxChargingCurrent = 0, .maxChargingVoltage = 0, .batteryStatus = CHARGING, .batteryHealth = GOOD, .batteryPresent = true, .batteryLevel = 62, .batteryVoltage = 4013, .batteryTemperature = 327, .batteryCurrent = 0, .batteryCycleCount = 0, .batteryFullCharge = 3000000, .batteryChargeCounter = 1857000, .batteryTechnology = Li-ion}
08-10 14:36:15.937 D/BatteryService(  784): online:4, current avg:461, charge type:1, POGO powered:false, power sharing:false, high voltage charger:false, charger_type:0, capacity:280000, misc_event:65536, current_event:0, current_now:468
08-10 14:36:15.945 D/UsbDeviceManager(  784): received ACTION_BATTERY_CHANGED
08-10 14:36:15.946 D/UsbDeviceManager(  784): handleMessage -> MSG_UPDATE_CHARGING_STATE: mUsbCharging=true
08-10 14:36:15.948 I/NotificationService(  784): zero mdoe val = 0
08-10 14:36:20.143 D/io_stats(  360): !@ 179,0 r 512194 11197851 w 155323 3695580 d 51004 2478680 f 139496 179047 iot 369346 326749 th 51200 0 0 pt 0 inp 0 0 11800.472
08-10 14:36:25.196 D/SSRM:ja (  784): SIOP:: AP = 350, PST = 351 (W:30), BAT = 327, USB = 0, CHG = 0, CP = 351
08-10 14:36:26.013 D/BatteryService(  784): mHealthInfo.batteryLevel: 62
08-10 14:36:26.013 D/BatteryService(  784): Sending ACTION_BATTERY_CHANGED. scale:100, info:{.chargerAcOnline = false, .chargerUsbOnline = true, .chargerWirelessOnline = false, .maxChargingCurrent = 0, .maxChargingVoltage = 0, .batteryStatus = CHARGING, .batteryHealth = GOOD, .batteryPresent = true, .batteryLevel = 62, .batteryVoltage = 4015, .batteryTemperature = 327, .batteryCurrent = 0, .batteryCycleCount = 0, .batteryFullCharge = 3000000, .batteryChargeCounter = 1860000, .batteryTechnology = Li-ion}
