08-10 14:38:26.814 D/MtkOmxVenc(  493): [0xb0b7f000] AVC EncTime=4286 (us), RGB_2_YUV=0, FrameCount= 18074, buf timestamp=11927134 (11927134857) IsKey(0), Size(370)  Slotbitcount(32368) : in VA=0xB0B484E0, offset=0x00000000, len=12, flags=0x00000010 : out VA=0xAB142000, offset=0x00000000sec:0x0, 0x0, pending=1
08-10 14:38:26.917 E/WifiVendorHal(  784): getWifiLinkLayerStats_1_3_Internal(l.930) failed {.code = ERROR_NOT_SUPPORTED, .description = }
08-10 14:38:26.923 D/NetworkController.MobileSignalController(3)(  992): getMobileIconGroup(): 13
08-10 14:38:26.931 D/Tile.WifiTile(  992): handleUpdateState isTransient=false transientEnabling =false cb.isTransient=false state.state = 2 mStateBeforeClick.value =false enabled =true
08-10 14:38:26.968 D/BatteryService(  784): mHealthInfo.batteryLevel: 62
08-10 14:38:26.968 D/BatteryService(  784): Sending ACTION_BATTERY_CHANGED. scale:100, info:{.chargerAcOnline = false, .chargerUsbOnline = true, .chargerWirelessOnline = false, .maxChargingCurrent = 0, .maxChargingVoltage = 0, .batteryStatus = CHARGING, .batteryHealth = GOOD, .batteryPresent = true, .batteryLevel = 62, .batteryVoltage = 3967, .batteryTemperature = 337, .batteryCurrent = 0, .batteryCycleCount = 0, .batteryFullCharge = 3000000, .batteryChargeCounter = 1869000, .batteryTechnology = Li-ion}
08-10 14:38:26.968 D/BatteryService(  784): online:4, current avg:43, charge type:1, POGO powered:false, power sharing:false, high voltage charger:false, charger_type:0, capacity:280000, misc_event:65536, current_event:0, current_now:160
08-10 14:38:26.970 D/MtkOmxVenc(  493): [0xb0b7f000] ret 0, wait fence 111 took 11587 us
08-10 14:38:26.971 D/UsbDeviceManager(  784): received ACTION_BATTERY_CHANGED
08-10 14:38:26.972 D/KeyguardUpdateMonitor(  992): received broadcast android.intent.action.BATTERY_CHANGED
08-10 14:38:26.973 D/KeyguardUpdateMonitor(  992): handleBatteryUpdate
08-10 14:38:26.973 D/PowerUI.Notification(  992): showChargingNotice oldChargingType : 1 currentChargingType : 1 oldChargingTime : 0 mChargingTime : 0
08-10 14:38:26.973 D/PowerUI.Notification(  992): There is no change about charging status, so return!
08-10 14:38:26.973 D/PowerUI (  992): Battery swelling mode - priorBatterySwellingMode = 0 mBatterySwellingMode = 0 mBatteryStatus = 2
08-10 14:38:26.973 D/PowerUI (  992): priorPlugType = 2 mPlugType =  2
08-10 14:38:26.974 D/UsbDeviceManager(  784): handleMessage -> MSG_UPDATE_CHARGING_STATE: mUsbCharging=true
08-10 14:38:26.975 D/MtkOmxVenc(  493): [0xb0b7f000] AVC EncTime=16168 (us), RGB_2_YUV=0, FrameCount= 18075, buf timestamp=11927288 (11927288423) IsKey(0), Size(433)  Slotbitcount(35832) : in VA=0xB0B48520, offset=0x00000000, len=12, flags=0x00000010 : out VA=0xAACC1000, offset=0x00000000sec:0x0, 0x0, pending=1
08-10 14:38:26.996 D/MtkOmxVenc(  493): [0xb0b7f000] AVC EncTime=4363 (us), RGB_2_YUV=0, FrameCount= 18076, buf timestamp=11927321 (11927321423) IsKey(0), Size(364)  Slotbitcount(38744) : in VA=0xB0B48560, offset=0x00000000, len=12, flags=0x00000010 : out VA=0xAA9C1000, offset=0x00000000sec:0x0, 0x0, pending=1
08-10 14:38:27.022 D/NetworkController.MobileSignalController(4)(  992): getMobileIconGroup(): 13
08-10 14:38:27.030 D/MtkOmxVenc(  493): [0xb0b7f000] AVC EncTime=4234 (us), RGB_2_YUV=0, FrameCount= 18077, buf timestamp=11927354 (11927354423) IsKey(0), Size(364)  Slotbitcount(41656) : in VA=0xB0B485A0, offset=0x00000000, len=12, flags=0x00000010 : out VA=0xAA6C1000, offset=0x00000000sec:0x0, 0x0, pending=1
08-10 14:38:27.063 D/MtkOmxVenc(  493): [0xb0b7f000] AVC EncTime=4313 (us), RGB_2_YUV=0, FrameCount= 18078, buf timestamp=11927387 (11927387423) IsKey(0), Size(364)  Slotbitcount(44568) : in VA=0xB0B485E0, offset=0x00000000, len=12, flags=0x00000010 : out VA=0xAA3C1000, offset=0x00000000sec:0x0, 0x0, pending=1
08-10 14:38:27.097 D/MtkOmxVenc(  493): [0xb0b7f000] AVC EncTime=4296 (us), RGB_2_YUV=0, FrameCount= 18079, buf timestamp=11927420 (11927420423) IsKey(0), Size(370)  Slotbitcount(47528) : in VA=0xB0B48620, offset=0x00000000, len=12, flags=0x00000010 : out VA=0xABD18000, offset=0x00000000sec:0x0, 0x0, pending=1
08-10 14:38:27.130 D/MtkOmxVenc(  493): [0xb0b7f000] AVC EncTime=4281 (us), RGB_2_YUV=0, FrameCount= 18080, buf timestamp=11927453 (11927453423) IsKey(0), Size(370)  Slotbitcount(50488) : in VA=0xB0B48660, offset=0x00000000, len=12, flags=0x00000010 : out VA=0xABA18000, offset=0x00000000sec:0x0, 0x0, pending=1
08-10 14:38:27.164 D/MtkOmxVenc(  493): [0xb0b7f000] AVC EncTime=4268 (us), RGB_2_YUV=0, FrameCount= 18081, buf timestamp=11927486 (11927486423) IsKey(0), Size(370)  Slotbitcount(53448) : in VA=0xB0B486A0, offset=0x00000000, len=12, flags=0x00000010 : out VA=0xAB718000, offset=0x00000000sec:0x0, 0x0, pending=1
08-10 14:38:27.197 D/MtkOmxVenc(  493): [0xb0b7f000] AVC EncTime=4393 (us), RGB_2_YUV=0, FrameCount= 18082, buf timestamp=11927519 (11927519423) IsKey(0), Size(370)  Slotbitcount(56408) : in VA=0xB0B486E0, offset=0x00000000, len=12, flags=0x00000010 : out VA=0xAB142000, offset=0x00000000sec:0x0, 0x0, pending=1
08-10 14:38:27.231 D/MtkOmxVenc(  493): [0xb0b7f000] AVC EncTime=4291 (us), RGB_2_YUV=0, FrameCount= 18083, buf timestamp=11927552 (11927552423) IsKey(0), Size(370)  Slotbitcount(59368) : in VA=0xB0B48720, offset=0x00000000, len=12, flags=0x00000010 : out VA=0xAACC1000, offset=0x00000000sec:0x0, 0x0, pending=1
08-10 14:38:27.264 D/MtkOmxVenc(  493): [0xb0b7f000] AVC EncTime=4355 (us), RGB_2_YUV=0, FrameCount= 18084, buf timestamp=11927585 (11927585423) IsKey(0), Size(370)  Slotbitcount(62328) : in VA=0xB0B48460, offset=0x00000000, len=12, flags=0x00000010 : out VA=0xAA9C1000, offset=0x00000000sec:0x0, 0x0, pending=1
08-10 14:38:27.298 D/MtkOmxVenc(  493): [0xb0b7f000] AVC EncTime=4301 (us), RGB_2_YUV=0, FrameCount= 18085, buf timestamp=11927618 (11927618423) IsKey(0), Size(370)  Slotbitcount(65288) : in VA=0xB0B484A0, offset=0x00000000, len=12, flags=0x00000010 : out VA=0xAA6C1000, offset=0x00000000sec:0x0, 0x0, pending=1
08-10 14:38:27.612 D/SSRM:ja (  784): SIOP:: AP = 390, PST = 358 (W:28), BAT = 337, USB = 0, CHG = 0, CP = 363
08-10 14:38:27.983 D/osal_utils(  493): ## CPU OPP MASK OFF (Video)
08-10 14:38:28.203 D/NetworkController.MobileSignalController(3)(  992): getMobileIconGroup(): 13
08-10 14:38:28.303 D/NetworkController.MobileSignalController(4)(  992): getMobileIconGroup(): 13
08-10 14:38:29.483 D/NetworkController.MobileSignalController(3)(  992): getMobileIconGroup(): 13
08-10 14:38:29.935 E/WifiVendorHal(  784): getWifiLinkLayerStats_1_3_Internal(l.930) failed {.code = ERROR_NOT_SUPPORTED, .description = }
08-10 14:38:29.943 D/Tile.WifiTile(  992): handleUpdateState isTransient=false transientEnabling =false cb.isTransient=false state.state = 2 mStateBeforeClick.value =false enabled =true
08-10 14:38:29.972 I/hwcomposer(  435): [HWCDisplay] [Display_2 (type:2)] fps:0.571741,dur:3498.09,max:3014.39,min:483.70  
08-10 14:38:29.974 I/hwcomposer(  435): [HWCDisplay] [Display_0 (type:1)] fps:0.853700,dur:3514.11,max:3014.31,min:16.14  
08-10 14:38:29.984 D/osal_utils(  493): ## CPU OPP MASK ON (Video)
08-10 14:38:29.984 D/MtkOmxVenc(  493): [0xb0b7f000] ret 0, wait fence 111 took 11218 us
08-10 14:38:29.989 E/VDO_LOG (  493): [tid: 10903][ERROR] H264_EncodeFrame Is Key check fail!!
08-10 14:38:29.989 D/MtkOmxVenc(  493): [0xb0b7f000] AVC EncTime=15832 (us), RGB_2_YUV=0, FrameCount= 18086, buf timestamp=11930302 (11930302981) IsKey(1), Size(461)  Slotbitcount(3688) : in VA=0xB0B484E0, offset=0x00000000, len=12, flags=0x00000010 : out VA=0xAA3C1000, offset=0x00000000sec:0x0, 0x0, pending=1
08-10 14:38:30.007 E/VDO_LOG (  493): adjustFrameRate: last frameInterval =2684558.00
08-10 14:38:30.011 D/MtkOmxVenc(  493): [0xb0b7f000] AVC EncTime=4444 (us), RGB_2_YUV=0, FrameCount= 18087, buf timestamp=11930335 (11930335981) IsKey(0), Size(364)  Slotbitcount(6600) : in VA=0xB0B48520, offset=0x00000000, len=12, flags=0x00000010 : out VA=0xABD18000, offset=0x00000000sec:0x0, 0x0, pending=1
08-10 14:38:30.044 D/MtkOmxVenc(  493): [0xb0b7f000] AVC EncTime=4321 (us), RGB_2_YUV=0, FrameCount= 18088, buf timestamp=11930368 (11930368981) IsKey(0), Size(364)  Slotbitcount(9512) : in VA=0xB0B48560, offset=0x00000000, len=12, flags=0x00000010 : out VA=0xABA18000, offset=0x00000000sec:0x0, 0x0, pending=1
08-10 14:38:30.078 D/MtkOmxVenc(  493): [0xb0b7f000] AVC EncTime=4325 (us), RGB_2_YUV=0, FrameCount= 18089, buf timestamp=11930401 (11930401981) IsKey(0), Size(364)  Slotbitcount(12424) : in VA=0xB0B485A0, offset=0x00000000, len=12, flags=0x00000010 : out VA=0xAB718000, offset=0x00000000sec:0x0, 0x0, pending=1
08-10 14:38:30.111 D/MtkOmxVenc(  493): [0xb0b7f000] AVC EncTime=4328 (us), RGB_2_YUV=0, FrameCount= 18090, buf timestamp=11930434 (11930434981) IsKey(0), Size(370)  Slotbitcount(15384) : in VA=0xB0B485E0, offset=0x00000000, len=12, flags=0x00000010 : out VA=0xAB142000, offset=0x00000000sec:0x0, 0x0, pending=1
08-10 14:38:30.145 D/MtkOmxVenc(  493): [0xb0b7f000] AVC EncTime=4385 (us), RGB_2_YUV=0, FrameCount= 18091, buf timestamp=11930467 (11930467981) IsKey(0), Size(370)  Slotbitcount(18344) : in VA=0xB0B48620, offset=0x00000000, len=12, flags=0x00000010 : out VA=0xAACC1000, offset=0x00000000sec:0x0, 0x0, pending=1
08-10 14:38:30.178 D/MtkOmxVenc(  493): [0xb0b7f000] AVC EncTime=4398 (us), RGB_2_YUV=0, FrameCount= 18092, buf timestamp=11930500 (11930500981) IsKey(0), Size(370)  Slotbitcount(21304) : in VA=0xB0B48660, offset=0x00000000, len=12, flags=0x00000010 : out VA=0xAA9C1000, offset=0x00000000sec:0x0, 0x0, pending=1
08-10 14:38:30.212 D/MtkOmxVenc(  493): [0xb0b7f000] AVC EncTime=4462 (us), RGB_2_YUV=0, FrameCount= 18093, buf timestamp=11930533 (11930533981) IsKey(0), Size(370)  Slotbitcount(24264) : in VA=0xB0B486A0, offset=0x00000000, len=12, flags=0x00000010 : out VA=0xAA6C1000, offset=0x00000000sec:0x0, 0x0, pending=1
08-10 14:38:30.245 D/MtkOmxVenc(  493): [0xb0b7f000] AVC EncTime=4434 (us), RGB_2_YUV=0, FrameCount= 18094, buf timestamp=11930566 (11930566981) IsKey(0), Size(370)  Slotbitcount(27224) : in VA=0xB0B486E0, offset=0x00000000, len=12, flags=0x00000010 : out VA=0xAA3C1000, offset=0x00000000sec:0x0, 0x0, pending=1
08-10 14:38:30.279 D/MtkOmxVenc(  493): [0xb0b7f000] AVC EncTime=4435 (us), RGB_2_YUV=0, FrameCount= 18095, buf timestamp=11930599 (11930599981) IsKey(0), Size(370)  Slotbitcount(30184) : in VA=0xB0B48720, offset=0x00000000, len=12, flags=0x00000010 : out VA=0xABD18000, offset=0x00000000sec:0x0, 0x0, pending=1
08-10 14:38:30.295 D/io_stats(  360): !@ 179,0 r 512229 11198179 w 155592 3698712 d 51101 2481992 f 139764 179398 iot 369553 326947 th 51200 0 0 pt 0 inp 0 0 11930.624
08-10 14:38:30.312 D/MtkOmxVenc(  493): [0xb0b7f000] AVC EncTime=4511 (us), RGB_2_YUV=0, FrameCount= 18096, buf timestamp=11930632 (11930632981) IsKey(0), Size(370)  Slotbitcount(33144) : in VA=0xB0B48460, offset=0x00000000, len=12, flags=0x00000010 : out VA=0xABA18000, offset=0x00000000sec:0x0, 0x0, pending=1
08-10 14:38:30.435 D/MtkOmxVenc(  493): [0xb0b7f000] ret 0, wait fence 111 took 11944 us
08-10 14:38:30.439 D/MtkOmxVenc(  493): [0xb0b7f000] AVC EncTime=16458 (us), RGB_2_YUV=0, FrameCount= 18097, buf timestamp=11930752 (11930752875) IsKey(0), Size(364)  Slotbitcount(36056) : in VA=0xB0B484A0, offset=0x00000000, len=12, flags=0x00000010 : out VA=0xAB718000, offset=0x00000000sec:0x0, 0x0, pending=1
08-10 14:38:30.458 D/MtkOmxVenc(  493): [0xb0b7f000] AVC EncTime=14123 (us), RGB_2_YUV=0, FrameCount= 18098, buf timestamp=11930769 (11930769876) IsKey(0), Size(370)  Slotbitcount(39016) : in VA=0xB0B484E0, offset=0x00000000, len=12, flags=0x00000010 : out VA=0xAB142000, offset=0x00000000sec:0x0, 0x0, pending=2
08-10 14:38:30.473 D/MtkOmxVenc(  493): [0xb0b7f000] AVC EncTime=13818 (us), RGB_2_YUV=0, FrameCount= 18099, buf timestamp=11930787 (11930787133) IsKey(0), Size(370)  Slotbitcount(41976) : in VA=0xB0B48520, offset=0x00000000, len=12, flags=0x00000010 : out VA=0xAACC1000, offset=0x00000000sec:0x0, 0x0, pending=2
08-10 14:38:30.485 D/MtkOmxVenc(  493): [0xb0b7f000] ret 0, wait fence 111 took 11473 us
08-10 14:38:30.490 D/MtkOmxVenc(  493): [0xb0b7f000] AVC EncTime=15875 (us), RGB_2_YUV=0, FrameCount= 18100, buf timestamp=11930803 (11930803155) IsKey(0), Size(370)  Slotbitcount(44936) : in VA=0xB0B48560, offset=0x00000000, len=12, flags=0x00000010 : out VA=0xAA9C1000, offset=0x00000000sec:0x0, 0x0, pending=2
08-10 14:38:30.502 D/MtkOmxVenc(  493): [0xb0b7f000] ret 0, wait fence 111 took 11545 us
08-10 14:38:30.507 D/MtkOmxVenc(  493): [0xb0b7f000] AVC EncTime=16554 (us), RGB_2_YUV=0, FrameCount= 18101, buf timestamp=11930819 (11930819543) IsKey(0), Size(370)  Slotbitcount(47896) : in VA=0xB0B485A0, offset=0x00000000, len=12, flags=0x00000010 : out VA=0xAA6C1000, offset=0x00000000sec:0x0, 0x0, pending=2
08-10 14:38:30.518 D/MtkOmxVenc(  493): [0xb0b7f000] ret 0, wait fence 111 took 10347 us
08-10 14:38:30.523 D/MtkOmxVenc(  493): [0xb0b7f000] AVC EncTime=14685 (us), RGB_2_YUV=0, FrameCount= 18102, buf timestamp=11930835 (11930835788) IsKey(0), Size(414)  Slotbitcount(51208) : in VA=0xB0B485E0, offset=0x00000000, len=12, flags=0x00000010 : out VA=0xAA3C1000, offset=0x00000000sec:0x0, 0x0, pending=2
08-10 14:38:30.535 D/MtkOmxVenc(  493): [0xb0b7f000] ret 0, wait fence 111 took 12560 us
08-10 14:38:30.541 D/MtkOmxVenc(  493): [0xb0b7f000] AVC EncTime=17224 (us), RGB_2_YUV=0, FrameCount= 18103, buf timestamp=11930852 (11930852589) IsKey(0), Size(370)  Slotbitcount(54168) : in VA=0xB0B48620, offset=0x00000000, len=12, flags=0x00000010 : out VA=0xABD18000, offset=0x00000000sec:0x0, 0x0, pending=2
08-10 14:38:30.552 D/MtkOmxVenc(  493): [0xb0b7f000] ret 0, wait fence 111 took 10911 us
08-10 14:38:30.557 D/MtkOmxVenc(  493): [0xb0b7f000] AVC EncTime=15826 (us), RGB_2_YUV=0, FrameCount= 18104, buf timestamp=11930869 (11930869898) IsKey(0), Size(486)  Slotbitcount(58056) : in VA=0xB0B48660, offset=0x00000000, len=12, flags=0x00000010 : out VA=0xABA18000, offset=0x00000000sec:0x0, 0x0, pending=2
08-10 14:38:30.568 D/MtkOmxVenc(  493): [0xb0b7f000] ret 0, wait fence 111 took 10457 us
08-10 14:38:30.572 D/MtkOmxVenc(  493): [0xb0b7f000] AVC EncTime=14784 (us), RGB_2_YUV=0, FrameCount= 18105, buf timestamp=11930886 (11930886186) IsKey(0), Size(455)  Slotbitcount(61696) : in VA=0xB0B486A0, offset=0x00000000, len=12, flags=0x00000010 : out VA=0xAB718000, offset=0x00000000sec:0x0, 0x0, pending=2
08-10 14:38:30.584 D/MtkOmxVenc(  493): [0xb0b7f000] ret 0, wait fence 111 took 11981 us
08-10 14:38:30.589 D/MtkOmxVenc(  493): [0xb0b7f000] AVC EncTime=16548 (us), RGB_2_YUV=0, FrameCount= 18106, buf timestamp=11930902 (11930902083) IsKey(0), Size(371)  Slotbitcount(64664) : in VA=0xB0B486E0, offset=0x00000000, len=12, flags=0x00000010 : out VA=0xAB142000, offset=0x00000000sec:0x0, 0x0, pending=1
08-10 14:38:30.601 D/MtkOmxVenc(  493): [0xb0b7f000] ret 0, wait fence 111 took 12098 us
08-10 14:38:30.606 D/MtkOmxVenc(  493): [0xb0b7f000] AVC EncTime=16606 (us), RGB_2_YUV=0, FrameCount= 18107, buf timestamp=11930919 (11930919395) IsKey(0), Size(544)  Slotbitcount(69016) : in VA=0xB0B48720, offset=0x00000000, len=12, flags=0x00000010 : out VA=0xAACC1000, offset=0x00000000sec:0x0, 0x0, pending=1
08-10 14:38:30.618 D/MtkOmxVenc(  493): [0xb0b7f000] ret 0, wait fence 111 took 11613 us
08-10 14:38:30.623 D/MtkOmxVenc(  493): [0xb0b7f000] AVC EncTime=16029 (us), RGB_2_YUV=0, FrameCount= 18108, buf timestamp=11930936 (11930936153) IsKey(0), Size(385)  Slotbitcount(72096) : in VA=0xB0B48460, offset=0x00000000, len=12, flags=0x00000010 : out VA=0xAA9C1000, offset=0x00000000sec:0x0, 0x0, pending=1
08-10 14:38:30.635 D/MtkOmxVenc(  493): [0xb0b7f000] ret 0, wait fence 111 took 11966 us
08-10 14:38:30.639 D/MtkOmxVenc(  493): [0xb0b7f000] AVC EncTime=16597 (us), RGB_2_YUV=0, FrameCount= 18109, buf timestamp=11930952 (11930952812) IsKey(0), Size(537)  Slotbitcount(76392) : in VA=0xB0B484A0, offset=0x00000000, len=12, flags=0x00000010 : out VA=0xAA6C1000, offset=0x00000000sec:0x0, 0x0, pending=1
08-10 14:38:30.652 D/MtkOmxVenc(  493): [0xb0b7f000] ret 0, wait fence 111 took 12123 us
08-10 14:38:30.660 D/MtkOmxVenc(  493): [0xb0b7f000] AVC EncTime=20153 (us), RGB_2_YUV=0, FrameCount= 18110, buf timestamp=11930969 (11930969626) IsKey(0), Size(586)  Slotbitcount(81080) : in VA=0xB0B484E0, offset=0x00000000, len=12, flags=0x00000010 : out VA=0xAA3C1000, offset=0x00000000sec:0x0, 0x0, pending=2
08-10 14:38:30.672 D/MtkOmxVenc(  493): [0xb0b7f000] AVC EncTime=12381 (us), RGB_2_YUV=0, FrameCount= 18111, buf timestamp=11930986 (11930986171) IsKey(0), Size(371)  Slotbitcount(84048) : in VA=0xB0B48520, offset=0x00000000, len=12, flags=0x00000010 : out VA=0xABD18000, offset=0x00000000sec:0x0, 0x0, pending=1
08-10 14:38:30.685 D/MtkOmxVenc(  493): [0xb0b7f000] ret 0, wait fence 111 took 10876 us
08-10 14:38:30.693 D/MtkOmxVenc(  493): [0xb0b7f000] AVC EncTime=18926 (us), RGB_2_YUV=0, FrameCount= 18112, buf timestamp=11931002 (11931002738) IsKey(0), Size(595)  Slotbitcount(88808) : in VA=0xB0B48560, offset=0x00000000, len=12, flags=0x00000010 : out VA=0xABA18000, offset=0x00000000sec:0x0, 0x0, pending=2
08-10 14:38:30.707 D/MtkOmxVenc(  493): [0xb0b7f000] AVC EncTime=13170 (us), RGB_2_YUV=0, FrameCount= 18113, buf timestamp=11931019 (11931019665) IsKey(0), Size(388)  Slotbitcount(91912) : in VA=0xB0B485A0, offset=0x00000000, len=12, flags=0x00000010 : out VA=0xAB718000, offset=0x00000000sec:0x0, 0x0, pending=2
08-10 14:38:30.718 D/MtkOmxVenc(  493): [0xb0b7f000] ret 0, wait fence 111 took 10970 us
08-10 14:38:30.723 D/MtkOmxVenc(  493): [0xb0b7f000] AVC EncTime=15472 (us), RGB_2_YUV=0, FrameCount= 18114, buf timestamp=11931036 (11931036429) IsKey(0), Size(594)  Slotbitcount(96664) : in VA=0xB0B485E0, offset=0x00000000, len=12, flags=0x00000010 : out VA=0xAB142000, offset=0x00000000sec:0x0, 0x0, pending=2
08-10 14:38:30.735 D/MtkOmxVenc(  493): [0xb0b7f000] ret 0, wait fence 111 took 11864 us
08-10 14:38:30.739 D/MtkOmxVenc(  493): [0xb0b7f000] AVC EncTime=16296 (us), RGB_2_YUV=0, FrameCount= 18115, buf timestamp=11931052 (11931052791) IsKey(0), Size(561)  Slotbitcount(101152) : in VA=0xB0B48620, offset=0x00000000, len=12, flags=0x00000010 : out VA=0xAACC1000, offset=0x00000000sec:0x0, 0x0, pending=2
08-10 14:38:30.752 D/MtkOmxVenc(  493): [0xb0b7f000] ret 0, wait fence 111 took 11821 us
08-10 14:38:30.757 D/MtkOmxVenc(  493): [0xb0b7f000] AVC EncTime=17208 (us), RGB_2_YUV=0, FrameCount= 18116, buf timestamp=11931069 (11931069042) IsKey(0), Size(422)  Slotbitcount(104528) : in VA=0xB0B48660, offset=0x00000000, len=12, flags=0x00000010 : out VA=0xAA9C1000, offset=0x00000000sec:0x0, 0x0, pending=2
08-10 14:38:30.769 D/MtkOmxVenc(  493): [0xb0b7f000] ret 0, wait fence 111 took 12045 us
08-10 14:38:30.771 D/NetworkController.MobileSignalController(3)(  992): getMobileIconGroup(): 13
08-10 14:38:30.775 D/MtkOmxVenc(  493): [0xb0b7f000] AVC EncTime=17077 (us), RGB_2_YUV=0, FrameCount= 18117, buf timestamp=11931086 (11931086473) IsKey(0), Size(578)  Slotbitcount(109152) : in VA=0xB0B486A0, offset=0x00000000, len=12, flags=0x00000010 : out VA=0xAA6C1000, offset=0x00000000sec:0x0, 0x0, pending=2
08-10 14:38:30.786 D/MtkOmxVenc(  493): [0xb0b7f000] ret 0, wait fence 111 took 10562 us
08-10 14:38:30.790 D/MtkOmxVenc(  493): [0xb0b7f000] AVC EncTime=15124 (us), RGB_2_YUV=0, FrameCount= 18118, buf timestamp=11931103 (11931103329) IsKey(0), Size(561)  Slotbitcount(113640) : in VA=0xB0B486E0, offset=0x00000000, len=12, flags=0x00000010 : out VA=0xAA3C1000, offset=0x00000000sec:0x0, 0x0, pending=2
08-10 14:38:30.801 D/MtkOmxVenc(  493): [0xb0b7f000] ret 0, wait fence 111 took 10894 us
08-10 14:38:30.807 D/MtkOmxVenc(  493): [0xb0b7f000] AVC EncTime=15657 (us), RGB_2_YUV=0, FrameCount= 18119, buf timestamp=11931119 (11931119742) IsKey(0), Size(601)  Slotbitcount(118448) : in VA=0xB0B48720, offset=0x00000000, len=12, flags=0x00000010 : out VA=0xABD18000, offset=0x00000000sec:0x0, 0x0, pending=2
08-10 14:38:30.818 D/MtkOmxVenc(  493): [0xb0b7f000] ret 0, wait fence 111 took 11313 us
08-10 14:38:30.823 D/MtkOmxVenc(  493): [0xb0b7f000] AVC EncTime=15990 (us), RGB_2_YUV=0, FrameCount= 18120, buf timestamp=11931135 (11931135730) IsKey(0), Size(555)  Slotbitcount(122888) : in VA=0xB0B48460, offset=0x00000000, len=12, flags=0x00000010 : out VA=0xABA18000, offset=0x00000000sec:0x0, 0x0, pending=2
08-10 14:38:30.834 D/MtkOmxVenc(  493): [0xb0b7f000] ret 0, wait fence 111 took 10980 us
08-10 14:38:30.839 D/MtkOmxVenc(  493): [0xb0b7f000] AVC EncTime=15934 (us), RGB_2_YUV=0, FrameCount= 18121, buf timestamp=11931152 (11931152944) IsKey(0), Size(556)  Slotbitcount(127336) : in VA=0xB0B484A0, offset=0x00000000, len=12, flags=0x00000010 : out VA=0xAB718000, offset=0x00000000sec:0x0, 0x0, pending=1
08-10 14:38:30.852 D/MtkOmxVenc(  493): [0xb0b7f000] ret 0, wait fence 111 took 10922 us
08-10 14:38:30.856 D/MtkOmxVenc(  493): [0xb0b7f000] AVC EncTime=15455 (us), RGB_2_YUV=0, FrameCount= 18122, buf timestamp=11931169 (11931169903) IsKey(0), Size(600)  Slotbitcount(132136) : in VA=0xB0B484E0, offset=0x00000000, len=12, flags=0x00000010 : out VA=0xAB142000, offset=0x00000000sec:0x0, 0x0, pending=1
08-10 14:38:30.870 D/NetworkController.MobileSignalController(4)(  992): getMobileIconGroup(): 13
08-10 14:38:30.879 D/MtkOmxVenc(  493): [0xb0b7f000] AVC EncTime=13695 (us), RGB_2_YUV=0, FrameCount= 18123, buf timestamp=11931186 (11931186177) IsKey(0), Size(570)  Slotbitcount(136696) : in VA=0xB0B48520, offset=0x00000000, len=12, flags=0x00000010 : out VA=0xAACC1000, offset=0x00000000sec:0x0, 0x0, pending=2
08-10 14:38:30.889 D/MtkOmxVenc(  493): [0xb0b7f000] AVC EncTime=10216 (us), RGB_2_YUV=0, FrameCount= 18124, buf timestamp=11931203 (11931203012) IsKey(0), Size(544)  Slotbitcount(141048) : in VA=0xB0B48560, offset=0x00000000, len=12, flags=0x00000010 : out VA=0xAA9C1000, offset=0x00000000sec:0x0, 0x0, pending=1
08-10 14:38:30.902 D/MtkOmxVenc(  493): [0xb0b7f000] ret 0, wait fence 111 took 10952 us
08-10 14:38:30.906 D/MtkOmxVenc(  493): [0xb0b7f000] AVC EncTime=15203 (us), RGB_2_YUV=0, FrameCount= 18125, buf timestamp=11931219 (11931219822) IsKey(0), Size(600)  Slotbitcount(145848) : in VA=0xB0B485A0, offset=0x00000000, len=12, flags=0x00000010 : out VA=0xAA6C1000, offset=0x00000000sec:0x0, 0x0, pending=2
08-10 14:38:30.918 D/MtkOmxVenc(  493): [0xb0b7f000] ret 0, wait fence 111 took 11448 us
08-10 14:38:30.922 D/MtkOmxVenc(  493): [0xb0b7f000] AVC EncTime=15869 (us), RGB_2_YUV=0, FrameCount= 18126, buf timestamp=11931235 (11931235448) IsKey(0), Size(584)  Slotbitcount(150520) : in VA=0xB0B485E0, offset=0x00000000, len=12, flags=0x00000010 : out VA=0xAA3C1000, offset=0x00000000sec:0x0, 0x0, pending=1
08-10 14:38:30.935 D/MtkOmxVenc(  493): [0xb0b7f000] ret 0, wait fence 111 took 11301 us
08-10 14:38:30.939 D/MtkOmxVenc(  493): [0xb0b7f000] AVC EncTime=15910 (us), RGB_2_YUV=0, FrameCount= 18127, buf timestamp=11931252 (11931252403) IsKey(0), Size(586)  Slotbitcount(155208) : in VA=0xB0B48620, offset=0x00000000, len=12, flags=0x00000010 : out VA=0xABD18000, offset=0x00000000sec:0x0, 0x0, pending=1
08-10 14:38:30.954 D/MtkOmxVenc(  493): [0xb0b7f000] ret 0, wait fence 111 took 13509 us
08-10 14:38:30.959 D/MtkOmxVenc(  493): [0xb0b7f000] AVC EncTime=18056 (us), RGB_2_YUV=0, FrameCount= 18128, buf timestamp=11931269 (11931269603) IsKey(0), Size(592)  Slotbitcount(159944) : in VA=0xB0B48660, offset=0x00000000, len=12, flags=0x00000010 : out VA=0xABA18000, offset=0x00000000sec:0x0, 0x0, pending=2
08-10 14:38:30.972 I/hwcomposer(  435): [HWCDisplay] [Display_2 (type:2)] fps:33.995132,dur:1000.14,max:450.00,min:15.78  
08-10 14:38:30.972 D/MtkOmxVenc(  493): [0xb0b7f000] AVC EncTime=13285 (us), RGB_2_YUV=0, FrameCount= 18129, buf timestamp=11931286 (11931286013) IsKey(0), Size(575)  Slotbitcount(164544) : in VA=0xB0B486A0, offset=0x00000000, len=12, flags=0x00000010 : out VA=0xAB718000, offset=0x00000000sec:0x0, 0x0, pending=1
08-10 14:38:30.975 I/hwcomposer(  435): [HWCDisplay] [Display_0 (type:1)] fps:33.985413,dur:1000.43,max:450.24,min:14.90  
08-10 14:38:30.984 D/MtkOmxVenc(  493): [0xb0b7f000] ret 0, wait fence 111 took 10230 us
08-10 14:38:30.989 D/MtkOmxVenc(  493): [0xb0b7f000] AVC EncTime=14643 (us), RGB_2_YUV=0, FrameCount= 18130, buf timestamp=11931303 (11931303171) IsKey(0), Size(511)  Slotbitcount(4088) : in VA=0xB0B486E0, offset=0x00000000, len=12, flags=0x00000010 : out VA=0xAB142000, offset=0x00000000sec:0x0, 0x0, pending=1
08-10 14:38:31.001 D/MtkOmxVenc(  493): [0xb0b7f000] ret 0, wait fence 111 took 12180 us
08-10 14:38:31.006 D/MtkOmxVenc(  493): [0xb0b7f000] AVC EncTime=16868 (us), RGB_2_YUV=0, FrameCount= 18131, buf timestamp=11931319 (11931319024) IsKey(0), Size(573)  Slotbitcount(8672) : in VA=0xB0B48720, offset=0x00000000, len=12, flags=0x00000010 : out VA=0xAACC1000, offset=0x00000000sec:0x0, 0x0, pending=1
08-10 14:38:31.018 D/MtkOmxVenc(  493): [0xb0b7f000] ret 0, wait fence 111 took 10252 us
08-10 14:38:31.022 D/MtkOmxVenc(  493): [0xb0b7f000] AVC EncTime=14681 (us), RGB_2_YUV=0, FrameCount= 18132, buf timestamp=11931336 (11931336239) IsKey(0), Size(522)  Slotbitcount(12848) : in VA=0xB0B48460, offset=0x00000000, len=12, flags=0x00000010 : out VA=0xAA9C1000, offset=0x00000000sec:0x0, 0x0, pending=1
08-10 14:38:31.034 D/MtkOmxVenc(  493): [0xb0b7f000] ret 0, wait fence 111 took 11803 us
08-10 14:38:31.039 D/MtkOmxVenc(  493): [0xb0b7f000] AVC EncTime=16578 (us), RGB_2_YUV=0, FrameCount= 18133, buf timestamp=11931352 (11931352328) IsKey(0), Size(580)  Slotbitcount(17488) : in VA=0xB0B484A0, offset=0x00000000, len=12, flags=0x00000010 : out VA=0xAA6C1000, offset=0x00000000sec:0x0, 0x0, pending=2
08-10 14:38:31.051 D/MtkOmxVenc(  493): [0xb0b7f000] ret 0, wait fence 111 took 11802 us
08-10 14:38:31.056 D/MtkOmxVenc(  493): [0xb0b7f000] AVC EncTime=16930 (us), RGB_2_YUV=0, FrameCount= 18134, buf timestamp=11931369 (11931369003) IsKey(0), Size(559)  Slotbitcount(21960) : in VA=0xB0B484E0, offset=0x00000000, len=12, flags=0x00000010 : out VA=0xAA3C1000, offset=0x00000000sec:0x0, 0x0, pending=2
08-10 14:38:31.068 D/MtkOmxVenc(  493): [0xb0b7f000] ret 0, wait fence 111 took 10816 us
08-10 14:38:31.072 D/MtkOmxVenc(  493): [0xb0b7f000] AVC EncTime=15357 (us), RGB_2_YUV=0, FrameCount= 18135, buf timestamp=11931386 (11931386525) IsKey(0), Size(519)  Slotbitcount(26112) : in VA=0xB0B48520, offset=0x00000000, len=12, flags=0x00000010 : out VA=0xABD18000, offset=0x00000000sec:0x0, 0x0, pending=1
08-10 14:38:31.085 D/MtkOmxVenc(  493): [0xb0b7f000] ret 0, wait fence 111 took 10633 us
08-10 14:38:31.089 D/MtkOmxVenc(  493): [0xb0b7f000] AVC EncTime=15309 (us), RGB_2_YUV=0, FrameCount= 18136, buf timestamp=11931402 (11931402868) IsKey(0), Size(561)  Slotbitcount(30600) : in VA=0xB0B48560, offset=0x00000000, len=12, flags=0x00000010 : out VA=0xABA18000, offset=0x00000000sec:0x0, 0x0, pending=2
08-10 14:38:31.101 D/MtkOmxVenc(  493): [0xb0b7f000] ret 0, wait fence 111 took 11270 us
08-10 14:38:31.106 D/MtkOmxVenc(  493): [0xb0b7f000] AVC EncTime=15778 (us), RGB_2_YUV=0, FrameCount= 18137, buf timestamp=11931419 (11931419129) IsKey(0), Size(532)  Slotbitcount(34856) : in VA=0xB0B485A0, offset=0x00000000, len=12, flags=0x00000010 : out VA=0xAB718000, offset=0x00000000sec:0x0, 0x0, pending=1
08-10 14:38:31.118 D/MtkOmxVenc(  493): [0xb0b7f000] ret 0, wait fence 111 took 11594 us
08-10 14:38:31.122 D/MtkOmxVenc(  493): [0xb0b7f000] AVC EncTime=16431 (us), RGB_2_YUV=0, FrameCount= 18138, buf timestamp=11931436 (11931436107) IsKey(0), Size(544)  Slotbitcount(39208) : in VA=0xB0B485E0, offset=0x00000000, len=12, flags=0x00000010 : out VA=0xAB142000, offset=0x00000000sec:0x0, 0x0, pending=1
08-10 14:38:31.135 D/MtkOmxVenc(  493): [0xb0b7f000] ret 0, wait fence 111 took 12119 us
08-10 14:38:31.140 D/MtkOmxVenc(  493): [0xb0b7f000] AVC EncTime=16753 (us), RGB_2_YUV=0, FrameCount= 18139, buf timestamp=11931453 (11931453041) IsKey(0), Size(531)  Slotbitcount(43456) : in VA=0xB0B48620, offset=0x00000000, len=12, flags=0x00000010 : out VA=0xAACC1000, offset=0x00000000sec:0x0, 0x0, pending=2
08-10 14:38:31.151 D/MtkOmxVenc(  493): [0xb0b7f000] ret 0, wait fence 111 took 10384 us
08-10 14:38:31.155 D/MtkOmxVenc(  493): [0xb0b7f000] AVC EncTime=14770 (us), RGB_2_YUV=0, FrameCount= 18140, buf timestamp=11931469 (11931469602) IsKey(0), Size(554)  Slotbitcount(47888) : in VA=0xB0B48660, offset=0x00000000, len=12, flags=0x00000010 : out VA=0xAA9C1000, offset=0x00000000sec:0x0, 0x0, pending=2
08-10 14:38:31.168 D/MtkOmxVenc(  493): [0xb0b7f000] ret 0, wait fence 111 took 12064 us
08-10 14:38:31.173 D/MtkOmxVenc(  493): [0xb0b7f000] AVC EncTime=16666 (us), RGB_2_YUV=0, FrameCount= 18141, buf timestamp=11931485 (11931485559) IsKey(0), Size(530)  Slotbitcount(52128) : in VA=0xB0B486A0, offset=0x00000000, len=12, flags=0x00000010 : out VA=0xAA6C1000, offset=0x00000000sec:0x0, 0x0, pending=1
08-10 14:38:31.184 D/MtkOmxVenc(  493): [0xb0b7f000] ret 0, wait fence 111 took 10704 us
08-10 14:38:31.189 D/MtkOmxVenc(  493): [0xb0b7f000] AVC EncTime=15426 (us), RGB_2_YUV=0, FrameCount= 18142, buf timestamp=11931502 (11931502994) IsKey(0), Size(503)  Slotbitcount(56152) : in VA=0xB0B486E0, offset=0x00000000, len=12, flags=0x00000010 : out VA=0xAA3C1000, offset=0x00000000sec:0x0, 0x0, pending=1
08-10 14:38:31.201 D/MtkOmxVenc(  493): [0xb0b7f000] ret 0, wait fence 111 took 10591 us
08-10 14:38:31.206 D/MtkOmxVenc(  493): [0xb0b7f000] AVC EncTime=15488 (us), RGB_2_YUV=0, FrameCount= 18143, buf timestamp=11931519 (11931519876) IsKey(0), Size(498)  Slotbitcount(60136) : in VA=0xB0B48720, offset=0x00000000, len=12, flags=0x00000010 : out VA=0xABD18000, offset=0x00000000sec:0x0, 0x0, pending=1
08-10 14:38:31.218 D/MtkOmxVenc(  493): [0xb0b7f000] ret 0, wait fence 111 took 11549 us
08-10 14:38:31.222 D/MtkOmxVenc(  493): [0xb0b7f000] AVC EncTime=16128 (us), RGB_2_YUV=0, FrameCount= 18144, buf timestamp=11931536 (11931536187) IsKey(0), Size(537)  Slotbitcount(64432) : in VA=0xB0B48460, offset=0x00000000, len=12, flags=0x00000010 : out VA=0xABA18000, offset=0x00000000sec:0x0, 0x0, pending=1
08-10 14:38:31.235 D/MtkOmxVenc(  493): [0xb0b7f000] ret 0, wait fence 111 took 11799 us
08-10 14:38:31.239 D/MtkOmxVenc(  493): [0xb0b7f000] AVC EncTime=16509 (us), RGB_2_YUV=0, FrameCount= 18145, buf timestamp=11931552 (11931552821) IsKey(0), Size(510)  Slotbitcount(68512) : in VA=0xB0B484A0, offset=0x00000000, len=12, flags=0x00000010 : out VA=0xAB718000, offset=0x00000000sec:0x0, 0x0, pending=1
08-10 14:38:31.252 D/MtkOmxVenc(  493): [0xb0b7f000] ret 0, wait fence 111 took 11369 us
08-10 14:38:31.256 D/MtkOmxVenc(  493): [0xb0b7f000] AVC EncTime=15751 (us), RGB_2_YUV=0, FrameCount= 18146, buf timestamp=11931569 (11931569737) IsKey(0), Size(512)  Slotbitcount(72608) : in VA=0xB0B484E0, offset=0x00000000, len=12, flags=0x00000010 : out VA=0xAB142000, offset=0x00000000sec:0x0, 0x0, pending=2
08-10 14:38:31.268 D/MtkOmxVenc(  493): [0xb0b7f000] ret 0, wait fence 111 took 11287 us
08-10 14:38:31.272 D/MtkOmxVenc(  493): [0xb0b7f000] AVC EncTime=15871 (us), RGB_2_YUV=0, FrameCount= 18147, buf timestamp=11931585 (11931585948) IsKey(0), Size(515)  Slotbitcount(76728) : in VA=0xB0B48520, offset=0x00000000, len=12, flags=0x00000010 : out VA=0xAACC1000, offset=0x00000000sec:0x0, 0x0, pending=1
08-10 14:38:31.284 D/MtkOmxVenc(  493): [0xb0b7f000] ret 0, wait fence 111 took 10392 us
08-10 14:38:31.291 D/MtkOmxVenc(  493): [0xb0b7f000] AVC EncTime=17457 (us), RGB_2_YUV=0, FrameCount= 18148, buf timestamp=11931602 (11931602910) IsKey(0), Size(505)  Slotbitcount(80768) : in VA=0xB0B48560, offset=0x00000000, len=12, flags=0x00000010 : out VA=0xAA9C1000, offset=0x00000000sec:0x0, 0x0, pending=2
08-10 14:38:31.305 D/MtkOmxVenc(  493): [0xb0b7f000] AVC EncTime=12901 (us), RGB_2_YUV=0, FrameCount= 18149, buf timestamp=11931619 (11931619658) IsKey(0), Size(481)  Slotbitcount(84616) : in VA=0xB0B485A0, offset=0x00000000, len=12, flags=0x00000010 : out VA=0xAA6C1000, offset=0x00000000sec:0x0, 0x0, pending=1
08-10 14:38:31.318 D/MtkOmxVenc(  493): [0xb0b7f000] ret 0, wait fence 111 took 10831 us
08-10 14:38:31.322 D/MtkOmxVenc(  493): [0xb0b7f000] AVC EncTime=15431 (us), RGB_2_YUV=0, FrameCount= 18150, buf timestamp=11931635 (11931635989) IsKey(0), Size(463)  Slotbitcount(88320) : in VA=0xB0B485E0, offset=0x00000000, len=12, flags=0x00000010 : out VA=0xAA3C1000, offset=0x00000000sec:0x0, 0x0, pending=1
08-10 14:38:31.335 D/MtkOmxVenc(  493): [0xb0b7f000] ret 0, wait fence 111 took 11684 us
08-10 14:38:31.339 D/MtkOmxVenc(  493): [0xb0b7f000] AVC EncTime=16277 (us), RGB_2_YUV=0, FrameCount= 18151, buf timestamp=11931652 (11931652943) IsKey(0), Size(507)  Slotbitcount(92376) : in VA=0xB0B48620, offset=0x00000000, len=12, flags=0x00000010 : out VA=0xABD18000, offset=0x00000000sec:0x0, 0x0, pending=2
08-10 14:38:31.351 D/MtkOmxVenc(  493): [0xb0b7f000] ret 0, wait fence 111 took 11675 us
08-10 14:38:31.356 D/MtkOmxVenc(  493): [0xb0b7f000] AVC EncTime=16125 (us), RGB_2_YUV=0, FrameCount= 18152, buf timestamp=11931669 (11931669166) IsKey(0), Size(467)  Slotbitcount(96112) : in VA=0xB0B48660, offset=0x00000000, len=12, flags=0x00000010 : out VA=0xABA18000, offset=0x00000000sec:0x0, 0x0, pending=1
08-10 14:38:31.374 D/MtkOmxVenc(  493): [0xb0b7f000] AVC EncTime=15298 (us), RGB_2_YUV=0, FrameCount= 18153, buf timestamp=11931686 (11931686049) IsKey(0), Size(490)  Slotbitcount(100032) : in VA=0xB0B486A0, offset=0x00000000, len=12, flags=0x00000010 : out VA=0xAB718000, offset=0x00000000sec:0x0, 0x0, pending=2
08-10 14:38:31.389 D/MtkOmxVenc(  493): [0xb0b7f000] AVC EncTime=14916 (us), RGB_2_YUV=0, FrameCount= 18154, buf timestamp=11931702 (11931702926) IsKey(0), Size(485)  Slotbitcount(103912) : in VA=0xB0B486E0, offset=0x00000000, len=12, flags=0x00000010 : out VA=0xAB142000, offset=0x00000000sec:0x0, 0x0, pending=2
08-10 14:38:31.401 D/MtkOmxVenc(  493): [0xb0b7f000] ret 0, wait fence 111 took 11471 us
08-10 14:38:31.406 D/MtkOmxVenc(  493): [0xb0b7f000] AVC EncTime=16256 (us), RGB_2_YUV=0, FrameCount= 18155, buf timestamp=11931718 (11931718693) IsKey(0), Size(432)  Slotbitcount(107368) : in VA=0xB0B48720, offset=0x00000000, len=12, flags=0x00000010 : out VA=0xAACC1000, offset=0x00000000sec:0x0, 0x0, pending=2
08-10 14:38:31.417 D/MtkOmxVenc(  493): [0xb0b7f000] ret 0, wait fence 111 took 10429 us
08-10 14:38:31.422 D/MtkOmxVenc(  493): [0xb0b7f000] AVC EncTime=14977 (us), RGB_2_YUV=0, FrameCount= 18156, buf timestamp=11931735 (11931735875) IsKey(0), Size(512)  Slotbitcount(111464) : in VA=0xB0B48460, offset=0x00000000, len=12, flags=0x00000010 : out VA=0xAA9C1000, offset=0x00000000sec:0x0, 0x0, pending=2
08-10 14:38:31.434 D/MtkOmxVenc(  493): [0xb0b7f000] ret 0, wait fence 111 took 11915 us
08-10 14:38:31.439 D/MtkOmxVenc(  493): [0xb0b7f000] AVC EncTime=16692 (us), RGB_2_YUV=0, FrameCount= 18157, buf timestamp=11931752 (11931752006) IsKey(0), Size(399)  Slotbitcount(114656) : in VA=0xB0B484A0, offset=0x00000000, len=12, flags=0x00000010 : out VA=0xAA6C1000, offset=0x00000000sec:0x0, 0x0, pending=1
08-10 14:38:31.451 D/MtkOmxVenc(  493): [0xb0b7f000] ret 0, wait fence 111 took 10178 us
08-10 14:38:31.460 D/MtkOmxVenc(  493): [0xb0b7f000] AVC EncTime=19794 (us), RGB_2_YUV=0, FrameCount= 18158, buf timestamp=11931769 (11931769585) IsKey(0), Size(430)  Slotbitcount(118096) : in VA=0xB0B484E0, offset=0x00000000, len=12, flags=0x00000010 : out VA=0xAA3C1000, offset=0x00000000sec:0x0, 0x0, pending=2
08-10 14:38:31.477 D/MtkOmxVenc(  493): [0xb0b7f000] AVC EncTime=15546 (us), RGB_2_YUV=0, FrameCount= 18159, buf timestamp=11931786 (11931786415) IsKey(0), Size(369)  Slotbitcount(121048) : in VA=0xB0B48520, offset=0x00000000, len=12, flags=0x00000010 : out VA=0xABD18000, offset=0x00000000sec:0x0, 0x0, pending=2
08-10 14:38:31.489 D/MtkOmxVenc(  493): [0xb0b7f000] AVC EncTime=12339 (us), RGB_2_YUV=0, FrameCount= 18160, buf timestamp=11931802 (11931802472) IsKey(0), Size(369)  Slotbitcount(124000) : in VA=0xB0B48560, offset=0x00000000, len=12, flags=0x00000010 : out VA=0xABA18000, offset=0x00000000sec:0x0, 0x0, pending=1
08-10 14:38:31.501 D/MtkOmxVenc(  493): [0xb0b7f000] ret 0, wait fence 111 took 10479 us
08-10 14:38:31.506 D/MtkOmxVenc(  493): [0xb0b7f000] AVC EncTime=15265 (us), RGB_2_YUV=0, FrameCount= 18161, buf timestamp=11931819 (11931819681) IsKey(0), Size(369)  Slotbitcount(126952) : in VA=0xB0B485A0, offset=0x00000000, len=12, flags=0x00000010 : out VA=0xAB718000, offset=0x00000000sec:0x0, 0x0, pending=1
08-10 14:38:31.518 D/MtkOmxVenc(  493): [0xb0b7f000] ret 0, wait fence 111 took 10597 us
08-10 14:38:31.522 D/MtkOmxVenc(  493): [0xb0b7f000] AVC EncTime=15211 (us), RGB_2_YUV=0, FrameCount= 18162, buf timestamp=11931836 (11931836185) IsKey(0), Size(369)  Slotbitcount(129904) : in VA=0xB0B485E0, offset=0x00000000, len=12, flags=0x00000010 : out VA=0xAB142000, offset=0x00000000sec:0x0, 0x0, pending=1
08-10 14:38:31.534 D/MtkOmxVenc(  493): [0xb0b7f000] ret 0, wait fence 111 took 10279 us
08-10 14:38:31.539 D/MtkOmxVenc(  493): [0xb0b7f000] AVC EncTime=15554 (us), RGB_2_YUV=0, FrameCount= 18163, buf timestamp=11931852 (11931852887) IsKey(0), Size(369)  Slotbitcount(132856) : in VA=0xB0B48620, offset=0x00000000, len=12, flags=0x00000010 : out VA=0xAACC1000, offset=0x00000000sec:0x0, 0x0, pending=2
08-10 14:38:31.551 D/MtkOmxVenc(  493): [0xb0b7f000] ret 0, wait fence 111 took 11122 us
08-10 14:38:31.556 D/MtkOmxVenc(  493): [0xb0b7f000] AVC EncTime=15944 (us), RGB_2_YUV=0, FrameCount= 18164, buf timestamp=11931869 (11931869294) IsKey(0), Size(369)  Slotbitcount(135808) : in VA=0xB0B48660, offset=0x00000000, len=12, flags=0x00000010 : out VA=0xAA9C1000, offset=0x00000000sec:0x0, 0x0, pending=1
08-10 14:38:31.568 D/MtkOmxVenc(  493): [0xb0b7f000] ret 0, wait fence 111 took 10473 us
08-10 14:38:31.577 D/MtkOmxVenc(  493): [0xb0b7f000] AVC EncTime=19321 (us), RGB_2_YUV=0, FrameCount= 18165, buf timestamp=11931886 (11931886308) IsKey(0), Size(369)  Slotbitcount(138760) : in VA=0xB0B486A0, offset=0x00000000, len=12, flags=0x00000010 : out VA=0xAA6C1000, offset=0x00000000sec:0x0, 0x0, pending=2
08-10 14:38:31.591 D/MtkOmxVenc(  493): [0xb0b7f000] AVC EncTime=14259 (us), RGB_2_YUV=0, FrameCount= 18166, buf timestamp=11931902 (11931902762) IsKey(0), Size(369)  Slotbitcount(141712) : in VA=0xB0B486E0, offset=0x00000000, len=12, flags=0x00000010 : out VA=0xAA3C1000, offset=0x00000000sec:0x0, 0x0, pending=2
08-10 14:38:31.606 D/MtkOmxVenc(  493): [0xb0b7f000] AVC EncTime=13510 (us), RGB_2_YUV=0, FrameCount= 18167, buf timestamp=11931919 (11931919530) IsKey(0), Size(369)  Slotbitcount(144664) : in VA=0xB0B48720, offset=0x00000000, len=12, flags=0x00000010 : out VA=0xABD18000, offset=0x00000000sec:0x0, 0x0, pending=1
08-10 14:38:31.618 D/MtkOmxVenc(  493): [0xb0b7f000] ret 0, wait fence 111 took 10640 us
08-10 14:38:31.622 D/MtkOmxVenc(  493): [0xb0b7f000] AVC EncTime=15145 (us), RGB_2_YUV=0, FrameCount= 18168, buf timestamp=11931936 (11931936238) IsKey(0), Size(369)  Slotbitcount(147616) : in VA=0xB0B48460, offset=0x00000000, len=12, flags=0x00000010 : out VA=0xABA18000, offset=0x00000000sec:0x0, 0x0, pending=1
08-10 14:38:31.634 D/MtkOmxVenc(  493): [0xb0b7f000] ret 0, wait fence 111 took 11423 us
08-10 14:38:31.639 D/MtkOmxVenc(  493): [0xb0b7f000] AVC EncTime=15944 (us), RGB_2_YUV=0, FrameCount= 18169, buf timestamp=11931952 (11931952479) IsKey(0), Size(369)  Slotbitcount(150568) : in VA=0xB0B484A0, offset=0x00000000, len=12, flags=0x00000010 : out VA=0xAB718000, offset=0x00000000sec:0x0, 0x0, pending=1
08-10 14:38:31.651 D/MtkOmxVenc(  493): [0xb0b7f000] ret 0, wait fence 111 took 11360 us
08-10 14:38:31.659 D/MtkOmxVenc(  493): [0xb0b7f000] AVC EncTime=19663 (us), RGB_2_YUV=0, FrameCount= 18170, buf timestamp=11931969 (11931969273) IsKey(0), Size(369)  Slotbitcount(153520) : in VA=0xB0B484E0, offset=0x00000000, len=12, flags=0x00000010 : out VA=0xAB142000, offset=0x00000000sec:0x0, 0x0, pending=2
08-10 14:38:31.672 D/MtkOmxVenc(  493): [0xb0b7f000] AVC EncTime=12981 (us), RGB_2_YUV=0, FrameCount= 18171, buf timestamp=11931986 (11931986018) IsKey(0), Size(369)  Slotbitcount(156472) : in VA=0xB0B48520, offset=0x00000000, len=12, flags=0x00000010 : out VA=0xAACC1000, offset=0x00000000sec:0x0, 0x0, pending=1
08-10 14:38:31.685 D/MtkOmxVenc(  493): [0xb0b7f000] ret 0, wait fence 111 took 11802 us
08-10 14:38:31.689 D/MtkOmxVenc(  493): [0xb0b7f000] AVC EncTime=16531 (us), RGB_2_YUV=0, FrameCount= 18172, buf timestamp=11932002 (11932002635) IsKey(0), Size(369)  Slotbitcount(159424) : in VA=0xB0B48560, offset=0x00000000, len=12, flags=0x00000010 : out VA=0xAA9C1000, offset=0x00000000sec:0x0, 0x0, pending=2
08-10 14:38:31.701 D/MtkOmxVenc(  493): [0xb0b7f000] ret 0, wait fence 111 took 10799 us
08-10 14:38:31.709 D/MtkOmxVenc(  493): [0xb0b7f000] AVC EncTime=18529 (us), RGB_2_YUV=0, FrameCount= 18173, buf timestamp=11932019 (11932019193) IsKey(0), Size(369)  Slotbitcount(162376) : in VA=0xB0B485A0, offset=0x00000000, len=12, flags=0x00000010 : out VA=0xAA6C1000, offset=0x00000000sec:0x0, 0x0, pending=2
08-10 14:38:31.723 D/MtkOmxVenc(  493): [0xb0b7f000] AVC EncTime=13037 (us), RGB_2_YUV=0, FrameCount= 18174, buf timestamp=11932036 (11932036241) IsKey(0), Size(369)  Slotbitcount(165328) : in VA=0xB0B485E0, offset=0x00000000, len=12, flags=0x00000010 : out VA=0xAA3C1000, offset=0x00000000sec:0x0, 0x0, pending=1
08-10 14:38:31.734 D/MtkOmxVenc(  493): [0xb0b7f000] ret 0, wait fence 111 took 11069 us
08-10 14:38:31.738 D/MtkOmxVenc(  493): [0xb0b7f000] AVC EncTime=15521 (us), RGB_2_YUV=0, FrameCount= 18175, buf timestamp=11932052 (11932052694) IsKey(0), Size(369)  Slotbitcount(168280) : in VA=0xB0B48620, offset=0x00000000, len=12, flags=0x00000010 : out VA=0xABD18000, offset=0x00000000sec:0x0, 0x0, pending=1
08-10 14:38:31.751 D/MtkOmxVenc(  493): [0xb0b7f000] ret 0, wait fence 111 took 11934 us
08-10 14:38:31.755 D/MtkOmxVenc(  493): [0xb0b7f000] AVC EncTime=16578 (us), RGB_2_YUV=0, FrameCount= 18176, buf timestamp=11932069 (11932069063) IsKey(0), Size(369)  Slotbitcount(171232) : in VA=0xB0B48660, offset=0x00000000, len=12, flags=0x00000010 : out VA=0xABA18000, offset=0x00000000sec:0x0, 0x0, pending=1
08-10 14:38:31.768 D/MtkOmxVenc(  493): [0xb0b7f000] ret 0, wait fence 111 took 10514 us
08-10 14:38:31.773 D/MtkOmxVenc(  493): [0xb0b7f000] AVC EncTime=15418 (us), RGB_2_YUV=0, FrameCount= 18177, buf timestamp=11932086 (11932086179) IsKey(0), Size(369)  Slotbitcount(174184) : in VA=0xB0B486A0, offset=0x00000000, len=12, flags=0x00000010 : out VA=0xAB718000, offset=0x00000000sec:0x0, 0x0, pending=2
08-10 14:38:31.784 D/MtkOmxVenc(  493): [0xb0b7f000] ret 0, wait fence 111 took 10709 us
08-10 14:38:31.790 D/MtkOmxVenc(  493): [0xb0b7f000] AVC EncTime=16153 (us), RGB_2_YUV=0, FrameCount= 18178, buf timestamp=11932102 (11932102686) IsKey(0), Size(369)  Slotbitcount(177136) : in VA=0xB0B486E0, offset=0x00000000, len=12, flags=0x00000010 : out VA=0xAB142000, offset=0x00000000sec:0x0, 0x0, pending=2
08-10 14:38:31.801 D/MtkOmxVenc(  493): [0xb0b7f000] ret 0, wait fence 111 took 11032 us
08-10 14:38:31.810 D/MtkOmxVenc(  493): [0xb0b7f000] AVC EncTime=19862 (us), RGB_2_YUV=0, FrameCount= 18179, buf timestamp=11932119 (11932119512) IsKey(0), Size(369)  Slotbitcount(180088) : in VA=0xB0B48720, offset=0x00000000, len=12, flags=0x00000010 : out VA=0xAACC1000, offset=0x00000000sec:0x0, 0x0, pending=2
08-10 14:38:31.823 D/MtkOmxVenc(  493): [0xb0b7f000] AVC EncTime=12719 (us), RGB_2_YUV=0, FrameCount= 18180, buf timestamp=11932135 (11932135718) IsKey(0), Size(369)  Slotbitcount(183040) : in VA=0xB0B48460, offset=0x00000000, len=12, flags=0x00000010 : out VA=0xAA9C1000, offset=0x00000000sec:0x0, 0x0, pending=2
08-10 14:38:31.834 D/MtkOmxVenc(  493): [0xb0b7f000] ret 0, wait fence 111 took 11540 us
08-10 14:38:31.839 D/MtkOmxVenc(  493): [0xb0b7f000] AVC EncTime=16089 (us), RGB_2_YUV=0, FrameCount= 18181, buf timestamp=11932151 (11932151616) IsKey(0), Size(369)  Slotbitcount(185992) : in VA=0xB0B484A0, offset=0x00000000, len=12, flags=0x00000010 : out VA=0xAA6C1000, offset=0x00000000sec:0x0, 0x0, pending=2
08-10 14:38:31.851 D/MtkOmxVenc(  493): [0xb0b7f000] ret 0, wait fence 111 took 11249 us
08-10 14:38:31.856 D/MtkOmxVenc(  493): [0xb0b7f000] AVC EncTime=15920 (us), RGB_2_YUV=0, FrameCount= 18182, buf timestamp=11932168 (11932168438) IsKey(0), Size(369)  Slotbitcount(188944) : in VA=0xB0B484E0, offset=0x00000000, len=12, flags=0x00000010 : out VA=0xAA3C1000, offset=0x00000000sec:0x0, 0x0, pending=2
08-10 14:38:31.868 D/MtkOmxVenc(  493): [0xb0b7f000] ret 0, wait fence 111 took 11674 us
08-10 14:38:31.873 D/MtkOmxVenc(  493): [0xb0b7f000] AVC EncTime=16917 (us), RGB_2_YUV=0, FrameCount= 18183, buf timestamp=11932185 (11932185750) IsKey(0), Size(369)  Slotbitcount(191896) : in VA=0xB0B48520, offset=0x00000000, len=12, flags=0x00000010 : out VA=0xABD18000, offset=0x00000000sec:0x0, 0x0, pending=2
08-10 14:38:31.884 D/MtkOmxVenc(  493): [0xb0b7f000] ret 0, wait fence 111 took 10569 us
08-10 14:38:31.893 D/MtkOmxVenc(  493): [0xb0b7f000] AVC EncTime=19779 (us), RGB_2_YUV=0, FrameCount= 18184, buf timestamp=11932202 (11932202491) IsKey(0), Size(369)  Slotbitcount(194848) : in VA=0xB0B48560, offset=0x00000000, len=12, flags=0x00000010 : out VA=0xABA18000, offset=0x00000000sec:0x0, 0x0, pending=2
08-10 14:38:31.906 D/MtkOmxVenc(  493): [0xb0b7f000] AVC EncTime=11783 (us), RGB_2_YUV=0, FrameCount= 18185, buf timestamp=11932218 (11932218377) IsKey(0), Size(369)  Slotbitcount(197800) : in VA=0xB0B485A0, offset=0x00000000, len=12, flags=0x00000010 : out VA=0xAB718000, offset=0x00000000sec:0x0, 0x0, pending=1
08-10 14:38:31.918 D/MtkOmxVenc(  493): [0xb0b7f000] ret 0, wait fence 111 took 10732 us
08-10 14:38:31.922 D/MtkOmxVenc(  493): [0xb0b7f000] AVC EncTime=15412 (us), RGB_2_YUV=0, FrameCount= 18186, buf timestamp=11932235 (11932235713) IsKey(0), Size(369)  Slotbitcount(200752) : in VA=0xB0B485E0, offset=0x00000000, len=12, flags=0x00000010 : out VA=0xAB142000, offset=0x00000000sec:0x0, 0x0, pending=2
08-10 14:38:31.935 D/MtkOmxVenc(  493): [0xb0b7f000] ret 0, wait fence 111 took 11249 us
08-10 14:38:31.939 D/MtkOmxVenc(  493): [0xb0b7f000] AVC EncTime=15669 (us), RGB_2_YUV=0, FrameCount= 18187, buf timestamp=11932252 (11932252059) IsKey(0), Size(369)  Slotbitcount(203704) : in VA=0xB0B48620, offset=0x00000000, len=12, flags=0x00000010 : out VA=0xAACC1000, offset=0x00000000sec:0x0, 0x0, pending=2
08-10 14:38:31.951 D/MtkOmxVenc(  493): [0xb0b7f000] ret 0, wait fence 111 took 11835 us
08-10 14:38:31.956 D/MtkOmxVenc(  493): [0xb0b7f000] AVC EncTime=16391 (us), RGB_2_YUV=0, FrameCount= 18188, buf timestamp=11932268 (11932268729) IsKey(0), Size(369)  Slotbitcount(206656) : in VA=0xB0B48660, offset=0x00000000, len=12, flags=0x00000010 : out VA=0xAA9C1000, offset=0x00000000sec:0x0, 0x0, pending=1
08-10 14:38:31.968 D/MtkOmxVenc(  493): [0xb0b7f000] ret 0, wait fence 111 took 12264 us
08-10 14:38:31.973 D/MtkOmxVenc(  493): [0xb0b7f000] AVC EncTime=16690 (us), RGB_2_YUV=0, FrameCount= 18189, buf timestamp=11932285 (11932285914) IsKey(0), Size(369)  Slotbitcount(209608) : in VA=0xB0B486A0, offset=0x00000000, len=12, flags=0x00000010 : out VA=0xAA6C1000, offset=0x00000000sec:0x0, 0x0, pending=2
08-10 14:38:31.985 D/MtkOmxVenc(  493): [0xb0b7f000] ret 0, wait fence 111 took 11761 us
08-10 14:38:31.988 I/hwcomposer(  435): [HWCDisplay] [Display_2 (type:2)] fps:60.045795,dur:1015.89,max:17.57,min:15.77  
08-10 14:38:31.990 D/MtkOmxVenc(  493): [0xb0b7f000] AVC EncTime=16646 (us), RGB_2_YUV=0, FrameCount= 18190, buf timestamp=11932301 (11932301822) IsKey(0), Size(369)  Slotbitcount(212560) : in VA=0xB0B486E0, offset=0x00000000, len=12, flags=0x00000010 : out VA=0xAA3C1000, offset=0x00000000sec:0x0, 0x0, pending=2
08-10 14:38:31.990 I/hwcomposer(  435): [HWCDisplay] [Display_0 (type:1)] fps:60.055561,dur:1015.73,max:18.03,min:14.80  
08-10 14:38:32.001 D/MtkOmxVenc(  493): [0xb0b7f000] ret 0, wait fence 111 took 11210 us
08-10 14:38:32.010 D/MtkOmxVenc(  493): [0xb0b7f000] AVC EncTime=19892 (us), RGB_2_YUV=0, FrameCount= 18191, buf timestamp=11932319 (11932319090) IsKey(0), Size(369)  Slotbitcount(2952) : in VA=0xB0B48720, offset=0x00000000, len=12, flags=0x00000010 : out VA=0xABD18000, offset=0x00000000sec:0x0, 0x0, pending=2
08-10 14:38:32.022 D/MtkOmxVenc(  493): [0xb0b7f000] AVC EncTime=12344 (us), RGB_2_YUV=0, FrameCount= 18192, buf timestamp=11932335 (11932335453) IsKey(0), Size(369)  Slotbitcount(5904) : in VA=0xB0B48460, offset=0x00000000, len=12, flags=0x00000010 : out VA=0xABA18000, offset=0x00000000sec:0x0, 0x0, pending=2
08-10 14:38:32.036 D/MtkOmxVenc(  493): [0xb0b7f000] ret 0, wait fence 111 took 12805 us
08-10 14:38:32.042 D/MtkOmxVenc(  493): [0xb0b7f000] AVC EncTime=19308 (us), RGB_2_YUV=0, FrameCount= 18193, buf timestamp=11932351 (11932351643) IsKey(0), Size(369)  Slotbitcount(8856) : in VA=0xB0B484A0, offset=0x00000000, len=12, flags=0x00000010 : out VA=0xAB718000, offset=0x00000000sec:0x0, 0x0, pending=2
08-10 14:38:32.049 D/NetworkController.MobileSignalController(3)(  992): getMobileIconGroup(): 13
08-10 14:38:32.056 D/MtkOmxVenc(  493): [0xb0b7f000] AVC EncTime=12947 (us), RGB_2_YUV=0, FrameCount= 18194, buf timestamp=11932368 (11932368776) IsKey(0), Size(369)  Slotbitcount(11808) : in VA=0xB0B484E0, offset=0x00000000, len=12, flags=0x00000010 : out VA=0xAB142000, offset=0x00000000sec:0x0, 0x0, pending=2
08-10 14:38:32.068 D/MtkOmxVenc(  493): [0xb0b7f000] ret 0, wait fence 111 took 10798 us
08-10 14:38:32.072 D/MtkOmxVenc(  493): [0xb0b7f000] AVC EncTime=15503 (us), RGB_2_YUV=0, FrameCount= 18195, buf timestamp=11932385 (11932385638) IsKey(0), Size(369)  Slotbitcount(14760) : in VA=0xB0B48520, offset=0x00000000, len=12, flags=0x00000010 : out VA=0xAACC1000, offset=0x00000000sec:0x0, 0x0, pending=2
08-10 14:38:32.084 D/MtkOmxVenc(  493): [0xb0b7f000] ret 0, wait fence 111 took 11689 us
